--------- beginning of /dev/log/system
D/Genyd   (   79): Connected to genybaseband
I/Genyd   (   79): Genyd running
D/local_opengl(  144): Starting local_opengl
D/local_opengl(  144): Getting player version
I/Vold    (  141): Vold 2.1 (the revenge) firing up
D/        (   79): Socket deconnection
D/Genyd   (   79): Received Get Capabilities
D/        (   79): Socket deconnection
D/Genyd   (   79): Received Get GenymotionVersion
D/Genymotion(   79): Received Get GenymotionVersion
D/Genyd   (   79): Received Set Clipboard
D/Genymotion(   79): Received Set Clipboard
I/genymotion_audio(  154): Starting pcm server
I/genymotion_audio(  154): out sampling rate 44100
I/SystemServer(  527): Entered the Android system server!
I/SystemServer(  527): Waiting for installd to be ready.
I/Installer(  527): connecting...
I/SystemServer(  527): Enabled StrictMode logging for WM Looper
I/SystemServer(  527): Power Manager
I/SystemServer(  527): Activity Manager
I/ActivityManager(  527): Memory class: 96
I/UiThread(  527): Enabled StrictMode logging for UI thread
I/IntentFirewall(  527): Read new rules (A:0 B:0 S:0)
I/SystemServer(  527): Display Manager
I/SystemServer(  527): Telephony Registry
I/ActivityManager(  527): Enabled StrictMode logging for AThread's Looper
I/SystemServer(  527): Scheduling Policy
I/DisplayManagerService(  527): Display device added: DisplayDeviceInfo{"Built-in Screen": 768 x 1280, 60.000004 fps, density 320, 320.0 x 320.0 dpi, touch INTERNAL, rotation 0, type BUILT_IN, FLAG_DEFAULT_DISPLAY, FLAG_ROTATES_WITH_CONTENT, FLAG_SECURE, FLAG_SUPPORTS_PROTECTED_BUFFERS}
I/SystemServer(  527): Package Manager
D/Sensors (  527): Client connection accepted (72)
D/SELinuxMMAC(  527): Couldn't find install policy /data/security/mac_permissions.xml
D/SELinuxMMAC(  527): Using install policy file /system/etc/security/mac_permissions.xml
W/PackageParser(  527): No actions in intent filter at /system/priv-app/Contacts.apk Binary XML file line #375
W/PackageParser(  527): No actions in intent filter at /system/priv-app/Dialer.apk Binary XML file line #163
W/PackageParser(  527): No actions in intent filter at /system/priv-app/SetupWizard.apk Binary XML file line #117
W/PackageParser(  527): No actions in intent filter at /system/app/Bluetooth.apk Binary XML file line #211
W/PackageParser(  527): No actions in intent filter at /system/app/CMFileManager.apk Binary XML file line #127
W/PackageParser(  527): Unknown element under <application>: permission at /system/app/Gallery2.apk Binary XML file line #242
W/PackageParser(  527): Unknown element under <application>: permission at /system/app/Gallery2.apk Binary XML file line #245
W/PackageParser(  527): No actions in intent filter at /data/app/ApiDemos.apk Binary XML file line #2899
W/PackageParser(  527): No actions in intent filter at /data/app/ApiDemos.apk Binary XML file line #2905
W/PackageManager(  527): Package com.example.android.apis desires unavailable shared library com.example.will.never.exist; ignoring!
W/PackageManager(  527): Package com.google.android.gms desires unavailable shared library com.google.android.ble; ignoring!
W/PackageManager(  527): Package com.example.android.apis desires unavailable shared library com.example.will.never.exist; ignoring!
W/PackageManager(  527): Package com.google.android.gms desires unavailable shared library com.google.android.ble; ignoring!
I/PackageManager(  527): Time to scan packages: 12.985 seconds
W/PackageManager(  527): Unknown permission com.android.vending.billing.IBillingAccountService.BIND2 in package com.google.android.gsf.login
W/PackageManager(  527): Unknown permission com.android.chrome.TOS_ACKED in package com.google.android.gsf.login
W/PackageManager(  527): Unknown permission com.google.android.gallery3d.permission.GALLERY_PROVIDER in package com.android.bluetooth
W/PackageManager(  527): Not granting permission android.permission.ACCESS_DOWNLOAD_MANAGER to package com.android.browser (protectionLevel=18 flags=0x9be45)
W/PackageManager(  527): Not granting permission android.permission.SEND_DOWNLOAD_COMPLETED_INTENTS to package com.android.browser (protectionLevel=2 flags=0x9be45)
W/PackageManager(  527): Unknown permission android.permission.INSTALL_DRM in package com.android.mms
W/PackageManager(  527): Unknown permission com.cyanogenmod.filemanager.permissions.READ_THEME in package com.cyanogenmod.filemanager
W/PackageManager(  527): Unknown permission android.permission.OBSERVE_GRANT_REVOKE_PERMISSIONS in package com.google.android.gms
W/PackageManager(  527): Unknown permission android.permission.RECOVERY in package com.google.android.gms
W/PackageManager(  527): Not granting permission android.permission.READ_DREAM_STATE to package com.google.android.gms (protectionLevel=2 flags=0x40483ec5)
W/PackageManager(  527): Unknown permission android.permission.PROVIDE_TRUST_AGENT in package com.google.android.gms
W/PackageManager(  527): Unknown permission com.google.android.apps.enterprise.dmagent.permission.AutoSyncPermission in package com.google.android.gms
W/PackageManager(  527): Not granting permission android.permission.PACKAGE_USAGE_STATS to package com.google.android.gms (protectionLevel=18 flags=0x40483ec5)
W/PackageManager(  527): Not granting permission android.permission.CAPTURE_AUDIO_HOTWORD to package com.google.android.gms (protectionLevel=18 flags=0x40483ec5)
W/PackageManager(  527): Unknown permission com.google.android.googlequicksearchbox.permission.PAUSE_HOTWORD in package com.google.android.gms
W/PackageManager(  527): Unknown permission android.permission.MANAGE_VOICE_KEYPHRASES in package com.google.android.gms
W/PackageManager(  527): Unknown permission android.permission.REAL_GET_TASKS in package com.google.android.gms
W/PackageManager(  527): Unknown permission android.permission.READ_WIFI_CREDENTIAL in package com.google.android.gms
W/PackageManager(  527): Unknown permission android.permission.SCORE_NETWORKS in package com.google.android.gms
W/PackageManager(  527): Unknown permission android.permission.CONTROL_INCALL_EXPERIENCE in package com.google.android.gms
W/PackageManager(  527): Unknown permission android.permission.USER_ACTIVITY in package com.google.android.gms
W/PackageManager(  527): Unknown permission android.permission.MODIFY_AUDIO_ROUTING in package com.google.android.gms
W/PackageManager(  527): Not granting permission android.permission.READ_FRAME_BUFFER to package com.google.android.gms (protectionLevel=18 flags=0x40483ec5)
W/PackageManager(  527): Unknown permission com.google.android.wearable.READ_SETTINGS in package com.google.android.gms
W/PackageManager(  527): Unknown permission android.permission.INTENT_FILTER_VERIFICATION_AGENT in package com.google.android.gms
W/PackageManager(  527): Unknown permission android.permission.LOCAL_MAC_ADDRESS in package com.google.android.gms
W/PackageManager(  527): Unknown permission android.permission.CHANGE_DEVICE_IDLE_TEMP_WHITELIST in package com.google.android.gms
W/PackageManager(  527): Unknown permission android.permission.BODY_SENSORS in package com.google.android.gms
W/PackageManager(  527): Unknown permission android.permission.NOTIFY_PENDING_SYSTEM_UPDATE in package com.google.android.gms
W/PackageManager(  527): Unknown permission com.google.android.launcher.permission.RECEIVE_LAUNCH_BROADCASTS in package com.google.android.gms
W/PackageManager(  527): Unknown permission com.android.voicemail.permission.READ_VOICEMAIL in package com.google.android.gms
W/PackageManager(  527): Unknown permission com.google.android.gallery3d.permission.PICASA_STORE in package com.android.dreams.phototable
W/PackageManager(  527): Unknown permission android.permission.READ_OWNER_DATA in package com.google.android.setupwizard
W/PackageManager(  527): Unknown permission android.permission.WRITE_OWNER_DATA in package com.google.android.setupwizard
W/PackageManager(  527): Unknown permission com.google.android.voicesearch.SHORTCUTS_ACCESS in package com.google.android.googlequicksearchbox
W/PackageManager(  527): Unknown permission com.google.android.voicesearch.ACCESS_SETTINGS in package com.google.android.googlequicksearchbox
W/PackageManager(  527): Unknown permission com.google.googlenav.friend.permission.OPT_IN in package com.google.android.googlequicksearchbox
W/PackageManager(  527): Unknown permission com.google.android.apps.maps.permission.PREFETCH in package com.google.android.googlequicksearchbox
W/PackageManager(  527): Unknown permission com.google.android.apps.googlevoice.permission.AUTO_SEND in package com.google.android.googlequicksearchbox
W/PackageManager(  527): Unknown permission com.android.chrome.PRERENDER_URL in package com.google.android.googlequicksearchbox
W/PackageManager(  527): Not granting permission android.permission.SEND_DOWNLOAD_COMPLETED_INTENTS to package com.android.vending (protectionLevel=2 flags=0x400abe45)
W/PackageManager(  527): Unknown permission android.permission.SEND_SMS_NO_CONFIRMATION in package com.android.vending
W/PackageManager(  527): Not granting permission android.permission.DELETE_PACKAGES to package com.svox.pico (protectionLevel=18 flags=0x8be45)
W/PackageManager(  527): Not granting permission android.permission.DEVICE_POWER to package com.android.deskclock (protectionLevel=2 flags=0x48be45)
W/PackageManager(  527): Not granting permission android.permission.READ_DREAM_STATE to package com.google.android.gsf (protectionLevel=2 flags=0x40083e45)
I/SystemServer(  527): Entropy Mixer
I/EntropyMixer(  527): Writing entropy...
I/SystemServer(  527): User Service
I/SystemServer(  527): Account Manager
I/SystemServer(  527): Content Manager
I/SystemServer(  527): System Content Providers
I/SystemServer(  527): Lights Service
I/SystemServer(  527): Battery Service
I/SystemServer(  527): Vibrator Service
I/SystemServer(  527): Consumer IR Service
I/SystemServer(  527): Alarm Manager
I/SystemServer(  527): Init Watchdog
I/SystemServer(  527): Input Manager
I/InputManager(  527): Initializing input manager, mUseDevInputEventForAudioJack=false
I/SystemServer(  527): Window Manager
I/WindowManager(  527): No existing display settings /data/system/display_settings.xml; starting empty
I/WindowManager(  527): No keyguard interface!
I/InputManager(  527): Starting input manager
I/SystemServer(  527): No Bluetooth Service (Bluetooth Hardware Not Present)
I/SystemServer(  527): Input Method Service
W/InputMethodManagerService(  527): Couldn't create dir.: /data/system/inputmethod
I/SystemServer(  527): Accessibility Manager
I/ActivityManager(  527): Config changes=1df8 {1.0 ?mcc?mnc en_US ldltr sw384dp w384dp h640dp 320dpi nrml long port ?uimode ?night -touch -keyb/v/h -nav/h s.2}
I/ActivityManager(  527): Config changes=500 {1.0 ?mcc?mnc en_US ldltr sw384dp w384dp h567dp 320dpi nrml port ?uimode ?night -touch -keyb/v/h -nav/h s.3}
I/SystemServer(  527): Mount Service
D/MountService(  527): got storage path: /mnt/sdcard description: Internal storage primary: true removable: false emulated: true mtpReserve: 100 allowMassStorage: false maxFileSize: 0
D/MountService(  527): addVolumeLocked() StorageVolume:
D/MountService(  527):     mStorageId=65537 mPath=/storage/emulated/0 mDescriptionId=17040663 
D/MountService(  527):     mPrimary=true mRemovable=false mEmulated=true mMtpReserveSpace=100 
D/MountService(  527):     mAllowMassStorage=false mMaxFileSize=0 mOwner=UserHandle{0} mUuid=null 
D/MountService(  527):     mUserLabel=null mState=null 
I/SystemServer(  527): LockSettingsService
I/SystemServer(  527): Device Policy
I/SystemServer(  527): Status Bar
I/SystemServer(  527): Clipboard Service
I/SystemServer(  527): NetworkManagement Service
I/SystemServer(  527): Text Service Manager Service
W/PackageManager(  527): Unknown permission com.android.vending.billing.IBillingAccountService.BIND2 in package com.google.android.gsf.login
W/PackageManager(  527): Unknown permission com.android.chrome.TOS_ACKED in package com.google.android.gsf.login
W/PackageManager(  527): Unknown permission com.google.android.gallery3d.permission.GALLERY_PROVIDER in package com.android.bluetooth
W/PackageManager(  527): Not granting permission android.permission.ACCESS_DOWNLOAD_MANAGER to package com.android.browser (protectionLevel=18 flags=0x9be45)
W/PackageManager(  527): Not granting permission android.permission.SEND_DOWNLOAD_COMPLETED_INTENTS to package com.android.browser (protectionLevel=2 flags=0x9be45)
I/SystemServer(  527): NetworkStats Service
W/PackageManager(  527): Unknown permission android.permission.INSTALL_DRM in package com.android.mms
W/PackageManager(  527): Unknown permission com.cyanogenmod.filemanager.permissions.READ_THEME in package com.cyanogenmod.filemanager
W/PackageManager(  527): Unknown permission android.permission.OBSERVE_GRANT_REVOKE_PERMISSIONS in package com.google.android.gms
W/PackageManager(  527): Unknown permission android.permission.RECOVERY in package com.google.android.gms
W/PackageManager(  527): Not granting permission android.permission.READ_DREAM_STATE to package com.google.android.gms (protectionLevel=2 flags=0x40483ec5)
W/PackageManager(  527): Unknown permission android.permission.PROVIDE_TRUST_AGENT in package com.google.android.gms
W/PackageManager(  527): Unknown permission com.google.android.apps.enterprise.dmagent.permission.AutoSyncPermission in package com.google.android.gms
W/PackageManager(  527): Not granting permission android.permission.PACKAGE_USAGE_STATS to package com.google.android.gms (protectionLevel=18 flags=0x40483ec5)
W/PackageManager(  527): Not granting permission android.permission.CAPTURE_AUDIO_HOTWORD to package com.google.android.gms (protectionLevel=18 flags=0x40483ec5)
W/PackageManager(  527): Unknown permission com.google.android.googlequicksearchbox.permission.PAUSE_HOTWORD in package com.google.android.gms
W/PackageManager(  527): Unknown permission android.permission.MANAGE_VOICE_KEYPHRASES in package com.google.android.gms
W/PackageManager(  527): Unknown permission android.permission.REAL_GET_TASKS in package com.google.android.gms
W/PackageManager(  527): Unknown permission android.permission.READ_WIFI_CREDENTIAL in package com.google.android.gms
W/PackageManager(  527): Unknown permission android.permission.SCORE_NETWORKS in package com.google.android.gms
W/PackageManager(  527): Unknown permission android.permission.CONTROL_INCALL_EXPERIENCE in package com.google.android.gms
W/PackageManager(  527): Unknown permission android.permission.USER_ACTIVITY in package com.google.android.gms
W/PackageManager(  527): Unknown permission android.permission.MODIFY_AUDIO_ROUTING in package com.google.android.gms
W/PackageManager(  527): Not granting permission android.permission.READ_FRAME_BUFFER to package com.google.android.gms (protectionLevel=18 flags=0x40483ec5)
W/PackageManager(  527): Unknown permission com.google.android.wearable.READ_SETTINGS in package com.google.android.gms
W/PackageManager(  527): Unknown permission android.permission.INTENT_FILTER_VERIFICATION_AGENT in package com.google.android.gms
W/PackageManager(  527): Unknown permission android.permission.LOCAL_MAC_ADDRESS in package com.google.android.gms
W/PackageManager(  527): Unknown permission android.permission.CHANGE_DEVICE_IDLE_TEMP_WHITELIST in package com.google.android.gms
W/PackageManager(  527): Unknown permission android.permission.BODY_SENSORS in package com.google.android.gms
W/PackageManager(  527): Unknown permission android.permission.NOTIFY_PENDING_SYSTEM_UPDATE in package com.google.android.gms
W/PackageManager(  527): Unknown permission com.google.android.launcher.permission.RECEIVE_LAUNCH_BROADCASTS in package com.google.android.gms
W/PackageManager(  527): Unknown permission com.android.voicemail.permission.READ_VOICEMAIL in package com.google.android.gms
W/PackageManager(  527): Unknown permission com.google.android.gallery3d.permission.PICASA_STORE in package com.android.dreams.phototable
W/PackageManager(  527): Unknown permission android.permission.READ_OWNER_DATA in package com.google.android.setupwizard
W/PackageManager(  527): Unknown permission android.permission.WRITE_OWNER_DATA in package com.google.android.setupwizard
I/SystemServer(  527): NetworkPolicy Service
W/PackageManager(  527): Unknown permission com.google.android.voicesearch.SHORTCUTS_ACCESS in package com.google.android.googlequicksearchbox
W/PackageManager(  527): Unknown permission com.google.android.voicesearch.ACCESS_SETTINGS in package com.google.android.googlequicksearchbox
W/PackageManager(  527): Unknown permission com.google.googlenav.friend.permission.OPT_IN in package com.google.android.googlequicksearchbox
W/PackageManager(  527): Unknown permission com.google.android.apps.maps.permission.PREFETCH in package com.google.android.googlequicksearchbox
W/PackageManager(  527): Unknown permission com.google.android.apps.googlevoice.permission.AUTO_SEND in package com.google.android.googlequicksearchbox
W/PackageManager(  527): Unknown permission com.android.chrome.PRERENDER_URL in package com.google.android.googlequicksearchbox
W/PackageManager(  527): Not granting permission android.permission.SEND_DOWNLOAD_COMPLETED_INTENTS to package com.android.vending (protectionLevel=2 flags=0x400abe45)
W/PackageManager(  527): Unknown permission android.permission.SEND_SMS_NO_CONFIRMATION in package com.android.vending
W/PackageManager(  527): Not granting permission android.permission.DELETE_PACKAGES to package com.svox.pico (protectionLevel=18 flags=0x8be45)
W/PackageManager(  527): Not granting permission android.permission.DEVICE_POWER to package com.android.deskclock (protectionLevel=2 flags=0x48be45)
I/SystemServer(  527): Wi-Fi P2pService
W/PackageManager(  527): Not granting permission android.permission.READ_DREAM_STATE to package com.google.android.gsf (protectionLevel=2 flags=0x40083e45)
I/ActivityManager(  527): Config changes=78 {1.0 ?mcc?mnc en_US ldltr sw384dp w384dp h567dp 320dpi nrml port ?uimode ?night finger qwerty/v/v dpad/v s.4}
I/SystemServer(  527): Wi-Fi Service
I/SystemServer(  527): Connectivity Service
D/ConnectivityService(  527): ConnectivityService starting up
D/ConnectivityService(  527): wifiOnly=false
E/MobileDataStateTracker(  527): default: Ignoring feature request because could not acquire PhoneService
E/MobileDataStateTracker(  527): default: Could not enable APN type "default"
I/WifiService(  527): WifiService starting up with Wi-Fi enabled
D/WifiService(  527): setWifiEnabled: true pid=527, uid=1000
I/SystemServer(  527): Network Service Discovery Service
D/NsdService(  527): Network service discovery enabled true
I/SystemServer(  527): UpdateLock Service
I/SystemServer(  527): Notification Manager
I/SystemServer(  527): Device Storage Monitor
I/SystemServer(  527): Location Manager
I/SystemServer(  527): Country Detector
I/SystemServer(  527): Search Service
I/SystemServer(  527): DropBox Service
I/SystemServer(  527): Wallpaper Service
I/SystemServer(  527): Audio Service
I/SystemServer(  527): Dock Observer
W/DockObserver(  527): This kernel does not have dock station support
I/SystemServer(  527): Wired Accessory Manager
W/WiredAccessoryManager(  527): This kernel does not have wired headset support
W/WiredAccessoryManager(  527): This kernel does not have usb audio support
W/WiredAccessoryManager(  527): This kernel does not have HDMI audio support
I/SystemServer(  527): USB Service
I/SystemServer(  527): Serial Service
I/SystemServer(  527): Twilight Service
I/SystemServer(  527): UI Mode Manager Service
I/SystemServer(  527): Backup Service
V/BackupManagerService(  527): Initializing package tracking
V/BackupManagerService(  527): addPackageParticipantsLocked: all
I/BackupManagerService(  527): Scheduling backup for new app com.android.calendar
D/BackupManagerService(  527): Now staging backup of com.android.calendar
I/BackupManagerService(  527): Scheduling backup for new app com.android.browser
D/BackupManagerService(  527): Now staging backup of com.android.browser
I/BackupManagerService(  527): Scheduling backup for new app com.google.android.talk
D/BackupManagerService(  527): Now staging backup of com.google.android.talk
I/BackupManagerService(  527): Scheduling backup for new app com.android.providers.userdictionary
D/BackupManagerService(  527): Now staging backup of com.android.providers.userdictionary
I/BackupManagerService(  527): Scheduling backup for new app com.android.sharedstoragebackup
D/BackupManagerService(  527): Now staging backup of com.android.sharedstoragebackup
I/BackupManagerService(  527): Scheduling backup for new app com.google.android.marvin.talkback
D/BackupManagerService(  527): Now staging backup of com.google.android.marvin.talkback
I/BackupManagerService(  527): Scheduling backup for new app android
D/BackupManagerService(  527): Now staging backup of android
I/BackupManagerService(  527): Scheduling backup for new app com.google.android.googlequicksearchbox
D/BackupManagerService(  527): Now staging backup of com.google.android.googlequicksearchbox
I/BackupManagerService(  527): Scheduling backup for new app com.android.vending
D/BackupManagerService(  527): Now staging backup of com.android.vending
I/BackupManagerService(  527): Scheduling backup for new app com.google.android.gm
D/BackupManagerService(  527): Now staging backup of com.google.android.gm
I/BackupManagerService(  527): Scheduling backup for new app com.android.dialer
D/BackupManagerService(  527): Now staging backup of com.android.dialer
I/BackupManagerService(  527): Scheduling backup for new app com.android.providers.settings
D/BackupManagerService(  527): Now staging backup of com.android.providers.settings
V/BackupManagerService(  527): Starting with transport android/com.android.internal.backup.LocalTransport
V/BackupManagerService(  527): Found transports: 2
I/BackupManagerService(  527): Binding to transport host ComponentInfo{android/com.android.internal.backup.LocalTransportService}
I/BackupManagerService(  527): Binding to transport host ComponentInfo{com.google.android.backuptransport/com.google.android.backup.BackupTransportService}
I/BackupManagerService(  527): Found stale backup journal, scheduling
I/BackupManagerService(  527):   android
I/BackupManagerService(  527): Backup enabled => true
I/SystemServer(  527): AppWidget Service
I/SystemServer(  527): Recognition Service
I/SystemServer(  527): DiskStats Service
I/SystemServer(  527): SamplingProfiler Service
I/SystemServer(  527): NetworkTimeUpdateService
I/SystemServer(  527): CommonTimeManagementService
I/SystemServer(  527): CertBlacklister
I/SystemServer(  527): Dreams Service
I/SystemServer(  527): Assets Atlas Service
I/SystemServer(  527): IdleMaintenanceService
I/SystemServer(  527): Print Service
I/SystemServer(  527): Media Router Service
I/SystemServer(  527): Genyd Service
I/ActivityManager(  527): Start proc com.android.systemui for service com.android.keyguard/.KeyguardService: pid=584 uid=10007 gids={50007, 1028, 1015, 1035, 3002, 3001}
W/SystemServer(  527): ***********************************************
I/AppOps  (  527): Pruning old package media/1013: new uid=-1
I/ActivityManager(  527): System now ready
I/SystemServer(  527): Making services ready
D/NetworkManagementService(  527): enabling bandwidth control
W/MountService(  527): Duplicate state transition (mounted -> mounted) for /storage/emulated/0
I/ActivityManager(  527): Start proc com.android.settings for broadcast com.android.settings/.widget.SettingsAppWidgetProvider: pid=609 uid=1000 gids={41000, 1028, 1015, 3002, 3001, 3003}
I/StatusBarManagerService(  527): registerStatusBar bar=com.android.internal.statusbar.IStatusBar$Stub$Proxy@52851700
I/ActivityManager(  527): Config changes=200 {1.0 ?mcc?mnc en_US ldltr sw384dp w384dp h567dp 320dpi nrml port finger qwerty/v/v dpad/v s.5}
W/InputMethodManagerService(  527): Ignoring setImeWindowStatus of uid 1000 token: null
I/ActivityManager(  527): Start proc com.android.inputmethod.latin for service com.android.inputmethod.latin/.LatinIME: pid=684 uid=10035 gids={50035, 1028, 1015}
V/InputMethodManagerService(  527): Adding window token: android.os.Binder@52986ff0
I/ActivityManager(  527): Start proc com.google.android.gms.persistent for service com.google.android.gms/com.google.android.location.network.NetworkLocationService: pid=703 uid=10061 gids={50061, 3003, 1007, 1028, 1015, 3002, 3001, 3007, 2001, 3006}
I/ActivityManager(  527): Start proc com.android.phone for added application com.android.phone: pid=731 uid=1001 gids={41001, 3002, 3001, 3003, 1028, 1015}
I/ActivityManager(  527): START u0 {act=android.intent.action.MAIN cat=[android.intent.category.HOME] flg=0x10000000 cmp=com.android.launcher/com.android.launcher2.Launcher} from pid 0
I/ActivityManager(  527): Start proc com.android.launcher for activity com.android.launcher/com.android.launcher2.Launcher: pid=746 uid=10008 gids={50008}
I/SystemServer(  527): Enabled StrictMode for system server main thread.
W/InputMethodManagerService(  527): Focus gain on non-focused client android.view.inputmethod.InputMethodManager$1@529ef1a4 (uid=1000 pid=527)
I/ActivityManager(  527): Start proc com.android.printspooler for service com.android.printspooler/.PrintSpoolerService: pid=760 uid=10048 gids={50048}
W/SocketClient(  148): write error (Broken pipe)
I/ActivityManager(  527): Start proc android.process.acore for content provider com.android.providers.contacts/.ContactsProvider2: pid=776 uid=10002 gids={50002, 3003, 1028, 1015}
V/BackupManagerService(  527): Connected to transport ComponentInfo{android/com.android.internal.backup.LocalTransportService}
V/BackupManagerService(  527): Registering transport android/com.android.internal.backup.LocalTransportService::android/com.android.internal.backup.LocalTransport = com.android.internal.backup.LocalTransport@52913b14
D/ConnectivityService(  527): Captive portal check NetworkInfo: type: WIFI[], state: CONNECTING/CAPTIVE_PORTAL_CHECK, reason: (unspecified), extra: "WiredSSID", roaming: false, failover: false, isAvailable: true, isConnectedToProvisioningNetwork: false
D/ConnectivityService(  527): handleCaptivePortalTrackerCheck: call captivePortalCheckComplete ni=NetworkInfo: type: WIFI[], state: CONNECTING/CAPTIVE_PORTAL_CHECK, reason: (unspecified), extra: "WiredSSID", roaming: false, failover: false, isAvailable: true, isConnectedToProvisioningNetwork: false
D/ConnectivityService(  527): Captive portal check NetworkInfo: type: WIFI[], state: CONNECTING/CAPTIVE_PORTAL_CHECK, reason: (unspecified), extra: "WiredSSID", roaming: false, failover: false, isAvailable: true, isConnectedToProvisioningNetwork: false
D/ConnectivityService(  527): handleCaptivePortalTrackerCheck: call captivePortalCheckComplete ni=NetworkInfo: type: WIFI[], state: CONNECTING/CAPTIVE_PORTAL_CHECK, reason: (unspecified), extra: "WiredSSID", roaming: false, failover: false, isAvailable: true, isConnectedToProvisioningNetwork: false
D/ConnectivityService(  527): ConnectivityChange for WIFI: CONNECTED/CONNECTED
E/ConnectivityService(  527): Unexpected mtu value: android.net.wifi.WifiStateTracker@529c7d28
D/Nat464Xlat(  527): requiresClat: netType=1, hasIPv4Address=true
D/ConnectivityService(  527): ConnectivityChange for WIFI: CONNECTED/CONNECTED
E/ConnectivityService(  527): Unexpected mtu value: android.net.wifi.WifiStateTracker@529c7d28
D/ConnectivityService(  527): handleConnectivityChange: address are the same reset per doReset linkProperty[1]: resetMask=0
D/Nat464Xlat(  527): requiresClat: netType=1, hasIPv4Address=true
V/KeyguardTouchDelegate(  584): Connected to keyguard
I/ActivityManager(  527): Start proc com.android.smspush for service com.android.smspush/.WapPushManager: pid=807 uid=10055 gids={50055}
D/ConnectivityService(  527): handleConnectivityChange: addresses changed linkProperty[1]: resetMask=0
D/ConnectivityService(  527):    car=removed=[] added=[fe80::a00:27ff:fe99:77e/64,]
D/Nat464Xlat(  527): requiresClat: netType=1, hasIPv4Address=true
I/PackageManager(  527): Adding preferred activity ComponentInfo{com.android.mms/com.android.mms.ui.ComposeMessageActivity} for user 0 :
D/ConnectivityService(  527): handleConnectivityChange: address are the same reset per doReset linkProperty[1]: resetMask=0
D/Nat464Xlat(  527): requiresClat: netType=1, hasIPv4Address=true
I/PackageManager(  527): Adding preferred activity ComponentInfo{com.android.mms/com.android.mms.ui.ComposeMessageActivity} for user 0 :
I/PackageManager(  527): Adding preferred activity ComponentInfo{com.android.mms/com.android.mms.ui.ComposeMessageActivity} for user 0 :
I/PackageManager(  527): Adding preferred activity ComponentInfo{com.android.mms/com.android.mms.ui.ComposeMessageActivity} for user 0 :
--------- beginning of /dev/log/main
I/ResourceUtils(  684): Found default value: resource=keypress_volumes build=[HARDWARE=vbox86 MODEL=Google Nexus 4 - 4.4.4 - API 19 - 768x1280 BRAND=generic MANUFACTURER=Genymotion] default=-1.0f
D/dalvikvm(  684): GC_FOR_ALLOC freed 293K, 12% free 3056K/3468K, paused 8ms, total 8ms
D/        (  151): HostConnection::get() New Host Connection established 0xb8868708, tid 556
I/LatinIME:LogUtils(  684): Dictionary info: dictionary = userunigram.en_US.dict ; version = ? ; date = ?
I/MultiDex(  703): load found 3 secondary dex files
E/BluetoothAdapter(  731): Bluetooth binder is null
D/dalvikvm(  527): GC_FOR_ALLOC freed 165K, 15% free 7084K/8248K, paused 25ms, total 26ms
I/dalvikvm-heap(  527): Grow heap (frag case) to 7.142MB for 106198-byte allocation
D/dalvikvm(  527): GC_FOR_ALLOC freed 77K, 15% free 7111K/8352K, paused 28ms, total 28ms
I/LatinIME:LogUtils(  684): Dictionary info: dictionary = UserHistoryDictionary.en_US.dic ; version = ? ; date = 1456752295
I/LatinIME:LogUtils(  684): Dictionary info: dictionary = personalization.en_US.dict ; version = ? ; date = 1456647788
I/LatinIME:LogUtils(  684): Dictionary info: dictionary = PersonalizationPredictionDictio ; version = ? ; date = 1456647788
D/dalvikvm(  584): GC_FOR_ALLOC freed 228K, 6% free 6486K/6836K, paused 5ms, total 5ms
I/dalvikvm-heap(  584): Grow heap (frag case) to 12.562MB for 6410572-byte allocation
D/dalvikvm(  584): GC_FOR_ALLOC freed 6K, 3% free 12740K/13100K, paused 12ms, total 12ms
D/dalvikvm(  731): GC_FOR_ALLOC freed 239K, 11% free 3110K/3468K, paused 4ms, total 4ms
E/BluetoothAdapter(  731): Bluetooth binder is null
D/CallNotifier(  731): CallNotifier: mSignalInfoToneGenerator created when toneplay
E/BluetoothAdapter(  731): Bluetooth binder is null
D/dalvikvm(  584): GC_FOR_ALLOC freed 6262K, 6% free 6481K/6836K, paused 9ms, total 9ms
I/dalvikvm-heap(  584): Grow heap (frag case) to 12.557MB for 6410572-byte allocation
D/dalvikvm(  746): GC_FOR_ALLOC freed 221K, 10% free 3127K/3468K, paused 16ms, total 16ms
D/dalvikvm(  584): GC_FOR_ALLOC freed <1K, 3% free 12741K/13100K, paused 9ms, total 9ms
D/dalvikvm(  527): GC_FOR_ALLOC freed 135K, 15% free 7111K/8352K, paused 85ms, total 87ms
D/CaptivePortalTracker(  527): NoActiveNetworkState{ when=0 what=1 obj=NetworkInfo: type: WIFI[], state: CONNECTED/CONNECTED, reason: (unspecified), extra: "WiredSSID", roaming: false, failover: false, isAvailable: true, isConnectedToProvisioningNetwork: false target=com.android.internal.util.StateMachine$SmHandler }
D/Tethering(  527): MasterInitialState.processMessage what=3
D/Tethering(  527): MasterInitialState.processMessage what=3
D/CaptivePortalTracker(  527): DelayedCaptiveCheckState{ when=0 what=1 obj=NetworkInfo: type: WIFI[], state: CONNECTED/CONNECTED, reason: (unspecified), extra: "WiredSSID", roaming: false, failover: false, isAvailable: true, isConnectedToProvisioningNetwork: false target=com.android.internal.util.StateMachine$SmHandler }
I/LatinIME:LogUtils(  684): Dictionary info: dictionary = main:en ; version = 42 ; date = 1381226429
D/MobileDataStateTracker(  527): fota: Broadcast received: android.intent.action.ANY_DATA_STATE apnType=fota
D/MobileDataStateTracker(  527): fota: Received state=DISCONNECTED, old=DISCONNECTED, reason=radioTurnedOff
D/MobileDataStateTracker(  527): ia: Broadcast received: android.intent.action.ANY_DATA_STATE apnType=ia
D/MobileDataStateTracker(  527): ia: Received state=DISCONNECTED, old=DISCONNECTED, reason=radioTurnedOff
D/        (  527): Setting time of day to sec=1456757283
D/MobileDataStateTracker(  527): supl: Broadcast received: android.intent.action.ANY_DATA_STATE apnType=supl
D/MobileDataStateTracker(  527): supl: Received state=DISCONNECTED, old=DISCONNECTED, reason=radioTurnedOff
D/MobileDataStateTracker(  527): hipri: Broadcast received: android.intent.action.ANY_DATA_STATE apnType=hipri
D/MobileDataStateTracker(  527): hipri: Received state=DISCONNECTED, old=DISCONNECTED, reason=radioTurnedOff
D/MobileDataStateTracker(  527): ims: Broadcast received: android.intent.action.ANY_DATA_STATE apnType=ims
D/MobileDataStateTracker(  527): ims: Received state=DISCONNECTED, old=DISCONNECTED, reason=radioTurnedOff
D/MobileDataStateTracker(  527): default: Broadcast received: android.intent.action.ANY_DATA_STATE apnType=default
D/MobileDataStateTracker(  527): default: Received state=DISCONNECTED, old=DISCONNECTED, reason=radioTurnedOff
D/MobileDataStateTracker(  527): mms: Broadcast received: android.intent.action.ANY_DATA_STATE apnType=mms
D/MobileDataStateTracker(  527): mms: Received state=DISCONNECTED, old=DISCONNECTED, reason=radioTurnedOff
D/MobileDataStateTracker(  527): cbs: Broadcast received: android.intent.action.ANY_DATA_STATE apnType=cbs
D/MobileDataStateTracker(  527): cbs: Received state=DISCONNECTED, old=DISCONNECTED, reason=radioTurnedOff
D/MobileDataStateTracker(  527): fota: Broadcast received: android.intent.action.ANY_DATA_STATE apnType=fota
D/MobileDataStateTracker(  527): fota: Received state=DISCONNECTED, old=DISCONNECTED, reason=radioTurnedOff
D/MobileDataStateTracker(  527): ia: Broadcast received: android.intent.action.ANY_DATA_STATE apnType=ia
D/MobileDataStateTracker(  527): ia: Received state=DISCONNECTED, old=DISCONNECTED, reason=radioTurnedOff
D/MobileDataStateTracker(  527): supl: Broadcast received: android.intent.action.ANY_DATA_STATE apnType=supl
D/MobileDataStateTracker(  527): supl: Received state=DISCONNECTED, old=DISCONNECTED, reason=radioTurnedOff
D/MobileDataStateTracker(  527): hipri: Broadcast received: android.intent.action.ANY_DATA_STATE apnType=hipri
D/MobileDataStateTracker(  527): hipri: Received state=DISCONNECTED, old=DISCONNECTED, reason=radioTurnedOff
D/MobileDataStateTracker(  527): ims: Broadcast received: android.intent.action.ANY_DATA_STATE apnType=ims
D/MobileDataStateTracker(  527): ims: Received state=DISCONNECTED, old=DISCONNECTED, reason=radioTurnedOff
D/MobileDataStateTracker(  527): default: Broadcast received: android.intent.action.ANY_DATA_STATE apnType=default
D/MobileDataStateTracker(  527): default: Received state=DISCONNECTED, old=DISCONNECTED, reason=radioTurnedOff
D/MobileDataStateTracker(  527): mms: Broadcast received: android.intent.action.ANY_DATA_STATE apnType=mms
D/MobileDataStateTracker(  527): mms: Received state=DISCONNECTED, old=DISCONNECTED, reason=radioTurnedOff
D/MobileDataStateTracker(  527): cbs: Broadcast received: android.intent.action.ANY_DATA_STATE apnType=cbs
D/GpsLocationProvider(  527): NTP server returned: 1456757283557 (Mon Feb 29 09:48:03 EST 2016) reference: 77023 certainty: 32 system time offset: -367
D/MobileDataStateTracker(  527): cbs: Received state=DISCONNECTED, old=DISCONNECTED, reason=radioTurnedOff
D/MobileDataStateTracker(  527): fota: Broadcast received: android.intent.action.ANY_DATA_STATE apnType=fota
D/MobileDataStateTracker(  527): fota: Received state=DISCONNECTED, old=DISCONNECTED, reason=dataDetached
D/MobileDataStateTracker(  527): ia: Broadcast received: android.intent.action.ANY_DATA_STATE apnType=ia
D/MobileDataStateTracker(  527): ia: Received state=DISCONNECTED, old=DISCONNECTED, reason=dataDetached
I/MultiDex(  703): install done
D/MobileDataStateTracker(  527): supl: Broadcast received: android.intent.action.ANY_DATA_STATE apnType=supl
D/MobileDataStateTracker(  527): supl: Received state=DISCONNECTED, old=DISCONNECTED, reason=dataDetached
D/MobileDataStateTracker(  527): hipri: Broadcast received: android.intent.action.ANY_DATA_STATE apnType=hipri
D/MobileDataStateTracker(  527): hipri: Received state=DISCONNECTED, old=DISCONNECTED, reason=dataDetached
D/MobileDataStateTracker(  527): ims: Broadcast received: android.intent.action.ANY_DATA_STATE apnType=ims
D/MobileDataStateTracker(  527): ims: Received state=DISCONNECTED, old=DISCONNECTED, reason=dataDetached
D/MobileDataStateTracker(  527): default: Broadcast received: android.intent.action.ANY_DATA_STATE apnType=default
D/MobileDataStateTracker(  527): default: Received state=DISCONNECTED, old=DISCONNECTED, reason=dataDetached
D/MobileDataStateTracker(  527): mms: Broadcast received: android.intent.action.ANY_DATA_STATE apnType=mms
D/MobileDataStateTracker(  527): mms: Received state=DISCONNECTED, old=DISCONNECTED, reason=dataDetached
D/MobileDataStateTracker(  527): cbs: Broadcast received: android.intent.action.ANY_DATA_STATE apnType=cbs
D/MobileDataStateTracker(  527): cbs: Received state=DISCONNECTED, old=DISCONNECTED, reason=dataDetached
D/MobileDataStateTracker(  527): fota: Broadcast received: android.intent.action.ANY_DATA_STATE apnType=fota
D/TelephonyDebugService(  731): TelephonyDebugService()
D/MobileDataStateTracker(  527): fota: Received state=DISCONNECTED, old=DISCONNECTED, reason=roamingOff
D/MobileDataStateTracker(  527): ia: Broadcast received: android.intent.action.ANY_DATA_STATE apnType=ia
D/dalvikvm(  746): GC_FOR_ALLOC freed 139K, 7% free 3500K/3760K, paused 8ms, total 8ms
D/MobileDataStateTracker(  527): ia: Received state=DISCONNECTED, old=DISCONNECTED, reason=roamingOff
D/MobileDataStateTracker(  527): supl: Broadcast received: android.intent.action.ANY_DATA_STATE apnType=supl
D/MobileDataStateTracker(  527): supl: Received state=DISCONNECTED, old=DISCONNECTED, reason=roamingOff
D/MobileDataStateTracker(  527): hipri: Broadcast received: android.intent.action.ANY_DATA_STATE apnType=hipri
D/MobileDataStateTracker(  527): hipri: Received state=DISCONNECTED, old=DISCONNECTED, reason=roamingOff
D/MobileDataStateTracker(  527): ims: Broadcast received: android.intent.action.ANY_DATA_STATE apnType=ims
D/MobileDataStateTracker(  527): ims: Received state=DISCONNECTED, old=DISCONNECTED, reason=roamingOff
D/MobileDataStateTracker(  527): default: Broadcast received: android.intent.action.ANY_DATA_STATE apnType=default
D/MobileDataStateTracker(  527): default: Received state=DISCONNECTED, old=DISCONNECTED, reason=roamingOff
D/MobileDataStateTracker(  527): mms: Broadcast received: android.intent.action.ANY_DATA_STATE apnType=mms
D/MobileDataStateTracker(  527): mms: Received state=DISCONNECTED, old=DISCONNECTED, reason=roamingOff
D/MobileDataStateTracker(  527): cbs: Broadcast received: android.intent.action.ANY_DATA_STATE apnType=cbs
D/MobileDataStateTracker(  527): cbs: Received state=DISCONNECTED, old=DISCONNECTED, reason=roamingOff
I/Choreographer(  584): Skipped 235 frames!  The application may be doing too much work on its main thread.
D/MccTable(  731): updateMccMncConfiguration: mcc=310, mnc=260
D/MccTable(  731): getLocaleFromMcc to en_us mcc=310
D/MccTable(  731): getLocaleForLanguageCountry: skipping already persisted
D/MccTable(  731): getLocaleForLanguageCountry: X locale=null
D/MccTable(  731): WIFI_COUNTRY_CODE set to us
I/WifiService(  527): WifiService trying to set country code to us with persist set to true
D/dalvikvm(  731): GC_FOR_ALLOC freed 348K, 13% free 3268K/3736K, paused 17ms, total 18ms
D/dalvikvm(  527): GC_FOR_ALLOC freed 1037K, 15% free 7136K/8352K, paused 32ms, total 32ms
D/MobileDataStateTracker(  527): fota: Broadcast received: android.intent.action.ANY_DATA_STATE apnType=fota
D/MobileDataStateTracker(  527): fota: Received state=DISCONNECTED, old=DISCONNECTED, reason=dataAttached
D/MobileDataStateTracker(  527): ia: Broadcast received: android.intent.action.ANY_DATA_STATE apnType=ia
D/MobileDataStateTracker(  527): ia: Received state=DISCONNECTED, old=DISCONNECTED, reason=dataAttached
D/MobileDataStateTracker(  527): supl: Broadcast received: android.intent.action.ANY_DATA_STATE apnType=supl
D/MobileDataStateTracker(  527): supl: Received state=DISCONNECTED, old=DISCONNECTED, reason=dataAttached
D/MobileDataStateTracker(  527): hipri: Broadcast received: android.intent.action.ANY_DATA_STATE apnType=hipri
D/dalvikvm(  746): GC_FOR_ALLOC freed 182K, 8% free 3821K/4128K, paused 26ms, total 26ms
D/MobileDataStateTracker(  527): hipri: Received state=DISCONNECTED, old=DISCONNECTED, reason=dataAttached
D/Launcher.Model(  746): getPackInfo failed for package com.google.android.dialer
D/MobileDataStateTracker(  527): ims: Broadcast received: android.intent.action.ANY_DATA_STATE apnType=ims
D/MobileDataStateTracker(  527): ims: Received state=DISCONNECTED, old=DISCONNECTED, reason=dataAttached
D/MobileDataStateTracker(  527): mms: Broadcast received: android.intent.action.ANY_DATA_STATE apnType=mms
D/MobileDataStateTracker(  527): mms: Received state=DISCONNECTED, old=DISCONNECTED, reason=dataAttached
D/MobileDataStateTracker(  527): cbs: Broadcast received: android.intent.action.ANY_DATA_STATE apnType=cbs
D/MobileDataStateTracker(  527): cbs: Received state=DISCONNECTED, old=DISCONNECTED, reason=dataAttached
D/MobileDataStateTracker(  527): fota: Broadcast received: android.intent.action.ANY_DATA_STATE apnType=fota
D/MobileDataStateTracker(  527): fota: Received state=DISCONNECTED, old=DISCONNECTED, reason=dataAttached
D/MobileDataStateTracker(  527): ia: Broadcast received: android.intent.action.ANY_DATA_STATE apnType=ia
D/MobileDataStateTracker(  527): ia: Received state=DISCONNECTED, old=DISCONNECTED, reason=dataAttached
D/MobileDataStateTracker(  527): supl: Broadcast received: android.intent.action.ANY_DATA_STATE apnType=supl
D/MobileDataStateTracker(  527): supl: Received state=DISCONNECTED, old=DISCONNECTED, reason=dataAttached
D/MobileDataStateTracker(  527): hipri: Broadcast received: android.intent.action.ANY_DATA_STATE apnType=hipri
D/MobileDataStateTracker(  527): hipri: Received state=DISCONNECTED, old=DISCONNECTED, reason=dataAttached
D/MobileDataStateTracker(  527): ims: Broadcast received: android.intent.action.ANY_DATA_STATE apnType=ims
D/MobileDataStateTracker(  527): ims: Received state=DISCONNECTED, old=DISCONNECTED, reason=dataAttached
D/MobileDataStateTracker(  527): mms: Broadcast received: android.intent.action.ANY_DATA_STATE apnType=mms
D/MobileDataStateTracker(  527): mms: Received state=DISCONNECTED, old=DISCONNECTED, reason=dataAttached
D/MobileDataStateTracker(  527): cbs: Broadcast received: android.intent.action.ANY_DATA_STATE apnType=cbs
D/MobileDataStateTracker(  527): cbs: Received state=DISCONNECTED, old=DISCONNECTED, reason=dataAttached
D/MccTable(  731): updateMccMncConfiguration: mcc=310, mnc=260
D/MccTable(  731): getLocaleFromMcc to en_us mcc=310
D/MccTable(  731): getLocaleForLanguageCountry: skipping already persisted
D/MccTable(  731): getLocaleForLanguageCountry: X locale=null
D/MccTable(  731): updateMccMncConfiguration updateConfig config={1.0 310mcc260mnc ?locale ?layoutDir ?swdp ?wdp ?hdp ?density ?lsize ?long ?orien ?uimode ?night ?touch ?keyb/?/? ?nav/?}
I/ActivityManager(  527): Config changes=3 {1.0 310mcc260mnc en_US ldltr sw384dp w384dp h567dp 320dpi nrml port finger qwerty/v/v dpad/v s.6}
D/PermissionCache(  151): checking android.permission.READ_FRAME_BUFFER for uid=1000 => granted (190 us)
E/gralloc_vbox86(  151): gralloc_alloc: Mismatched usage flags: 768 x 1280, usage b33
W/GraphicBufferAllocator(  151): alloc(768, 1280, 1, 00000b33, ...) failed -22 (Invalid argument)
E/        (  151): GraphicBufferAlloc::createGraphicBuffer(w=768, h=1280) failed (Invalid argument), handle=0x0
E/BufferQueue(  151): [ScreenshotSurface] dequeueBuffer: SurfaceComposer::createGraphicBuffer failed
D/PhoneStatusBar(  584): mSettingsPanelGravity = 55
D/MccTable(  731): updateMccMncConfiguration: mcc=310, mnc=260
D/MccTable(  731): getLocaleFromMcc to en_us mcc=310
D/MccTable(  731): getLocaleForLanguageCountry: skipping already persisted
D/MccTable(  731): getLocaleForLanguageCountry: X locale=null
D/MccTable(  731): updateMccMncConfiguration updateConfig config={1.0 310mcc260mnc ?locale ?layoutDir ?swdp ?wdp ?hdp ?density ?lsize ?long ?orien ?uimode ?night ?touch ?keyb/?/? ?nav/?}
W/Launcher.Model(  746): Desktop items loading interrupted:
W/Launcher.Model(  746): java.lang.NullPointerException
W/Launcher.Model(  746): 	at com.android.launcher2.LauncherModel$LoaderTask.checkItemPlacement(LauncherModel.java:1226)
W/Launcher.Model(  746): 	at com.android.launcher2.LauncherModel$LoaderTask.loadWorkspace(LauncherModel.java:1383)
W/Launcher.Model(  746): 	at com.android.launcher2.LauncherModel$LoaderTask.loadAndBindWorkspace(LauncherModel.java:1020)
W/Launcher.Model(  746): 	at com.android.launcher2.LauncherModel$LoaderTask.run(LauncherModel.java:1126)
W/Launcher.Model(  746): 	at android.os.Handler.handleCallback(Handler.java:733)
W/Launcher.Model(  746): 	at android.os.Handler.dispatchMessage(Handler.java:95)
W/Launcher.Model(  746): 	at android.os.Looper.loop(Looper.java:136)
W/Launcher.Model(  746): 	at android.os.HandlerThread.run(HandlerThread.java:61)
D/dalvikvm(  746): GC_FOR_ALLOC freed 326K, 10% free 4007K/4452K, paused 5ms, total 5ms
D/Launcher.Model(  746): Reload apps on config change. curr_mcc:310 prevmcc:0
D/Launcher.Model(  746): getPackInfo failed for package com.google.android.dialer
D/dalvikvm(  746): GC_FOR_ALLOC freed 403K, 12% free 4060K/4612K, paused 7ms, total 7ms
D/libEGL  (  746): loaded /system/lib/egl/libEGL_genymotion.so
D/        (  746): HostConnection::get() New Host Connection established 0xb8f46018, tid 746
D/libEGL  (  746): loaded /system/lib/egl/libGLESv1_CM_genymotion.so
D/libEGL  (  746): loaded /system/lib/egl/libGLESv2_genymotion.so
D/        (  151): HostConnection::get() New Host Connection established 0xb8871ea0, tid 910
W/EGL_genymotion(  746): eglSurfaceAttrib not implemented
E/OpenGLRenderer(  746): Getting MAX_TEXTURE_SIZE from GradienCache
E/OpenGLRenderer(  746): MAX_TEXTURE_SIZE: 8192
E/OpenGLRenderer(  746): Getting MAX_TEXTURE_SIZE from Caches::initConstraints()
E/OpenGLRenderer(  746): MAX_TEXTURE_SIZE: 8192
D/OpenGLRenderer(  746): Enabling debug mode 0
D/dalvikvm(  746): GC_FOR_ALLOC freed 154K, 10% free 4199K/4656K, paused 9ms, total 9ms
I/ActivityManager(  527): Start proc com.google.process.gapps for content provider com.google.android.gsf/.gservices.GservicesProvider: pid=924 uid=10061 gids={50061, 3003, 1007, 1028, 1015, 3002, 3001, 3007, 2001, 3006}
D/dalvikvm(  527): GC_FOR_ALLOC freed 434K, 15% free 7178K/8352K, paused 24ms, total 24ms
I/dalvikvm-heap(  527): Grow heap (frag case) to 7.210MB for 82338-byte allocation
I/ContactLocale(  776): AddressBook Labels [en_US]: [, A, B, C, D, E, F, G, H, I, J, K, L, M, N, O, P, Q, R, S, T, U, V, W, X, Y, Z, Α, Β, Γ, Δ, Ε, Ζ, Η, Θ, Ι, Κ, Λ, Μ, Ν, Ξ, Ο, Π, Ρ, Σ, Τ, Υ, Φ, Χ, Ψ, Ω, , А, Б, В, Г, Д, Е, Є, Ж, З, И, І, Ї, Й, К, Л, М, Н, О, П, Р, С, Т, У, Ф, Х, Ц, Ч, Ш, Щ, Ю, Я, , א, ב, ג, ד, ה, ו, ז, ח, ט, י, כ, ל, מ, נ, ס, ע, פ, צ, ק, ר, ש, ת, , ا, ب, ت, ث, ج, ح, خ, د, ذ, ر, ز, س, ش, ص, ض, ط, ظ, ع, غ, ف, ق, ك, ل, م, ن, ه, و, ي, , ก, ข, ฃ, ค, ฅ, ฆ, ง, จ, ฉ, ช, ซ, ฌ, ญ, ฎ, ฏ, ฐ, ฑ, ฒ, ณ, ด, ต, ถ, ท, ธ, น, บ, ป, ผ, ฝ, พ, ฟ, ภ, ม, ย, ร, ฤ, ล, ฦ, ว, ศ, ษ, ส, ห, ฬ, อ, ฮ, , ㄱ, ㄴ, ㄷ, ㄹ, ㅁ, ㅂ, ㅅ, ㅇ, ㅈ, ㅊ, ㅋ, ㅌ, ㅍ, ㅎ, , あ, か, さ, た, な, は, ま, や, ら, わ, #, ]
D/dalvikvm(  527): GC_FOR_ALLOC freed 57K, 15% free 7201K/8436K, paused 22ms, total 22ms
D/dalvikvm(  584): GC_FOR_ALLOC freed 6547K, 7% free 6421K/6836K, paused 10ms, total 10ms
I/ActivityManager(  527): Displayed com.android.launcher/com.android.launcher2.Launcher: +7s432ms
I/dalvikvm-heap(  584): Grow heap (frag case) to 12.499MB for 6410572-byte allocation
D/dalvikvm(  731): GC_FOR_ALLOC freed 408K, 14% free 3372K/3900K, paused 63ms, total 64ms
D/MobileDataStateTracker(  527): fota: Broadcast received: android.intent.action.ANY_DATA_STATE apnType=fota
D/dalvikvm(  584): GC_FOR_ALLOC freed 54K, 4% free 12627K/13100K, paused 53ms, total 56ms
D/MobileDataStateTracker(  527): fota: Received state=DISCONNECTED, old=DISCONNECTED, reason=simLoaded
D/MobileDataStateTracker(  527): ia: Broadcast received: android.intent.action.ANY_DATA_STATE apnType=ia
D/MobileDataStateTracker(  527): ia: Received state=DISCONNECTED, old=DISCONNECTED, reason=simLoaded
D/MobileDataStateTracker(  527): supl: Broadcast received: android.intent.action.ANY_DATA_STATE apnType=supl
D/MobileDataStateTracker(  527): supl: Received state=DISCONNECTED, old=DISCONNECTED, reason=simLoaded
D/MobileDataStateTracker(  527): hipri: Broadcast received: android.intent.action.ANY_DATA_STATE apnType=hipri
D/MobileDataStateTracker(  527): hipri: Received state=DISCONNECTED, old=DISCONNECTED, reason=simLoaded
D/MobileDataStateTracker(  527): ims: Broadcast received: android.intent.action.ANY_DATA_STATE apnType=ims
D/MobileDataStateTracker(  527): ims: Received state=DISCONNECTED, old=DISCONNECTED, reason=simLoaded
D/MobileDataStateTracker(  527): mms: Broadcast received: android.intent.action.ANY_DATA_STATE apnType=mms
