D/MobileDataStateTracker(  527): mms: Received state=DISCONNECTED, old=DISCONNECTED, reason=simLoaded
D/MobileDataStateTracker(  527): cbs: Broadcast received: android.intent.action.ANY_DATA_STATE apnType=cbs
D/MobileDataStateTracker(  527): cbs: Received state=DISCONNECTED, old=DISCONNECTED, reason=simLoaded
D/MobileDataStateTracker(  527): default: Broadcast received: android.intent.action.ANY_DATA_STATE apnType=default
D/MobileDataStateTracker(  527): default: Received state=CONNECTING, old=DISCONNECTED, reason=simLoaded
D/MobileDataStateTracker(  527): default: setDetailed state, old =IDLE and new state=CONNECTING
D/MobileDataStateTracker(  527): fota: Broadcast received: android.intent.action.ANY_DATA_STATE apnType=fota
D/MobileDataStateTracker(  527): fota: Received state=DISCONNECTED, old=DISCONNECTED, reason=simLoaded
D/MobileDataStateTracker(  527): ia: Broadcast received: android.intent.action.ANY_DATA_STATE apnType=ia
D/MobileDataStateTracker(  527): ia: Received state=DISCONNECTED, old=DISCONNECTED, reason=simLoaded
D/MobileDataStateTracker(  527): supl: Broadcast received: android.intent.action.ANY_DATA_STATE apnType=supl
D/MobileDataStateTracker(  527): supl: Received state=DISCONNECTED, old=DISCONNECTED, reason=simLoaded
D/MobileDataStateTracker(  527): hipri: Broadcast received: android.intent.action.ANY_DATA_STATE apnType=hipri
D/MobileDataStateTracker(  527): hipri: Received state=DISCONNECTED, old=DISCONNECTED, reason=simLoaded
D/MobileDataStateTracker(  527): ims: Broadcast received: android.intent.action.ANY_DATA_STATE apnType=ims
D/MobileDataStateTracker(  527): ims: Received state=DISCONNECTED, old=DISCONNECTED, reason=simLoaded
D/MobileDataStateTracker(  527): mms: Broadcast received: android.intent.action.ANY_DATA_STATE apnType=mms
D/MobileDataStateTracker(  527): mms: Received state=DISCONNECTED, old=DISCONNECTED, reason=simLoaded
D/MobileDataStateTracker(  527): cbs: Broadcast received: android.intent.action.ANY_DATA_STATE apnType=cbs
D/MobileDataStateTracker(  527): cbs: Received state=DISCONNECTED, old=DISCONNECTED, reason=simLoaded
D/MobileDataStateTracker(  527): default: Broadcast received: android.intent.action.ANY_DATA_STATE apnType=default
D/MobileDataStateTracker(  527): default: Received state=CONNECTED, old=CONNECTING, reason=connected
D/MobileDataStateTracker(  527): default: setDetailed state, old =CONNECTING and new state=CONNECTED
D/ConnectivityService(  527): ConnectivityChange for mobile: CONNECTED/CONNECTED
D/ConnectivityService(  527): ConnectivityChange checkMobileProvisioning for TYPE_MOBILE or ProvisioningNetwork
D/ConnectivityService(  527): checkMobileProvisioning: E suggestedTimeOutMs=60000
D/ConnectivityService(  527): setProvNotificationVisible: E visible=false networkType=5 extraInfo=null url=null
D/ConnectivityService(  527): checkMobileProvisioning: params={ url=http://clients3.google.com/generate_204 mTimeOutMs=60000 mCb=com.android.server.ConnectivityService$5@52a2b488}
D/ConnectivityService(  527): checkMobileProvisioning: X
D/dalvikvm(  731): GC_FOR_ALLOC freed 490K, 16% free 3391K/4004K, paused 8ms, total 8ms
D/MobileDataStateTracker(  527): default: isProvisioningNetwork: retVal=false
D/ConnectivityService(  527): [CheckMp] isMobileOk: isDefaultProvisioning=false
D/MobileDataStateTracker(  527): hipri: isProvisioningNetwork: retVal=false
D/ConnectivityService(  527): [CheckMp] isMobileOk: isHipriProvisioning=false
D/ConnectivityService(  527): [CheckMp] isMobileOk: start hipri url=http://clients3.google.com/generate_204
D/MobileDataStateTracker(  527): default: Broadcast received: android.intent.action.ANY_DATA_STATE apnType=default
D/MobileDataStateTracker(  527): default: Received state=DISCONNECTED, old=CONNECTED, reason=dataDisabled
D/ConnectivityService(  527): startUsingNetworkFeature reconnecting to 0: enableHIPRI
D/MobileDataStateTracker(  527): default: setDetailed state, old =CONNECTED and new state=DISCONNECTED
D/ConnectivityService(  527): ConnectivityChange for mobile: DISCONNECTED/DISCONNECTED
D/ConnectivityService(  527): Attempting to switch to WIFI
D/Nat464Xlat(  527): requiresClat: netType=0, hasIPv4Address=true
D/ConnectivityService(  527): startUsingNetworkFeature X: return APN_REQUEST_STARTED
D/ConnectivityService(  527): [CheckMp] isMobileOk: hipri started
D/ConnectivityService(  527): [CheckMp] isMobileOk: not connected ni=NetworkInfo: type: mobile_hipri[UMTS], state: DISCONNECTED/IDLE, reason: (unspecified), extra: (none), roaming: false, failover: false, isAvailable: true, isConnectedToProvisioningNetwork: false
D/MobileDataStateTracker(  527): hipri: Broadcast received: android.intent.action.ANY_DATA_STATE apnType=hipri
D/MobileDataStateTracker(  527): hipri: Received state=CONNECTING, old=DISCONNECTED, reason=dataEnabled
D/MobileDataStateTracker(  527): hipri: setDetailed state, old =IDLE and new state=CONNECTING
D/MobileDataStateTracker(  527): fota: Broadcast received: android.intent.action.ANY_DATA_STATE apnType=fota
D/MobileDataStateTracker(  527): fota: Received state=DISCONNECTED, old=DISCONNECTED, reason=dataEnabled
D/MobileDataStateTracker(  527): ia: Broadcast received: android.intent.action.ANY_DATA_STATE apnType=ia
I/WindowManager(  527): Screen frozen for +1s706ms due to Window{529f9a94 u0 com.android.systemui.ImageWallpaper}
D/MobileDataStateTracker(  527): ia: Received state=DISCONNECTED, old=DISCONNECTED, reason=dataEnabled
D/MobileDataStateTracker(  527): supl: Broadcast received: android.intent.action.ANY_DATA_STATE apnType=supl
D/MobileDataStateTracker(  527): supl: Received state=DISCONNECTED, old=DISCONNECTED, reason=dataEnabled
D/MobileDataStateTracker(  527): ims: Broadcast received: android.intent.action.ANY_DATA_STATE apnType=ims
D/MobileDataStateTracker(  527): ims: Received state=DISCONNECTED, old=DISCONNECTED, reason=dataEnabled
D/MobileDataStateTracker(  527): default: Broadcast received: android.intent.action.ANY_DATA_STATE apnType=default
D/MobileDataStateTracker(  527): default: Received state=DISCONNECTED, old=DISCONNECTED, reason=dataEnabled
D/MobileDataStateTracker(  527): mms: Broadcast received: android.intent.action.ANY_DATA_STATE apnType=mms
D/MobileDataStateTracker(  527): mms: Received state=DISCONNECTED, old=DISCONNECTED, reason=dataEnabled
D/MobileDataStateTracker(  527): cbs: Broadcast received: android.intent.action.ANY_DATA_STATE apnType=cbs
D/MobileDataStateTracker(  527): cbs: Received state=DISCONNECTED, old=DISCONNECTED, reason=dataEnabled
D/MobileDataStateTracker(  527): hipri: Broadcast received: android.intent.action.ANY_DATA_STATE apnType=hipri
D/MobileDataStateTracker(  527): hipri: Received state=CONNECTED, old=CONNECTING, reason=connected
D/MobileDataStateTracker(  527): hipri: setDetailed state, old =CONNECTING and new state=CONNECTED
D/ConnectivityService(  527): ConnectivityChange for mobile_hipri: CONNECTED/CONNECTED
D/MobileDataStateTracker(  527): hipri: isProvisioningNetwork: retVal=false
D/ConnectivityService(  527): [CheckMp] isMobileOk: isProvisioningNetwork is false, continue
I/ActivityManager(  527): Start proc com.google.process.location for on-hold: pid=961 uid=10061 gids={50061, 3003, 1007, 1028, 1015, 3002, 3001, 3007, 2001, 3006}
I/SurfaceFlinger(  151): Boot is finished (73441 ms)
E/jdwp    (  961): Failed sending reply to debugger: Broken pipe
D/dalvikvm(  961): Debugger has detached; object registry had 1 entries
V/RenderScript(  746): 0xb8fa93c0 Launching thread(s), CPUs 4
E/NetdConnector(  527): NDC Command {37 interface fwmark exempt add 8.8.8.8/32} took too long (2603ms)
D/Nat464Xlat(  527): requiresClat: netType=5, hasIPv4Address=true
D/Tethering(  527): MasterInitialState.processMessage what=3
D/Tethering(  527): MasterInitialState.processMessage what=3
D/CaptivePortalTracker(  527): DelayedCaptiveCheckState{ when=-3ms what=1 obj=NetworkInfo: type: mobile[UMTS], state: DISCONNECTED/DISCONNECTED, reason: dataDisabled, extra: epc.tmobile.com, roaming: false, failover: false, isAvailable: true, isConnectedToProvisioningNetwork: false target=com.android.internal.util.StateMachine$SmHandler }
D/CaptivePortalTracker(  527): DelayedCaptiveCheckState{ when=-3ms what=1 obj=NetworkInfo: type: WIFI[], state: CONNECTED/CONNECTED, reason: (unspecified), extra: "WiredSSID", roaming: false, failover: false, isAvailable: true, isConnectedToProvisioningNetwork: false target=com.android.internal.util.StateMachine$SmHandler }
W/dalvikvm(  924): threadid=5: spin on suspend #1 threadid=1 (pcf=0)
W/dalvikvm(  924): threadid=5: spin on suspend #2 threadid=1 (pcf=0)
I/dalvikvm(  924): "Compiler" daemon prio=5 tid=5 VMWAIT
I/dalvikvm(  924):   | group="system" sCount=0 dsCount=0 obj=0xa4fd7750 self=0xb8deefb8
I/dalvikvm(  924):   | sysTid=931 nice=0 sched=0/0 cgrp=apps/bg_non_interactive handle=-1193349776
I/dalvikvm(  924):   | state=R schedstat=( 14012353 63932462 32 ) utm=0 stm=0 core=0
D/dalvikvm(  746): GC_FOR_ALLOC freed 74K, 8% free 4370K/4700K, paused 8ms, total 8ms
I/dalvikvm-heap(  746): Grow heap (frag case) to 5.261MB for 921612-byte allocation
D/dalvikvm(  746): GC_FOR_ALLOC freed 122K, 9% free 5148K/5604K, paused 9ms, total 9ms
D/dalvikvm(  746): GC_FOR_ALLOC freed <1K, 9% free 5149K/5604K, paused 9ms, total 9ms
I/dalvikvm-heap(  746): Grow heap (frag case) to 6.022MB for 921612-byte allocation
D/dalvikvm(  527): GC_EXPLICIT freed 510K, 14% free 7270K/8436K, paused 1ms+2ms, total 39ms
I/dalvikvm(  924):   #00  pc 000bd936  /system/lib/libdvm.so (dvmDumpNativeStack(DebugOutputTarget const*, int)+86)
I/dalvikvm(  924):   #01  pc 00098513  /system/lib/libdvm.so (dvmDumpThreadEx(DebugOutputTarget const*, Thread*, bool)+1155)
I/dalvikvm(  924):   #02  pc 0009b333  /system/lib/libdvm.so (dvmSuspendAllThreads(SuspendCause)+707)
I/dalvikvm(  924):   #03  pc 000f3e7c  /system/lib/libdvm.so
I/dalvikvm(  924):   #04  pc 00098f78  /system/lib/libdvm.so
I/dalvikvm(  924):   #05  pc 0000bc7c  /system/lib/libc.so (__thread_entry+236)
I/dalvikvm(  924):   #06  pc 0003e295  /system/lib/libc.so (__pthread_clone+69)
I/dalvikvm(  924):   at dalvik.system.NativeStart.run(Native Method)
I/dalvikvm(  924): 
I/dalvikvm(  924): "main" prio=5 tid=1 RUNNABLE
I/dalvikvm(  924):   | group="main" sCount=1 dsCount=0 obj=0xa4d01bd8 self=0xb8db1eb0
I/dalvikvm(  924):   | sysTid=924 nice=0 sched=0/0 cgrp=apps handle=-1216921536
I/dalvikvm(  924):   | state=D schedstat=( 91572729 70694323 88 ) utm=0 stm=8 core=3
I/dalvikvm(  924):   at dalvik.system.DexFile.defineClassNative(Native Method)
I/dalvikvm(  924):   at dalvik.system.DexFile.defineClass(DexFile.java:222)
I/dalvikvm(  924):   at dalvik.system.DexFile.loadClassBinaryName(DexFile.java:215)
I/dalvikvm(  924):   at dalvik.system.DexPathList.findClass(DexPathList.java:322)
I/dalvikvm(  924):   at dalvik.system.BaseDexClassLoader.findClass(BaseDexClassLoader.java:54)
I/dalvikvm(  924):   at java.lang.ClassLoader.loadClass(ClassLoader.java:497)
I/dalvikvm(  924):   at java.lang.ClassLoader.loadClass(ClassLoader.java:457)
I/dalvikvm(  924):   at android.app.ActivityThread.installProvider(ActivityThread.java:4762)
I/dalvikvm(  924):   at android.app.ActivityThread.installContentProviders(ActivityThread.java:4369)
I/dalvikvm(  924):   at android.app.ActivityThread.handleBindApplication(ActivityThread.java:4309)
I/dalvikvm(  924):   at android.app.ActivityThread.access$1500(ActivityThread.java:135)
I/dalvikvm(  924):   at android.app.ActivityThread$H.handleMessage(ActivityThread.java:1256)
I/dalvikvm(  924):   at android.os.Handler.dispatchMessage(Handler.java:102)
I/dalvikvm(  924):   at android.os.Looper.loop(Looper.java:136)
I/dalvikvm(  924):   at android.app.ActivityThread.main(ActivityThread.java:5001)
I/dalvikvm(  924):   at java.lang.reflect.Method.invokeNative(Native Method)
I/dalvikvm(  924):   at java.lang.reflect.Method.invoke(Method.java:515)
I/dalvikvm(  924):   at com.android.internal.os.ZygoteInit$MethodAndArgsCaller.run(ZygoteInit.java:785)
I/dalvikvm(  924):   at com.android.internal.os.ZygoteInit.main(ZygoteInit.java:601)
I/dalvikvm(  924):   at dalvik.system.NativeStart.main(Native Method)
I/dalvikvm(  924): 
W/dalvikvm(  924): threadid=5: spin on suspend resolved in 3037 msec
D/dalvikvm(  746): GC_FOR_ALLOC freed <1K, 8% free 6049K/6508K, paused 7ms, total 7ms
D/dalvikvm(  746): GC_FOR_ALLOC freed <1K, 8% free 6050K/6508K, paused 8ms, total 8ms
I/dalvikvm-heap(  746): Grow heap (frag case) to 6.901MB for 921612-byte allocation
D/dalvikvm(  746): GC_FOR_ALLOC freed <1K, 7% free 6950K/7412K, paused 9ms, total 9ms
I/Choreographer(  746): Skipped 357 frames!  The application may be doing too much work on its main thread.
D/CaptivePortalTracker(  527): DelayedCaptiveCheckState{ when=-3ms what=2 arg1=1 target=com.android.internal.util.StateMachine$SmHandler }
D/ConnectivityService(  527): setProvNotificationVisible: E visible=false networkType=1 extraInfo=null url=null
D/Tethering(  527): MasterInitialState.processMessage what=3
W/dalvikvm(  961): threadid=5: spin on suspend #1 threadid=1 (pcf=0)
W/dalvikvm(  961): threadid=5: spin on suspend resolved in 1752 msec
I/Choreographer(  746): Skipped 54 frames!  The application may be doing too much work on its main thread.
V/BackupManagerService(  527): Connected to transport ComponentInfo{com.google.android.backuptransport/com.google.android.backup.BackupTransportService}
V/BackupManagerService(  527): Registering transport com.google.android.backuptransport/com.google.android.backup.BackupTransportService::com.google.android.backup/.BackupTransportService = com.android.internal.backup.IBackupTransport$Stub$Proxy@529836dc
W/AudioService(  527): onLoadSoundEffects() called before boot complete
I/Choreographer(  746): Skipped 35 frames!  The application may be doing too much work on its main thread.
D/dalvikvm(  746): GC_FOR_ALLOC freed 797K, 12% free 7479K/8412K, paused 14ms, total 15ms
I/GservicesProvider(  924): Gservices pushing to system: true; secure/global: true
D/dalvikvm(  924): GC_FOR_ALLOC freed 221K, 10% free 3136K/3480K, paused 6ms, total 6ms
D/android.widget.GridLayout(  746): horizontal constraints: x1-x0>=350, x2-x1>=390, x2-x0<=736 are inconsistent; permanently removing: x2-x0<=736. 
D/android.widget.GridLayout(  746): horizontal constraints: x1-x0>=350, x2-x1>=390, x2-x0<=736 are inconsistent; permanently removing: x2-x0<=736. 
D/android.widget.GridLayout(  746): horizontal constraints: x1-x0>=350, x2-x1>=390, x2-x0<=736 are inconsistent; permanently removing: x2-x0<=736. 
D/dalvikvm(  746): GC_FOR_ALLOC freed 983K, 13% free 8007K/9112K, paused 14ms, total 14ms
W/View    (  746): requestLayout() improperly called by android.widget.TextView{52adc268 V.ED.... ......ID 0,0-281,36 #7f07000f app:id/widget_name} during layout: running second layout pass
W/View    (  746): requestLayout() improperly called by android.widget.TextView{52adc564 V.ED.... ......ID 291,1-342,34 #7f070010 app:id/widget_dims} during layout: running second layout pass
W/View    (  746): requestLayout() improperly called by android.widget.TextView{52add3c0 V.ED.... ......ID 0,0-281,36 #7f07000f app:id/widget_name} during layout: running second layout pass
W/View    (  746): requestLayout() improperly called by android.widget.TextView{52add6bc V.ED.... ......ID 291,1-342,34 #7f070010 app:id/widget_dims} during layout: running second layout pass
W/View    (  746): requestLayout() improperly called by android.widget.TextView{52ade0d0 V.ED.... ......ID 0,0-281,36 #7f07000f app:id/widget_name} during layout: running second layout pass
W/View    (  746): requestLayout() improperly called by android.widget.TextView{52ade3cc V.ED.... ......ID 291,1-342,34 #7f070010 app:id/widget_dims} during layout: running second layout pass
W/View    (  746): requestLayout() improperly called by android.widget.TextView{52adf2c0 V.ED.... ......ID 0,0-281,36 #7f07000f app:id/widget_name} during layout: running second layout pass
W/View    (  746): requestLayout() improperly called by android.widget.TextView{52adf5bc V.ED.... ......ID 291,1-342,34 #7f070010 app:id/widget_dims} during layout: running second layout pass
W/View    (  746): requestLayout() improperly called by android.widget.TextView{52ae04b0 V.ED.... ......ID 0,0-281,36 #7f07000f app:id/widget_name} during layout: running second layout pass
W/View    (  746): requestLayout() improperly called by android.widget.TextView{52ae07ac V.ED.... ......ID 291,1-342,34 #7f070010 app:id/widget_dims} during layout: running second layout pass
W/View    (  746): requestLayout() improperly called by android.widget.TextView{52ae1518 V.ED.... ......ID 0,0-281,36 #7f07000f app:id/widget_name} during layout: running second layout pass
W/View    (  746): requestLayout() improperly called by android.widget.TextView{52ae1814 V.ED.... ......ID 291,1-342,34 #7f070010 app:id/widget_dims} during layout: running second layout pass
W/View    (  746): requestLayout() improperly called by android.widget.TextView{52ad6790 V.ED.... ......ID 0,0-281,36 #7f07000f app:id/widget_name} during layout: running second layout pass
W/View    (  746): requestLayout() improperly called by android.widget.TextView{52ad6a8c V.ED.... ......ID 291,1-342,34 #7f070010 app:id/widget_dims} during layout: running second layout pass
W/View    (  746): requestLayout() improperly called by android.widget.TextView{52ad7750 V.ED.... ......ID 0,0-281,36 #7f07000f app:id/widget_name} during layout: running second layout pass
W/View    (  746): requestLayout() improperly called by android.widget.TextView{52ad7a4c V.ED.... ......ID 291,1-342,34 #7f070010 app:id/widget_dims} during layout: running second layout pass
W/View    (  746): requestLayout() improperly called by android.widget.TextView{52ad87a8 V.ED.... ......ID 0,0-281,36 #7f07000f app:id/widget_name} during layout: running second layout pass
W/View    (  746): requestLayout() improperly called by android.widget.TextView{52ad8aa4 V.ED.... ......ID 291,1-342,34 #7f070010 app:id/widget_dims} during layout: running second layout pass
W/View    (  746): requestLayout() improperly called by android.widget.TextView{52ad94b8 V.ED.... ......ID 0,0-281,36 #7f07000f app:id/widget_name} during layout: running second layout pass
W/View    (  746): requestLayout() improperly called by android.widget.TextView{52ad97b4 V.ED.... ......ID 291,1-342,34 #7f070010 app:id/widget_dims} during layout: running second layout pass
W/View    (  746): requestLayout() improperly called by android.widget.TextView{52ada1cc V.ED.... ......ID 0,0-281,36 #7f07000f app:id/widget_name} during layout: running second layout pass
D/dalvikvm(  703): DexOpt: couldn't find static field Landroid/os/Build;.SUPPORTED_ABIS
W/dalvikvm(  703): VFY: unable to resolve static field 120 (SUPPORTED_ABIS) in Landroid/os/Build;
D/dalvikvm(  703): VFY: replacing opcode 0x62 at 0x000a
W/View    (  746): requestLayout() improperly called by android.widget.TextView{52ada4c8 V.ED.... ......ID 291,1-342,34 #7f070010 app:id/widget_dims} during layout: running second layout pass
W/View    (  746): requestLayout() improperly called by android.widget.TextView{52adb264 V.ED.... ......ID 0,0-281,36 #7f07000f app:id/widget_name} during layout: running second layout pass
W/View    (  746): requestLayout() improperly called by android.widget.TextView{52adb560 V.ED.... ......ID 291,1-342,34 #7f070010 app:id/widget_dims} during layout: running second layout pass
D/dalvikvm(  703): DexOpt: couldn't find field Landroid/content/pm/ApplicationInfo;.splitSourceDirs
W/dalvikvm(  703): VFY: unable to resolve instance field 36
D/dalvikvm(  703): VFY: replacing opcode 0x54 at 0x005f
D/dalvikvm(  703): DexOpt: couldn't find static field Landroid/os/Build;.SUPPORTED_ABIS
W/View    (  746): requestLayout() improperly called by android.widget.TextView{52a22ff0 V.ED.... ......ID 0,0-281,36 #7f07000f app:id/widget_name} during layout: running second layout pass
W/dalvikvm(  703): VFY: unable to resolve static field 120 (SUPPORTED_ABIS) in Landroid/os/Build;
D/dalvikvm(  703): VFY: replacing opcode 0x62 at 0x0047
W/View    (  746): requestLayout() improperly called by android.widget.TextView{52a232ec V.ED.... ......ID 291,1-342,34 #7f070010 app:id/widget_dims} during layout: running second layout pass
D/dalvikvm(  703): DexOpt: couldn't find field Landroid/content/pm/ApplicationInfo;.splitSourceDirs
I/dalvikvm(  703): DexOpt: unable to optimize instance field ref 0x0024 at 0x63 in Lcom/google/android/gms/common/util/ay;.b
W/View    (  746): requestLayout() improperly called by android.widget.TextView{52ad10b8 V.ED.... ......ID 0,0-281,36 #7f07000f app:id/widget_name} during layout: running second layout pass
W/View    (  746): requestLayout() improperly called by android.widget.TextView{52ad13b4 V.ED.... ......ID 291,1-342,34 #7f070010 app:id/widget_dims} during layout: running second layout pass
W/View    (  746): requestLayout() improperly called by android.widget.TextView{52ad2190 V.ED.... ......ID 0,0-281,36 #7f07000f app:id/widget_name} during layout: running second layout pass
W/View    (  746): requestLayout() improperly called by android.widget.TextView{52ad248c V.ED.... ......ID 291,1-342,34 #7f070010 app:id/widget_dims} during layout: running second layout pass
W/View    (  746): requestLayout() improperly called by android.widget.TextView{52ad3344 V.ED.... ......ID 0,0-281,36 #7f07000f app:id/widget_name} during layout: running second layout pass
W/View    (  746): requestLayout() improperly called by android.widget.TextView{52ad3640 V.ED.... ......ID 291,1-342,34 #7f070010 app:id/widget_dims} during layout: running second layout pass
W/View    (  746): requestLayout() improperly called by android.widget.TextView{52ad4304 V.ED.... ......ID 0,0-281,36 #7f07000f app:id/widget_name} during layout: running second layout pass
D/dalvikvm(  924): GC_FOR_ALLOC freed 322K, 12% free 3324K/3772K, paused 9ms, total 10ms
W/View    (  746): requestLayout() improperly called by android.widget.TextView{52ad4600 V.ED.... ......ID 291,1-342,34 #7f070010 app:id/widget_dims} during layout: running second layout pass
W/View    (  746): requestLayout() improperly called by android.widget.TextView{52ad541c V.ED.... ......ID 0,0-281,36 #7f07000f app:id/widget_name} during layout: running second layout pass
W/View    (  746): requestLayout() improperly called by android.widget.TextView{52ad5718 V.ED.... ......ID 291,1-342,34 #7f070010 app:id/widget_dims} during layout: running second layout pass
W/ResourceType(  746): No package identifier when getting name for resource number 0x00000019
W/View    (  746): requestLayout() improperly called by com.android.launcher2.PagedViewIcon{528704fc VFED..CL ......ID 0,0-148,184 #19} during layout: running second layout pass
W/ResourceType(  746): No package identifier when getting name for resource number 0x0000001a
W/View    (  746): requestLayout() improperly called by com.android.launcher2.PagedViewIcon{52870ae0 VFED..CL ......ID 147,0-295,184 #1a} during layout: running second layout pass
W/ResourceType(  746): No package identifier when getting name for resource number 0x0000001b
W/View    (  746): requestLayout() improperly called by com.android.launcher2.PagedViewIcon{52a20a50 VFED..CL ......ID 294,0-442,184 #1b} during layout: running second layout pass
W/ResourceType(  746): No package identifier when getting name for resource number 0x0000001c
W/View    (  746): requestLayout() improperly called by com.android.launcher2.PagedViewIcon{52a20eb8 VFED..CL ......ID 441,0-589,184 #1c} during layout: running second layout pass
W/ResourceType(  746): No package identifier when getting name for resource number 0x0000001d
W/View    (  746): requestLayout() improperly called by com.android.launcher2.PagedViewIcon{52a2145c VFED..CL ......ID 588,0-736,184 #1d} during layout: running second layout pass
W/View    (  746): requestLayout() improperly called by com.android.launcher2.PagedViewIcon{5280b180 VFED..CL ......ID 0,0-148,184 #0} during layout: running second layout pass
W/ResourceType(  746): No package identifier when getting name for resource number 0x00000001
W/View    (  746): requestLayout() improperly called by com.android.launcher2.PagedViewIcon{52890d98 VFED..CL ......ID 147,0-295,184 #1} during layout: running second layout pass
W/ResourceType(  746): No package identifier when getting name for resource number 0x00000002
W/View    (  746): requestLayout() improperly called by com.android.launcher2.PagedViewIcon{5289133c VFED..CL ......ID 294,0-442,184 #2} during layout: running second layout pass
W/ResourceType(  746): No package identifier when getting name for resource number 0x00000003
W/View    (  746): requestLayout() improperly called by com.android.launcher2.PagedViewIcon{528918e0 VFED..CL ......ID 441,0-589,184 #3} during layout: running second layout pass
W/ResourceType(  746): No package identifier when getting name for resource number 0x00000004
W/View    (  746): requestLayout() improperly called by com.android.launcher2.PagedViewIcon{52891e84 VFED..CL ......ID 588,0-736,184 #4} during layout: running second layout pass
W/ResourceType(  746): No package identifier when getting name for resource number 0x00000005
W/View    (  746): requestLayout() improperly called by com.android.launcher2.PagedViewIcon{52892428 VFED..CL ......ID 0,193-148,377 #5} during layout: running second layout pass
W/ResourceType(  746): No package identifier when getting name for resource number 0x00000006
W/View    (  746): requestLayout() improperly called by com.android.launcher2.PagedViewIcon{5288e23c VFED..CL ......ID 147,193-295,377 #6} during layout: running second layout pass
W/ResourceType(  746): No package identifier when getting name for resource number 0x00000007
W/View    (  746): requestLayout() improperly called by com.android.launcher2.PagedViewIcon{5288e76c VFED..CL ......ID 294,193-442,377 #7} during layout: running second layout pass
W/ResourceType(  746): No package identifier when getting name for resource number 0x00000008
W/View    (  746): requestLayout() improperly called by com.android.launcher2.PagedViewIcon{5288ed10 VFED..CL ......ID 441,193-589,377 #8} during layout: running second layout pass
W/ResourceType(  746): No package identifier when getting name for resource number 0x00000009
W/View    (  746): requestLayout() improperly called by com.android.launcher2.PagedViewIcon{5288f2b4 VFED..CL ......ID 588,193-736,377 #9} during layout: running second layout pass
W/ResourceType(  746): No package identifier when getting name for resource number 0x0000000a
W/View    (  746): requestLayout() improperly called by com.android.launcher2.PagedViewIcon{5288f858 VFED..CL ......ID 0,386-148,570 #a} during layout: running second layout pass
W/ResourceType(  746): No package identifier when getting name for resource number 0x0000000b
W/View    (  746): requestLayout() improperly called by com.android.launcher2.PagedViewIcon{5288fdfc VFED..CL ......ID 147,386-295,570 #b} during layout: running second layout pass
W/ResourceType(  746): No package identifier when getting name for resource number 0x0000000c
W/View    (  746): requestLayout() improperly called by com.android.launcher2.PagedViewIcon{52a512a0 VFED..CL ......ID 294,386-442,570 #c} during layout: running second layout pass
W/ResourceType(  746): No package identifier when getting name for resource number 0x0000000d
W/View    (  746): requestLayout() improperly called by com.android.launcher2.PagedViewIcon{52a517ec VFED..CL ......ID 441,386-589,570 #d} during layout: running second layout pass
W/ResourceType(  746): No package identifier when getting name for resource number 0x0000000e
W/View    (  746): requestLayout() improperly called by com.android.launcher2.PagedViewIcon{52a51d90 VFED..CL ......ID 588,386-736,570 #e} during layout: running second layout pass
W/ResourceType(  746): No package identifier when getting name for resource number 0x0000000f
W/View    (  746): requestLayout() improperly called by com.android.launcher2.PagedViewIcon{52a52334 VFED..CL ......ID 0,579-148,763 #f} during layout: running second layout pass
W/ResourceType(  746): No package identifier when getting name for resource number 0x00000010
W/View    (  746): requestLayout() improperly called by com.android.launcher2.PagedViewIcon{52a528d8 VFED..CL ......ID 147,579-295,763 #10} during layout: running second layout pass
W/ResourceType(  746): No package identifier when getting name for resource number 0x00000011
W/View    (  746): requestLayout() improperly called by com.android.launcher2.PagedViewIcon{52a52e7c VFED..CL ......ID 294,579-442,763 #11} during layout: running second layout pass
W/ResourceType(  746): No package identifier when getting name for resource number 0x00000012
W/View    (  746): requestLayout() improperly called by com.android.launcher2.PagedViewIcon{52a53420 VFED..CL ......ID 441,579-589,763 #12} during layout: running second layout pass
W/ResourceType(  746): No package identifier when getting name for resource number 0x00000013
W/View    (  746): requestLayout() improperly called by com.android.launcher2.PagedViewIcon{52a53a44 VFED..CL ......ID 588,579-736,763 #13} during layout: running second layout pass
W/ResourceType(  746): No package identifier when getting name for resource number 0x00000014
W/View    (  746): requestLayout() improperly called by com.android.launcher2.PagedViewIcon{5286e7c0 VFED..CL ......ID 0,772-148,956 #14} during layout: running second layout pass
W/ResourceType(  746): No package identifier when getting name for resource number 0x00000015
W/View    (  746): requestLayout() improperly called by com.android.launcher2.PagedViewIcon{5286ed64 VFED..CL ......ID 147,772-295,956 #15} during layout: running second layout pass
W/ResourceType(  746): No package identifier when getting name for resource number 0x00000016
W/View    (  746): requestLayout() improperly called by com.android.launcher2.PagedViewIcon{5286f308 VFED..CL ......ID 294,772-442,956 #16} during layout: running second layout pass
W/ResourceType(  746): No package identifier when getting name for resource number 0x00000017
W/View    (  746): requestLayout() improperly called by com.android.launcher2.PagedViewIcon{5286f8ac VFED..CL ......ID 441,772-589,956 #17} during layout: running second layout pass
W/ResourceType(  746): No package identifier when getting name for resource number 0x00000018
W/View    (  746): requestLayout() improperly called by com.android.launcher2.PagedViewIcon{5286fe50 VFED..CL ......ID 588,772-736,956 #18} during layout: running second layout pass
D/dalvikvm(  703): Trying to load lib /data/app-lib/com.google.android.gms-1/libgmscore.so 0xa4fe9528
D/dalvikvm(  703): Added shared lib /data/app-lib/com.google.android.gms-1/libgmscore.so 0xa4fe9528
D/dalvikvm(  703): No JNI_OnLoad found in /data/app-lib/com.google.android.gms-1/libgmscore.so 0xa4fe9528, skipping init
D/dalvikvm(  703): Trying to load lib /data/app-lib/com.google.android.gms-1/libconscrypt_gmscore_jni.so 0xa4fe9528
D/dalvikvm(  703): Added shared lib /data/app-lib/com.google.android.gms-1/libconscrypt_gmscore_jni.so 0xa4fe9528
V/JNIHelp (  703): Registering com/google/android/gms/org/conscrypt/NativeCrypto's 254 native methods...
D/dalvikvm(  746): GC_FOR_ALLOC freed 181K, 12% free 8571K/9676K, paused 12ms, total 12ms
D/dalvikvm(  703): GC_FOR_ALLOC freed 335K, 14% free 3014K/3468K, paused 16ms, total 16ms
D/dalvikvm(  746): GC_FOR_ALLOC freed 69K, 11% free 9336K/10428K, paused 31ms, total 32ms
D/dalvikvm(  703): Trying to load lib /data/app-lib/com.google.android.gms-1/libgmscore.so 0xa4fe9528
D/dalvikvm(  703): Shared lib '/data/app-lib/com.google.android.gms-1/libgmscore.so' already loaded in same CL 0xa4fe9528
D/dalvikvm(  703): Trying to load lib /data/app-lib/com.google.android.gms-1/libconscrypt_gmscore_jni.so 0xa4fe9528
D/dalvikvm(  703): Shared lib '/data/app-lib/com.google.android.gms-1/libconscrypt_gmscore_jni.so' already loaded in same CL 0xa4fe9528
I/ProviderInstaller(  703): Installed default security provider GmsCore_OpenSSL
D/dalvikvm(  746): GC_FOR_ALLOC freed 115K, 10% free 10449K/11556K, paused 18ms, total 19ms
W/ActivityManager(  527): Timeout executing service: ServiceRecord{52a52894 u0 com.google.android.gms/com.google.android.location.network.NetworkLocationService}
I/Process (  527): Sending signal. PID: 703 SIG: 3
I/dalvikvm(  703): threadid=3: reacting to signal 3
I/dalvikvm(  703): Wrote stack traces to '/data/anr/traces.txt'
I/Process (  527): Sending signal. PID: 527 SIG: 3
I/dalvikvm(  527): threadid=3: reacting to signal 3
W/EventHub(  527): poll failed (errno=1)
D/dalvikvm(  703): GC_FOR_ALLOC freed 253K, 11% free 3274K/3648K, paused 38ms, total 39ms
E/Sensors (  527): Select fail, disconnect all clients (errno=4)
I/Process (  527): Sending signal. PID: 731 SIG: 3
I/dalvikvm(  527): Wrote stack traces to '/data/anr/traces.txt'
I/Choreographer(  746): Skipped 57 frames!  The application may be doing too much work on its main thread.
I/dalvikvm(  731): threadid=3: reacting to signal 3
I/Process (  527): Sending signal. PID: 584 SIG: 3
I/dalvikvm(  584): threadid=3: reacting to signal 3
I/dalvikvm(  584): Wrote stack traces to '/data/anr/traces.txt'
I/dalvikvm(  731): Wrote stack traces to '/data/anr/traces.txt'
D/dalvikvm(  703): GC_FOR_ALLOC freed 145K, 7% free 3640K/3908K, paused 58ms, total 58ms
D/dalvikvm(  703): GC_FOR_ALLOC freed 132K, 7% free 4002K/4260K, paused 13ms, total 13ms
D/dalvikvm(  703): GC_FOR_ALLOC freed 150K, 7% free 4351K/4632K, paused 7ms, total 7ms
I/dalvikvm(  703): Could not find method android.app.Notification$Builder.setLocalOnly, referenced from method com.google.android.gms.common.mz.b
W/dalvikvm(  703): VFY: unable to resolve virtual method 141: Landroid/app/Notification$Builder;.setLocalOnly (Z)Landroid/app/Notification$Builder;
D/dalvikvm(  703): VFY: replacing opcode 0x6e at 0x00ce
I/dalvikvm(  703): Could not find method android.content.pm.PackageManager.getPackageInstaller, referenced from method com.google.android.gms.common.nb.a
W/dalvikvm(  703): VFY: unable to resolve virtual method 424: Landroid/content/pm/PackageManager;.getPackageInstaller ()Landroid/content/pm/PackageInstaller;
D/dalvikvm(  703): VFY: replacing opcode 0x6e at 0x000d
I/dalvikvm(  703): Could not find method android.os.PowerManager.isPowerSaveMode, referenced from method com.google.android.location.util.ao.c
W/dalvikvm(  703): VFY: unable to resolve virtual method 1458: Landroid/os/PowerManager;.isPowerSaveMode ()Z
D/dalvikvm(  703): VFY: replacing opcode 0x6e at 0x000c
I/GCoreNlp(  703): shouldConfirmNlp, NLP off. Ensuring opt-in disabled
D/NativeLibraryUtils(  703): Install completed successfully. count=14 extracted=0
D/dalvikvm(  703): GC_FOR_ALLOC freed 326K, 10% free 4517K/4976K, paused 11ms, total 12ms
D/dalvikvm(  527): GC_FOR_ALLOC freed 472K, 15% free 7237K/8436K, paused 22ms, total 22ms
D/dalvikvm(  527): GC_FOR_ALLOC freed 92K, 14% free 7261K/8436K, paused 23ms, total 23ms
I/GCoreNlp(  703): shouldConfirmNlp, NLP off. Ensuring opt-in disabled
I/GCoreNlp(  703): shouldConfirmNlp, NLP off. Ensuring opt-in disabled
D/dalvikvm(  924): GC_FOR_ALLOC freed 540K, 17% free 3295K/3960K, paused 9ms, total 9ms
I/dalvikvm(  703): Failed resolving Lcom/google/android/gms/common/j/c; interface 122 'Landroid/content/pm/PackageManager$OnPermissionsChangedListener;'
W/dalvikvm(  703): Link of class 'Lcom/google/android/gms/common/j/c;' failed
D/dalvikvm(  703): GC_FOR_ALLOC freed 443K, 11% free 4631K/5196K, paused 12ms, total 13ms
E/dalvikvm(  703): Could not find class 'com.google.android.gms.common.j.c', referenced from method com.google.android.gms.common.j.b.a
W/dalvikvm(  703): VFY: unable to resolve new-instance 2797 (Lcom/google/android/gms/common/j/c;) in Lcom/google/android/gms/common/j/b;
D/dalvikvm(  703): VFY: replacing opcode 0x22 at 0x0000
I/dalvikvm(  703): Could not find method android.content.Context.checkSelfPermission, referenced from method com.google.android.gms.common.j.b.b
W/dalvikvm(  703): VFY: unable to resolve virtual method 274: Landroid/content/Context;.checkSelfPermission (Ljava/lang/String;)I
D/dalvikvm(  703): VFY: replacing opcode 0x6e at 0x0036
I/dalvikvm(  703): Failed resolving Lcom/google/android/gms/common/j/c; interface 122 'Landroid/content/pm/PackageManager$OnPermissionsChangedListener;'
W/dalvikvm(  703): Link of class 'Lcom/google/android/gms/common/j/c;' failed
D/dalvikvm(  703): DexOpt: unable to opt direct call 0x32c7 at 0x02 in Lcom/google/android/gms/common/j/b;.a
D/GeofencerStateMachine(  703): Creating GeofencerStateMachine
I/dalvikvm(  703): Could not find method android.app.AlarmManager.setExactAndAllowWhileIdle, referenced from method com.google.android.gms.common.stats.b.a
W/dalvikvm(  703): VFY: unable to resolve virtual method 69: Landroid/app/AlarmManager;.setExactAndAllowWhileIdle (IJLandroid/app/PendingIntent;)V
D/dalvikvm(  703): VFY: replacing opcode 0x6e at 0x0010
I/dalvikvm(  703): Failed resolving Lcom/google/android/gms/common/util/bo; interface 122 'Landroid/content/pm/PackageManager$OnPermissionsChangedListener;'
W/dalvikvm(  703): Link of class 'Lcom/google/android/gms/common/util/bo;' failed
E/dalvikvm(  703): Could not find class 'com.google.android.gms.common.util.bo', referenced from method com.google.android.gms.common.util.bm.a
W/dalvikvm(  703): VFY: unable to resolve new-instance 2494 (Lcom/google/android/gms/common/util/bo;) in Lcom/google/android/gms/common/util/bm;
D/dalvikvm(  703): VFY: replacing opcode 0x22 at 0x0010
I/dalvikvm(  703): Failed resolving Lcom/google/android/gms/common/util/bo; interface 122 'Landroid/content/pm/PackageManager$OnPermissionsChangedListener;'
W/dalvikvm(  703): Link of class 'Lcom/google/android/gms/common/util/bo;' failed
D/dalvikvm(  703): DexOpt: unable to opt direct call 0x3205 at 0x16 in Lcom/google/android/gms/common/util/bm;.a
I/dalvikvm(  703): Could not find method android.os.PowerManager.isDeviceIdleMode, referenced from method com.google.android.location.util.k.a
W/dalvikvm(  703): VFY: unable to resolve virtual method 1456: Landroid/os/PowerManager;.isDeviceIdleMode ()Z
D/dalvikvm(  703): VFY: replacing opcode 0x6e at 0x000a
I/GCoreUlr(  703): Starting service, intent=Intent { act=com.google.android.location.reporting.ACTION_UPDATE_WORLD cmp=com.google.android.gms/com.google.android.location.reporting.service.DispatchingService (has extras) }, extras=Bundle[{receiverAction=android.location.PROVIDERS_CHANGED}]
D/Sensors (  527): Client connection accepted (180)
V/GeofencerHelper(  703): Initializing geofence's system cache.
E/BluetoothAdapter(  609): Bluetooth binder is null
I/dalvikvm(  703): Could not find method android.os.UserHandle.isOwner, referenced from method com.google.android.location.internal.server.o.f
W/dalvikvm(  703): VFY: unable to resolve virtual method 1479: Landroid/os/UserHandle;.isOwner ()Z
D/dalvikvm(  703): VFY: replacing opcode 0x6e at 0x00ab
D/GeofenceStateCache(  703): Recovered 0 geofences.
I/GeofencerStateMachine(  703): Network location disabled.
D/dalvikvm(  703): GC_FOR_ALLOC freed 423K, 11% free 4803K/5348K, paused 19ms, total 19ms
D/dalvikvm(  527): GC_EXPLICIT freed 771K, 11% free 7589K/8488K, paused 1ms+3ms, total 69ms
D/dalvikvm(  527): WAIT_FOR_CONCURRENT_GC blocked 63ms
E/BluetoothAdapter(  703): Bluetooth binder is null
I/GCoreUlr(  703): DispatchingService.onCreate()
I/dalvikvm(  703): Could not find method android.accounts.AccountManager.getPreviousName, referenced from method com.google.android.location.util.c.a
W/dalvikvm(  703): VFY: unable to resolve virtual method 12: Landroid/accounts/AccountManager;.getPreviousName (Landroid/accounts/Account;)Ljava/lang/String;
D/dalvikvm(  703): VFY: replacing opcode 0x6e at 0x000a
W/dalvikvm(  703): VFY: unable to find class referenced in signature (Lcom/android/location/provider/ActivityChangedEvent;)
I/dalvikvm(  703): Could not find method com.android.location.provider.ActivityChangedEvent.getActivityRecognitionEvents, referenced from method com.google.android.location.a.j.a
W/dalvikvm(  703): VFY: unable to resolve virtual method 3725: Lcom/android/location/provider/ActivityChangedEvent;.getActivityRecognitionEvents ()Ljava/lang/Iterable;
D/dalvikvm(  703): VFY: replacing opcode 0x6e at 0x0009
D/dalvikvm(  703): GC_FOR_ALLOC freed 396K, 10% free 5039K/5560K, paused 19ms, total 21ms
W/Settings(  703): Setting airplane_mode_on has moved from android.provider.Settings.System to android.provider.Settings.Global, returning read-only value.
D/dalvikvm(  703): Trying to load lib /data/app-lib/com.google.android.gms-1/libleveldbjni.so 0xa4fe9528
D/dalvikvm(  703): Added shared lib /data/app-lib/com.google.android.gms-1/libleveldbjni.so 0xa4fe9528
I/Process (  527): Sending signal. PID: 746 SIG: 3
I/dalvikvm(  746): threadid=3: reacting to signal 3
I/dalvikvm(  746): Wrote stack traces to '/data/anr/traces.txt'
I/Process (  527): Sending signal. PID: 924 SIG: 3
I/dalvikvm(  924): threadid=3: reacting to signal 3
D/dalvikvm(  703): GC_EXPLICIT freed 469K, 11% free 5008K/5596K, paused 6ms+11ms, total 54ms
I/dalvikvm(  924): Wrote stack traces to '/data/anr/traces.txt'
I/dalvikvm(  703): Could not find method android.os.UserManager.isManagedProfile, referenced from method com.google.android.gms.tapandpay.j.f.a
W/dalvikvm(  703): VFY: unable to resolve virtual method 1482: Landroid/os/UserManager;.isManagedProfile ()Z
D/dalvikvm(  703): VFY: replacing opcode 0x6e at 0x0037
W/dalvikvm(  924): VFY: unable to resolve static field 560 (PR_SET_DUMPABLE) in Landroid/system/OsConstants;
D/dalvikvm(  924): VFY: replacing opcode 0x60 at 0x000b
I/dalvikvm(  924): Could not find method com.google.android.gms.common.app.GmsApplication.getSystemService, referenced from method com.google.android.gms.common.app.GmsApplication.onCreate
W/dalvikvm(  924): VFY: unable to resolve virtual method 11562: Lcom/google/android/gms/common/app/GmsApplication;.getSystemService (Ljava/lang/Class;)Ljava/lang/Object;
D/dalvikvm(  924): VFY: replacing opcode 0x6e at 0x00cd
I/MultiDex(  924): VM with version 1.6.0 does not have multidex support
I/MultiDex(  924): install
I/MultiDex(  924): MultiDexExtractor.load(/data/app/com.google.android.gms-1.apk, false)
E/ActivityManager(  527): ANR in com.google.android.gms.persistent
E/ActivityManager(  527): PID: 703
E/ActivityManager(  527): Reason: Executing service com.google.android.gms/com.google.android.location.network.NetworkLocationService
E/ActivityManager(  527): Load: 2.82 / 0.79 / 0.27
E/ActivityManager(  527): CPU usage from 4492ms to -4455ms ago:
E/ActivityManager(  527):   20% 703/com.google.android.gms.persistent: 7% user + 13% kernel / faults: 5676 minor 93 major
E/ActivityManager(  527):   23% 527/system_server: 2.8% user + 20% kernel / faults: 4365 minor 1 major
E/ActivityManager(  527):   18% 746/com.android.launcher: 9.3% user + 9.5% kernel / faults: 7899 minor 3 major
E/ActivityManager(  527):   10% 924/com.google.process.gapps: 3.3% user + 7.2% kernel / faults: 2431 minor 7 major
E/ActivityManager(  527):   7.8% 144/local_opengl: 0% user + 7.8% kernel
E/ActivityManager(  527):   1.3% 149/debuggerd: 0.7% user + 0.5% kernel / faults: 7227 minor 18 major
E/ActivityManager(  527):   5.4% 151/surfaceflinger: 0.2% user + 5.2% kernel / faults: 5 minor
E/ActivityManager(  527):   1.8% 83/adbd: 0.1% user + 1.7% kernel
E/ActivityManager(  527):   1.6% 199/logcat: 0.1% user + 1.5% kernel
E/ActivityManager(  527):   1.4% 961/com.google.process.location: 0% user + 1.4% kernel / faults: 176 minor
E/ActivityManager(  527):   1.3% 203/logcat: 0.1% user + 1.2% kernel
E/ActivityManager(  527):   1.1% 142/vinput: 0% user + 1.1% kernel
E/ActivityManager(  527):   0.9% 731/com.android.phone: 0.1% user + 0.8% kernel / faults: 92 minor
E/ActivityManager(  527):   0.8% 8/rcu_preempt: 0% user + 0.8% kernel
E/ActivityManager(  527):   0.1% 19/migration/3: 0% user + 0.1% kernel
E/ActivityManager(  527):   0.7% 62/kworker/3:1H: 0% user + 0.7% kernel
E/ActivityManager(  527):   0.5% 776/android.process.acore: 0.2% user + 0.3% kernel / faults: 84 minor
E/ActivityManager(  527):   0.4% 3/ksoftirqd/0: 0% user + 0.4% kernel
E/ActivityManager(  527):   0.4% 59/kworker/1:1H: 0% user + 0.4% kernel
E/ActivityManager(  527):   0.1% 61/kworker/3:1: 0% user + 0.1% kernel
E/ActivityManager(  527):   0.2% 63/kworker/0:2: 0% user + 0.2% kernel
E/ActivityManager(  527):   0% 145/local_gps: 0% user + 0% kernel / faults: 4 minor
E/ActivityManager(  527):   0.3% 584/com.android.systemui: 0.1% user + 0.2% kernel / faults: 57 minor
E/ActivityManager(  527):   0.1% 12/ksoftirqd/1: 0% user + 0.1% kernel
E/ActivityManager(  527):   0.2% 60/kworker/0:1H: 0% user + 0.2% kernel
E/ActivityManager(  527):   0.1% 73/jbd2/sdb3-8: 0% user + 0.1% kernel
E/ActivityManager(  527):   0.2% 75/kworker/2:1H: 0% user + 0.2% kernel
E/ActivityManager(  527):   0% 16/ksoftirqd/2: 0% user + 0% kernel
E/ActivityManager(  527):   0.1% 53/kworker/u8:2: 0% user + 0.1% kernel
E/ActivityManager(  527):   0% 56/kworker/1:1: 0% user + 0% kernel
E/ActivityManager(  527):   0% 64/kworker/2:2: 0% user + 0% kernel
E/ActivityManager(  527):   0% 150/rild: 0% user + 0% kernel
E/ActivityManager(  527): 63% TOTAL: 7.3% user + 17% kernel + 36% iowait + 2.2% softirq
E/ActivityManager(  527): CPU usage from 3748ms to 4323ms later:
E/ActivityManager(  527):   76% 703/com.google.android.gms.persistent: 32% user + 43% kernel / faults: 865 minor 8 major
E/ActivityManager(  527):     25% 703/.gms.persistent: 14% user + 10% kernel
E/ActivityManager(  527):     14% 710/Compiler: 7.2% user + 7.2% kernel
E/ActivityManager(  527):     9% 1013/GoogleLocationS: 1.8% user + 7.2% kernel
E/ActivityManager(  527):     1.8% 705/GC: 0% user + 1.8% kernel
E/ActivityManager(  527):     1.8% 713/FinalizerDaemon: 0% user + 1.8% kernel
E/ActivityManager(  527):    +0% 1018/Thread-42: 0% user + 0% kernel
E/ActivityManager(  527):    +0% 1019/Thread-43: 0% user + 0% kernel
E/ActivityManager(  527):    +0% 1020/Thread-44: 0% user + 0% kernel
E/ActivityManager(  527):    +0% 1021/Thread-45: 0% user + 0% kernel
E/ActivityManager(  527):    +0% 1022/NetworkLocation: 0% user + 0% kernel
E/ActivityManager(  527):    +0% 1026/pool-3-thread-1: 0% user + 0% kernel
E/ActivityManager(  527):   31% 527/system_server: 1.8% user + 29% kernel / faults: 35 minor
E/ActivityManager(  527):     3.7% 527/system_server: 1.8% user + 1.8% kernel
E/ActivityManager(  527):     3.7% 532/Compiler: 1.8% user + 1.8% kernel
E/ActivityManager(  527):     3.7% 535/FinalizerDaemon: 0% user + 3.7% kernel
E/ActivityManager(  527):     3.7% 542/ActivityManager: 0% user + 3.7% kernel
E/ActivityManager(  527):     3.7% 561/InputDispatcher: 1.8% user + 1.8% kernel
E/ActivityManager(  527):     1.8% 538/Binder_1: 1.8% user + 0% kernel
E/ActivityManager(  527):     1.8% 539/Binder_2: 0% user + 1.8% kernel
E/ActivityManager(  527):     1.8% 650/Binder_3: 0% user + 1.8% kernel
E/ActivityManager(  527):     1.8% 662/Binder_4: 0% user + 1.8% kernel
E/ActivityManager(  527):     1.8% 825/Binder_8: 0% user + 1.8% kernel
E/ActivityManager(  527):   16% 746/com.android.launcher: 1.8% user + 14% kernel / faults: 40 minor
E/ActivityManager(  527):     14% 746/ndroid.launcher: 1.8% user + 12% kernel
E/ActivityManager(  527):     1.8% 753/Compiler: 0% user + 1.8% kernel
E/ActivityManager(  527):   14% 144/local_opengl: 0% user + 14% kernel
E/ActivityManager(  527):     12% 202/local_opengl: 0% user + 12% kernel
E/ActivityManager(  527):     3.7% 921/local_opengl: 0% user + 3.7% kernel
E/ActivityManager(  527):   12% 151/surfaceflinger: 0% user + 12% kernel
E/ActivityManager(  527):     7.4% 151/surfaceflinger: 0% user + 7.4% kernel
E/ActivityManager(  527):     1.8% 181/DispSync: 0% user + 1.8% kernel
E/ActivityManager(  527):   3.7% 731/com.android.phone: 0% user + 3.7% kernel / faults: 18 minor
E/ActivityManager(  527):     1.2% 744/Binder_1: 0% user + 1.2% kernel
E/ActivityManager(  527):     1.2% 745/Binder_2: 0% user + 1.2% kernel
E/ActivityManager(  527):   5.4% 924/com.google.process.gapps: 1.8% user + 3.6% kernel / faults: 27 minor
E/ActivityManager(  527):     1.8% 935/Binder_1: 1.8% user + 0% kernel
E/ActivityManager(  527):     1.8% 936/Binder_2: 1.8% user + 0% kernel
E/ActivityManager(  527):     1.8% 1007/Binder_3
I/ActivityManager(  527): Killing 703:com.google.android.gms.persistent/u0a61 (adj 1): background ANR
I/MultiDex(  924): loading existing secondary dex files
D/dalvikvm(  924): GC_FOR_ALLOC freed 441K, 16% free 3365K/3960K, paused 9ms, total 10ms
D/dalvikvm(  527): GC_FOR_ALLOC freed 720K, 15% free 7549K/8796K, paused 55ms, total 68ms
I/MultiDex(  924): load found 3 secondary dex files
I/dalvikvm-heap(  527): Grow heap (frag case) to 7.670MB for 183874-byte allocation
I/MultiDex(  924): install done
D/dalvikvm(  527): GC_FOR_ALLOC freed 6K, 14% free 7722K/8976K, paused 47ms, total 47ms
W/ActivityManager(  527): Scheduling restart of crashed service com.google.android.gms/com.google.android.location.reporting.service.DispatchingService in 1000ms
W/ActivityManager(  527): Scheduling restart of crashed service com.google.android.gms/com.google.android.location.internal.server.GoogleLocationService in 1000ms
W/ActivityManager(  527): Scheduling restart of crashed service com.google.android.gms/com.google.android.location.network.NetworkLocationService in 11000ms
