D/dalvikvm( 2601): Added shared lib libjavacore.so 0x0
D/dalvikvm( 2601): Trying to load lib libnativehelper.so 0x0
D/dalvikvm( 2601): Added shared lib libnativehelper.so 0x0
D/dalvikvm( 2601): No JNI_OnLoad found in libnativehelper.so 0x0, skipping init
D/dalvikvm( 2601): Note: class Landroid/app/ActivityManagerNative; has 179 unimplemented (abstract) methods
E/memtrack( 2601): Couldn't load memtrack module (No such file or directory)
E/android.os.Debug( 2601): failed to load memtrack module: -2
D/AndroidRuntime( 2601): Calling main entry com.android.commands.pm.Pm
I/ActivityManager(  527): Start proc com.android.defcontainer for service com.android.defcontainer/.DefaultContainerService: pid=2611 uid=10003 gids={50003, 1028, 1015, 1023, 2001, 1035}
D/dalvikvm( 2611): Debugger has detached; object registry had 1 entries
W/ActivityManager(  527): No content provider found for permission revoke: file:///data/local/tmp/com.codepath.simpletodo
D/Finsky  ( 2115): [1] PackageVerificationReceiver.onReceive: Verification requested, id = 0
D/Finsky  ( 2115): [1] WorkerTask.onPreExecute: Verification Requested for id = 0, data=file:///data/local/tmp/com.codepath.simpletodo flags=114 fromVerificationActivity=false
D/dalvikvm( 2115): GC_FOR_ALLOC freed 789K, 14% free 5774K/6688K, paused 24ms, total 24ms
D/dalvikvm( 2115): GC_FOR_ALLOC freed 217K, 15% free 5865K/6848K, paused 20ms, total 20ms
D/dalvikvm( 2115): GC_FOR_ALLOC freed 739K, 13% free 6125K/6992K, paused 18ms, total 18ms
D/dalvikvm( 2115): GC_FOR_ALLOC freed 995K, 17% free 6140K/7340K, paused 24ms, total 28ms
D/dalvikvm( 2115): GC_FOR_ALLOC freed 1025K, 17% free 6146K/7364K, paused 18ms, total 18ms
D/dalvikvm( 2115): GC_FOR_ALLOC freed 1044K, 17% free 6156K/7364K, paused 17ms, total 17ms
D/dalvikvm( 2115): GC_FOR_ALLOC freed 1021K, 16% free 6225K/7384K, paused 13ms, total 13ms
D/Finsky  ( 2115): [1] 2.onResponse: Verification id=0 response=0
D/Finsky  ( 2115): [1] PackageVerificationReceiver.onReceive: Verification requested, id = 0
W/ActivityManager(  527): No content provider found for permission revoke: file:///data/local/tmp/com.codepath.simpletodo
I/PackageManager(  527): Copying native libraries to /data/app-lib/vmdl307523901
D/dalvikvm(  527): GC_FOR_ALLOC freed 465K, 17% free 9112K/10868K, paused 20ms, total 21ms
D/dalvikvm(  527): GC_FOR_ALLOC freed 797K, 14% free 9368K/10868K, paused 22ms, total 22ms
D/dalvikvm(  527): GC_FOR_ALLOC freed 940K, 16% free 9379K/11132K, paused 25ms, total 25ms
D/dalvikvm(  527): GC_FOR_ALLOC freed 952K, 16% free 9385K/11144K, paused 31ms, total 31ms
D/dalvikvm(  527): GC_FOR_ALLOC freed 987K, 16% free 9395K/11156K, paused 22ms, total 22ms
I/PackageManager(  527): Running dexopt on: com.codepath.simpletodo
W/dalvikvm( 2627): method Landroid/support/v7/widget/ListViewCompat;.lookForSelectablePosition incorrectly overrides package-private method with same name in Landroid/widget/ListView;
D/dalvikvm( 2627): DexOpt: load 89ms, verify+opt 332ms, 2233508 bytes
I/ActivityManager(  527): Force stopping com.codepath.simpletodo appid=10079 user=-1: update pkg
I/InputReader(  527): Reconfiguring input devices.  changes=0x00000010
I/PackageManager(  527):   Action: "android.intent.action.SENDTO"
I/PackageManager(  527):   Category: "android.intent.category.DEFAULT"
I/PackageManager(  527):   Scheme: "sms"
I/PackageManager(  527): Adding preferred activity ComponentInfo{com.android.mms/com.android.mms.ui.ComposeMessageActivity} for user 0 :
D/dalvikvm(  527): GC_EXPLICIT freed 1089K, 15% free 9487K/11156K, paused 44ms+11ms, total 679ms
D/AndroidRuntime( 2601): Shutting down VM
D/BackupManagerService(  527): Received broadcast Intent { act=android.intent.action.PACKAGE_ADDED dat=package:com.codepath.simpletodo flg=0x4000010 (has extras) }
V/BackupManagerService(  527): addPackageParticipantsLocked: #1
D/dalvikvm(  731): GC_FOR_ALLOC freed 478K, 17% free 3435K/4136K, paused 12ms, total 13ms
D/jdwp    ( 2601): Got wake-up signal, bailing out of select
D/dalvikvm( 2601): Debugger has detached; object registry had 1 entries
I/PackageManager(  527):   Action: "android.intent.action.SENDTO"
I/PackageManager(  527):   Category: "android.intent.category.DEFAULT"
I/PackageManager(  527):   Scheme: "smsto"
I/PackageManager(  527): Adding preferred activity ComponentInfo{com.android.mms/com.android.mms.ui.ComposeMessageActivity} for user 0 :
I/ActivityManager(  527): Start proc com.google.android.partnersetup for broadcast com.google.android.partnersetup/.RlzPingBroadcastReceiver: pid=2630 uid=10069 gids={50069, 3003}
I/ActivityManager(  527): Killing 2423:com.google.android.talk/u0a64 (adj 15): empty #17
I/PackageManager(  527):   Action: "android.intent.action.SENDTO"
I/PackageManager(  527):   Category: "android.intent.category.DEFAULT"
I/PackageManager(  527):   Scheme: "mms"
I/PackageManager(  527): Adding preferred activity ComponentInfo{com.android.mms/com.android.mms.ui.ComposeMessageActivity} for user 0 :
I/PackageManager(  527):   Action: "android.intent.action.SENDTO"
I/PackageManager(  527):   Category: "android.intent.category.DEFAULT"
I/PackageManager(  527):   Scheme: "mmsto"
I/PackageManager(  527): Adding preferred activity ComponentInfo{com.android.mms/com.android.mms.ui.ComposeMessageActivity} for user 0 :
I/PackageManager(  527):   Action: "android.intent.action.SENDTO"
I/PackageManager(  527):   Category: "android.intent.category.DEFAULT"
I/PackageManager(  527):   Scheme: "sms"
I/PackageManager(  527): Adding preferred activity ComponentInfo{com.android.mms/com.android.mms.ui.ComposeMessageActivity} for user 0 :
I/Choreographer(  746): Skipped 120 frames!  The application may be doing too much work on its main thread.
I/PackageManager(  527):   Action: "android.intent.action.SENDTO"
I/PackageManager(  527):   Category: "android.intent.category.DEFAULT"
I/PackageManager(  527):   Scheme: "smsto"
I/PackageManager(  527): Adding preferred activity ComponentInfo{com.android.mms/com.android.mms.ui.ComposeMessageActivity} for user 0 :
D/android.widget.GridLayout(  746): horizontal constraints: x1-x0>=350, x2-x1>=390, x2-x0<=736 are inconsistent; permanently removing: x2-x0<=736. 
D/android.widget.GridLayout(  746): horizontal constraints: x1-x0>=350, x2-x1>=390, x2-x0<=736 are inconsistent; permanently removing: x2-x0<=736. 
D/android.widget.GridLayout(  746): horizontal constraints: x1-x0>=350, x2-x1>=390, x2-x0<=736 are inconsistent; permanently removing: x2-x0<=736. 
D/dalvikvm(  731): GC_FOR_ALLOC freed 420K, 16% free 3484K/4136K, paused 11ms, total 12ms
I/PackageManager(  527):   Action: "android.intent.action.SENDTO"
I/PackageManager(  527):   Category: "android.intent.category.DEFAULT"
I/PackageManager(  527):   Scheme: "mms"
I/PackageManager(  527): Adding preferred activity ComponentInfo{com.android.mms/com.android.mms.ui.ComposeMessageActivity} for user 0 :
I/PackageManager(  527):   Action: "android.intent.action.SENDTO"
I/PackageManager(  527):   Category: "android.intent.category.DEFAULT"
I/PackageManager(  527):   Scheme: "mmsto"
I/PackageManager(  527): Adding preferred activity ComponentInfo{com.android.mms/com.android.mms.ui.ComposeMessageActivity} for user 0 :
V/GelStubAppWatcher( 1665): onReceive: android.intent.action.PACKAGE_ADDED
I/Icing.InternalIcingCorporaProvider( 1665): Updating corpora: A: com.codepath.simpletodo, C: MAYBE
I/ActivityManager(  527): Start proc com.svox.pico for broadcast com.svox.pico/.VoiceDataInstallerReceiver: pid=2654 uid=10047 gids={50047, 1028, 1015}
D/AndroidRuntime( 2652): 
D/AndroidRuntime( 2652): >>>>>> AndroidRuntime START com.android.internal.os.RuntimeInit <<<<<<
D/AndroidRuntime( 2652): CheckJNI is OFF
D/dalvikvm( 2652): Trying to load lib libjavacore.so 0x0
D/dalvikvm( 2652): Added shared lib libjavacore.so 0x0
D/dalvikvm( 2652): Trying to load lib libnativehelper.so 0x0
D/dalvikvm( 2652): Added shared lib libnativehelper.so 0x0
D/dalvikvm( 2652): No JNI_OnLoad found in libnativehelper.so 0x0, skipping init
D/dalvikvm( 1665): GC_FOR_ALLOC freed 462K, 37% free 4140K/6524K, paused 53ms, total 53ms
D/dalvikvm( 2652): Note: class Landroid/app/ActivityManagerNative; has 179 unimplemented (abstract) methods
I/ActivityManager(  527): Start proc com.genymotion.superuser for broadcast com.genymotion.superuser/com.koushikdutta.superuser.PackageChangeReceiver: pid=2674 uid=10052 gids={50052}
E/memtrack( 2652): Couldn't load memtrack module (No such file or directory)
E/android.os.Debug( 2652): failed to load memtrack module: -2
D/dalvikvm(  746): GC_FOR_ALLOC freed 1867K, 24% free 11189K/14660K, paused 10ms, total 10ms
I/ActivityManager(  527): Killing 2359:com.android.email/u0a29 (adj 15): empty #17
D/PackageBroadcastService( 1155): Received broadcast action=android.intent.action.PACKAGE_ADDED and uri=com.codepath.simpletodo
I/ActivityManager(  527): Delay finish: com.google.android.gms/.app.receiver.SystemBroadcastReceiver
D/AndroidRuntime( 2652): Calling main entry com.android.commands.am.Am
I/ActivityManager(  527): Resuming delayed broadcast
I/ActivityManager(  527): Killing 1699:com.android.calendar/u0a21 (adj 15): empty #17
D/PackageAddedReceiver( 1052): package added com.codepath.simpletodo
I/ActivityManager(  527): START u0 {act=android.intent.action.MAIN cat=[android.intent.category.LAUNCHER] flg=0x10000000 cmp=com.codepath.simpletodo/.MainActivity} from pid 2652
I/Choreographer(  746): Skipped 35 frames!  The application may be doing too much work on its main thread.
D/android.widget.GridLayout(  746): horizontal constraints: x1-x0>=350, x2-x1>=390, x2-x0<=736 are inconsistent; permanently removing: x2-x0<=736. 
D/android.widget.GridLayout(  746): horizontal constraints: x1-x0>=350, x2-x1>=390, x2-x0<=736 are inconsistent; permanently removing: x2-x0<=736. 
D/android.widget.GridLayout(  746): horizontal constraints: x1-x0>=350, x2-x1>=390, x2-x0<=736 are inconsistent; permanently removing: x2-x0<=736. 
D/dalvikvm(  527): GC_FOR_ALLOC freed 1968K, 19% free 9081K/11180K, paused 33ms, total 33ms
I/dalvikvm-heap(  527): Grow heap (frag case) to 9.355MB for 380492-byte allocation
D/dalvikvm(  527): GC_FOR_ALLOC freed 7K, 19% free 9445K/11552K, paused 31ms, total 31ms
D/AndroidRuntime( 2652): Shutting down VM
D/dalvikvm( 2652): Debugger has detached; object registry had 1 entries
D/dalvikvm( 2697): Late-enabling CheckJNI
I/ActivityManager(  527): Start proc com.codepath.simpletodo for activity com.codepath.simpletodo/.MainActivity: pid=2697 uid=10079 gids={50079}
D/dalvikvm(  152): GC_EXPLICIT freed 40K, 6% free 2845K/3012K, paused 0ms+1ms, total 8ms
D/dalvikvm(  152): GC_EXPLICIT freed <1K, 6% free 2845K/3012K, paused 0ms+2ms, total 26ms
D/dalvikvm(  152): GC_EXPLICIT freed <1K, 6% free 2845K/3012K, paused 1ms+0ms, total 6ms
D/        (  527): HostConnection::get() New Host Connection established 0xb919a908, tid 541
D/ChimeraCfgMgr( 1155): Loading module com.google.android.gms.games from APK com.google.android.gms
D/ChimeraCfgMgr( 1155): Loading module com.google.android.gms.gass from APK com.google.android.gms
D/AsyncTaskServiceImpl( 1155): Submit a task: k
D/ChimeraCfgMgr( 1155): Loading module com.google.android.gms.gass from APK com.google.android.gms
W/dalvikvm( 2697): VFY: unable to find class referenced in signature (Landroid/view/SearchEvent;)
I/dalvikvm( 2697): Could not find method android.view.Window$Callback.onSearchRequested, referenced from method android.support.v7.view.WindowCallbackWrapper.onSearchRequested
W/dalvikvm( 2697): VFY: unable to resolve interface method 15026: Landroid/view/Window$Callback;.onSearchRequested (Landroid/view/SearchEvent;)Z
D/dalvikvm( 2697): VFY: replacing opcode 0x72 at 0x0002
I/dalvikvm( 2697): Could not find method android.view.Window$Callback.onWindowStartingActionMode, referenced from method android.support.v7.view.WindowCallbackWrapper.onWindowStartingActionMode
W/dalvikvm( 2697): VFY: unable to resolve interface method 15030: Landroid/view/Window$Callback;.onWindowStartingActionMode (Landroid/view/ActionMode$Callback;I)Landroid/view/ActionMode;
D/dalvikvm( 2697): VFY: replacing opcode 0x72 at 0x0002
D/ChimeraCfgMgr( 1155): Loading module com.google.android.gms.vision from APK com.google.android.gms
D/k       ( 1155): Processing package: com.codepath.simpletodo
I/dalvikvm( 2697): Could not find method android.content.res.TypedArray.getChangingConfigurations, referenced from method android.support.v7.widget.TintTypedArray.getChangingConfigurations
W/dalvikvm( 2697): VFY: unable to resolve virtual method 397: Landroid/content/res/TypedArray;.getChangingConfigurations ()I
D/dalvikvm( 2697): VFY: replacing opcode 0x6e at 0x0002
I/dalvikvm( 2697): Could not find method android.content.res.TypedArray.getType, referenced from method android.support.v7.widget.TintTypedArray.getType
W/dalvikvm( 2697): VFY: unable to resolve virtual method 419: Landroid/content/res/TypedArray;.getType (I)I
D/dalvikvm( 2697): VFY: replacing opcode 0x6e at 0x0002
D/MobileDataStateTracker(  527): default: setPolicyDataEnable(enabled=true)
D/GassUtils( 1155): Found app info for package com.codepath.simpletodo:1. Hash: 391e5816ebbd55c8685c634ee32ec7d6d7f1f313ef536cd3d40a44da82bf3b93
D/k       ( 1155): Found info for package com.codepath.simpletodo in db.
D/dalvikvm( 2697): GC_FOR_ALLOC freed 186K, 10% free 3106K/3420K, paused 12ms, total 12ms
I/dalvikvm-heap( 2697): Grow heap (frag case) to 4.226MB for 1127532-byte allocation
D/dalvikvm( 2697): GC_FOR_ALLOC freed 5K, 8% free 4202K/4524K, paused 18ms, total 18ms
D/MobileDataStateTracker(  527): default: setPolicyDataEnable(enabled=true)
I/Icing   ( 1155): Indexing F2A94E2222D368E86E6F715A98746A5D29A34739 from com.google.android.googlequicksearchbox
I/Icing   ( 1155): Indexing done F2A94E2222D368E86E6F715A98746A5D29A34739
D/libEGL  ( 2697): loaded /system/lib/egl/libEGL_genymotion.so
D/        ( 2697): HostConnection::get() New Host Connection established 0xb8f27ec0, tid 2697
D/libEGL  ( 2697): loaded /system/lib/egl/libGLESv1_CM_genymotion.so
D/libEGL  ( 2697): loaded /system/lib/egl/libGLESv2_genymotion.so
I/Icing   ( 1155): Indexing A0EEF8FE22D6906E7AB9FDFA9A418740738AACF0 from com.google.android.gms
I/Icing   ( 1155): Indexing done A0EEF8FE22D6906E7AB9FDFA9A418740738AACF0
I/Choreographer(  527): Skipped 88 frames!  The application may be doing too much work on its main thread.
I/ActivityManager(  527): Killing 2377:com.google.android.gm/u0a59 (adj 15): empty #17
W/EGL_genymotion( 2697): eglSurfaceAttrib not implemented
E/OpenGLRenderer( 2697): Getting MAX_TEXTURE_SIZE from GradienCache
E/OpenGLRenderer( 2697): MAX_TEXTURE_SIZE: 8192
E/OpenGLRenderer( 2697): Getting MAX_TEXTURE_SIZE from Caches::initConstraints()
E/OpenGLRenderer( 2697): MAX_TEXTURE_SIZE: 8192
D/OpenGLRenderer( 2697): Enabling debug mode 0
I/Choreographer( 2697): Skipped 130 frames!  The application may be doing too much work on its main thread.
I/ActivityManager(  527): Displayed com.codepath.simpletodo/.MainActivity: +4s488ms
D/AndroidRuntime( 2766): 
D/AndroidRuntime( 2766): >>>>>> AndroidRuntime START com.android.internal.os.RuntimeInit <<<<<<
D/AndroidRuntime( 2766): CheckJNI is OFF
D/dalvikvm( 2766): Trying to load lib libjavacore.so 0x0
D/dalvikvm( 2766): Added shared lib libjavacore.so 0x0
D/dalvikvm( 2766): Trying to load lib libnativehelper.so 0x0
D/dalvikvm( 2766): Added shared lib libnativehelper.so 0x0
D/dalvikvm( 2766): No JNI_OnLoad found in libnativehelper.so 0x0, skipping init
D/dalvikvm( 2766): Note: class Landroid/app/ActivityManagerNative; has 179 unimplemented (abstract) methods
E/memtrack( 2766): Couldn't load memtrack module (No such file or directory)
E/android.os.Debug( 2766): failed to load memtrack module: -2
D/AndroidRuntime( 2766): Calling main entry com.android.commands.am.Am
I/ActivityManager(  527): Force stopping com.codepath.simpletodo appid=10079 user=0: from pid 2766
I/ActivityManager(  527): Killing 2697:com.codepath.simpletodo/u0a79 (adj 0): stop com.codepath.simpletodo
W/ActivityManager(  527): Force removing ActivityRecord{52beb6e0 u0 com.codepath.simpletodo/.MainActivity t3}: app died, no saved state
D/AndroidRuntime( 2766): Shutting down VM
E/jdwp    ( 2766): Failed sending reply to debugger: Bad file number
D/dalvikvm( 2766): Debugger has detached; object registry had 1 entries
W/InputDispatcher(  527): channel '52a44b68 com.codepath.simpletodo/com.codepath.simpletodo.MainActivity (server)' ~ Consumer closed input channel or an error occurred.  events=0x9
E/InputDispatcher(  527): channel '52a44b68 com.codepath.simpletodo/com.codepath.simpletodo.MainActivity (server)' ~ Channel is unrecoverably broken and will be disposed!
W/InputDispatcher(  527): Attempted to unregister already unregistered input channel '52a44b68 com.codepath.simpletodo/com.codepath.simpletodo.MainActivity (server)'
I/WindowState(  527): WIN DEATH: Window{52a44b68 u0 com.codepath.simpletodo/com.codepath.simpletodo.MainActivity}
W/EGL_genymotion(  746): eglSurfaceAttrib not implemented
W/InputMethodManagerService(  527): Got RemoteException sending setActive(false) notification to pid 2697 uid 10079
W/Binder  (  684): Caught a RuntimeException from the binder stub implementation.
W/Binder  (  684): java.lang.NullPointerException
W/Binder  (  684): 	at android.inputmethodservice.IInputMethodWrapper.setSessionEnabled(IInputMethodWrapper.java:280)
W/Binder  (  684): 	at com.android.internal.view.IInputMethod$Stub.onTransact(IInputMethod.java:129)
W/Binder  (  684): 	at android.os.Binder.execTransact(Binder.java:404)
W/Binder  (  684): 	at dalvik.system.NativeStart.run(Native Method)
D/AndroidRuntime( 2786): 
D/AndroidRuntime( 2786): >>>>>> AndroidRuntime START com.android.internal.os.RuntimeInit <<<<<<
D/AndroidRuntime( 2786): CheckJNI is OFF
D/dalvikvm( 2786): Trying to load lib libjavacore.so 0x0
D/dalvikvm( 2786): Added shared lib libjavacore.so 0x0
D/dalvikvm( 2786): Trying to load lib libnativehelper.so 0x0
D/dalvikvm( 2786): Added shared lib libnativehelper.so 0x0
D/dalvikvm( 2786): No JNI_OnLoad found in libnativehelper.so 0x0, skipping init
D/dalvikvm( 2786): Note: class Landroid/app/ActivityManagerNative; has 179 unimplemented (abstract) methods
E/memtrack( 2786): Couldn't load memtrack module (No such file or directory)
E/android.os.Debug( 2786): failed to load memtrack module: -2
D/AndroidRuntime( 2786): Calling main entry com.android.commands.am.Am
I/ActivityManager(  527): START u0 {act=android.intent.action.MAIN cat=[android.intent.category.LAUNCHER] flg=0x10000000 cmp=com.codepath.simpletodo/.MainActivity} from pid 2786
D/dalvikvm(  527): GC_FOR_ALLOC freed 901K, 23% free 8994K/11552K, paused 26ms, total 26ms
D/AndroidRuntime( 2786): Shutting down VM
D/dalvikvm( 2786): Debugger has detached; object registry had 1 entries
D/MobileDataStateTracker(  527): default: setPolicyDataEnable(enabled=true)
D/dalvikvm( 2799): Late-enabling CheckJNI
I/ActivityManager(  527): Start proc com.codepath.simpletodo for activity com.codepath.simpletodo/.MainActivity: pid=2799 uid=10079 gids={50079}
D/MobileDataStateTracker(  527): default: setPolicyDataEnable(enabled=true)
W/dalvikvm( 2799): VFY: unable to find class referenced in signature (Landroid/view/SearchEvent;)
I/dalvikvm( 2799): Could not find method android.view.Window$Callback.onSearchRequested, referenced from method android.support.v7.view.WindowCallbackWrapper.onSearchRequested
W/dalvikvm( 2799): VFY: unable to resolve interface method 15026: Landroid/view/Window$Callback;.onSearchRequested (Landroid/view/SearchEvent;)Z
D/dalvikvm( 2799): VFY: replacing opcode 0x72 at 0x0002
I/dalvikvm( 2799): Could not find method android.view.Window$Callback.onWindowStartingActionMode, referenced from method android.support.v7.view.WindowCallbackWrapper.onWindowStartingActionMode
W/dalvikvm( 2799): VFY: unable to resolve interface method 15030: Landroid/view/Window$Callback;.onWindowStartingActionMode (Landroid/view/ActionMode$Callback;I)Landroid/view/ActionMode;
D/dalvikvm( 2799): VFY: replacing opcode 0x72 at 0x0002
I/dalvikvm( 2799): Could not find method android.content.res.TypedArray.getChangingConfigurations, referenced from method android.support.v7.widget.TintTypedArray.getChangingConfigurations
W/dalvikvm( 2799): VFY: unable to resolve virtual method 397: Landroid/content/res/TypedArray;.getChangingConfigurations ()I
D/dalvikvm( 2799): VFY: replacing opcode 0x6e at 0x0002
I/dalvikvm( 2799): Could not find method android.content.res.TypedArray.getType, referenced from method android.support.v7.widget.TintTypedArray.getType
W/dalvikvm( 2799): VFY: unable to resolve virtual method 419: Landroid/content/res/TypedArray;.getType (I)I
D/dalvikvm( 2799): VFY: replacing opcode 0x6e at 0x0002
D/dalvikvm( 2799): GC_FOR_ALLOC freed 149K, 9% free 3106K/3380K, paused 4ms, total 4ms
I/dalvikvm-heap( 2799): Grow heap (frag case) to 4.226MB for 1127532-byte allocation
D/dalvikvm( 2799): GC_FOR_ALLOC freed 5K, 7% free 4202K/4484K, paused 7ms, total 7ms
D/libEGL  ( 2799): loaded /system/lib/egl/libEGL_genymotion.so
D/        ( 2799): HostConnection::get() New Host Connection established 0xb8f28a98, tid 2799
D/libEGL  ( 2799): loaded /system/lib/egl/libGLESv1_CM_genymotion.so
D/libEGL  ( 2799): loaded /system/lib/egl/libGLESv2_genymotion.so
W/EGL_genymotion( 2799): eglSurfaceAttrib not implemented
E/OpenGLRenderer( 2799): Getting MAX_TEXTURE_SIZE from GradienCache
E/OpenGLRenderer( 2799): MAX_TEXTURE_SIZE: 8192
E/OpenGLRenderer( 2799): Getting MAX_TEXTURE_SIZE from Caches::initConstraints()
E/OpenGLRenderer( 2799): MAX_TEXTURE_SIZE: 8192
D/OpenGLRenderer( 2799): Enabling debug mode 0
D/MobileDataStateTracker(  527): default: setPolicyDataEnable(enabled=true)
I/ActivityManager(  527): Displayed com.codepath.simpletodo/.MainActivity: +1s466ms
I/ActivityManager(  527): START u0 {cmp=com.codepath.simpletodo/.EditItemActivity (has extras)} from pid 2799
I/AudioMixer(  154): found effect "Multichannel Downmix To Stereo" from The Android Open Source Project
W/genymotion_audio(  154): out_write() limiting sleep time 46802 to 39909
D/AndroidRuntime( 2799): Shutting down VM
W/dalvikvm( 2799): threadid=1: thread exiting with uncaught exception (group=0xa4d00b20)
E/AndroidRuntime( 2799): FATAL EXCEPTION: main
E/AndroidRuntime( 2799): Process: com.codepath.simpletodo, PID: 2799
E/AndroidRuntime( 2799): java.lang.RuntimeException: Unable to instantiate activity ComponentInfo{com.codepath.simpletodo/com.codepath.simpletodo.EditItemActivity}: java.lang.NullPointerException
E/AndroidRuntime( 2799): 	at android.app.ActivityThread.performLaunchActivity(ActivityThread.java:2110)
E/AndroidRuntime( 2799): 	at android.app.ActivityThread.handleLaunchActivity(ActivityThread.java:2233)
E/AndroidRuntime( 2799): 	at android.app.ActivityThread.access$800(ActivityThread.java:135)
E/AndroidRuntime( 2799): 	at android.app.ActivityThread$H.handleMessage(ActivityThread.java:1196)
E/AndroidRuntime( 2799): 	at android.os.Handler.dispatchMessage(Handler.java:102)
E/AndroidRuntime( 2799): 	at android.os.Looper.loop(Looper.java:136)
E/AndroidRuntime( 2799): 	at android.app.ActivityThread.main(ActivityThread.java:5001)
E/AndroidRuntime( 2799): 	at java.lang.reflect.Method.invokeNative(Native Method)
E/AndroidRuntime( 2799): 	at java.lang.reflect.Method.invoke(Method.java:515)
E/AndroidRuntime( 2799): 	at com.android.internal.os.ZygoteInit$MethodAndArgsCaller.run(ZygoteInit.java:785)
E/AndroidRuntime( 2799): 	at com.android.internal.os.ZygoteInit.main(ZygoteInit.java:601)
E/AndroidRuntime( 2799): 	at dalvik.system.NativeStart.main(Native Method)
E/AndroidRuntime( 2799): Caused by: java.lang.NullPointerException
E/AndroidRuntime( 2799): 	at com.codepath.simpletodo.EditItemActivity.<init>(EditItemActivity.java:12)
E/AndroidRuntime( 2799): 	at java.lang.Class.newInstanceImpl(Native Method)
E/AndroidRuntime( 2799): 	at java.lang.Class.newInstance(Class.java:1208)
E/AndroidRuntime( 2799): 	at android.app.Instrumentation.newActivity(Instrumentation.java:1061)
E/AndroidRuntime( 2799): 	at android.app.ActivityThread.performLaunchActivity(ActivityThread.java:2101)
E/AndroidRuntime( 2799): 	... 11 more
W/ActivityManager(  527):   Force finishing activity com.codepath.simpletodo/.EditItemActivity
W/ActivityManager(  527):   Force finishing activity com.codepath.simpletodo/.MainActivity
D/dalvikvm(  527): GC_FOR_ALLOC freed 355K, 19% free 9464K/11552K, paused 40ms, total 40ms
I/dalvikvm-heap(  527): Grow heap (frag case) to 10.442MB for 1127532-byte allocation
W/genymotion_audio(  154): out_write() limiting sleep time 46188 to 39909
W/genymotion_audio(  154): out_write() limiting sleep time 70702 to 39909
D/dalvikvm(  527): GC_FOR_ALLOC freed 10K, 17% free 10555K/12656K, paused 47ms, total 47ms
D/        (  527): HostConnection::get() New Host Connection established 0xb911a690, tid 542
W/ActivityManager(  527): Activity pause timeout for ActivityRecord{529d1210 u0 com.codepath.simpletodo/.EditItemActivity t4 f}
W/EGL_genymotion(  746): eglSurfaceAttrib not implemented
I/ActivityManager(  527): Killing 1973:android.process.media/u0a5 (adj 15): empty #17
D/MobileDataStateTracker(  527): default: setPolicyDataEnable(enabled=true)
D/MobileDataStateTracker(  527): default: setPolicyDataEnable(enabled=true)
D/dalvikvm(  924): GC_FOR_ALLOC freed 446K, 27% free 4059K/5516K, paused 17ms, total 17ms
I/Process ( 2799): Sending signal. PID: 2799 SIG: 9
W/InputDispatcher(  527): channel '52a74a10 com.codepath.simpletodo/com.codepath.simpletodo.MainActivity (server)' ~ Consumer closed input channel or an error occurred.  events=0xd
E/InputDispatcher(  527): channel '52a74a10 com.codepath.simpletodo/com.codepath.simpletodo.MainActivity (server)' ~ Channel is unrecoverably broken and will be disposed!
I/ActivityManager(  527): Process com.codepath.simpletodo (pid 2799) has died.
W/InputDispatcher(  527): Attempted to unregister already unregistered input channel '52a74a10 com.codepath.simpletodo/com.codepath.simpletodo.MainActivity (server)'
I/WindowState(  527): WIN DEATH: Window{52a74a10 u0 com.codepath.simpletodo/com.codepath.simpletodo.MainActivity}
W/InputMethodManagerService(  527): Got RemoteException sending setActive(false) notification to pid 2799 uid 10079
W/Binder  (  684): Caught a RuntimeException from the binder stub implementation.
W/Binder  (  684): java.lang.NullPointerException
W/Binder  (  684): 	at android.inputmethodservice.IInputMethodWrapper.setSessionEnabled(IInputMethodWrapper.java:280)
W/Binder  (  684): 	at com.android.internal.view.IInputMethod$Stub.onTransact(IInputMethod.java:129)
W/Binder  (  684): 	at android.os.Binder.execTransact(Binder.java:404)
W/Binder  (  684): 	at dalvik.system.NativeStart.run(Native Method)
D/dalvikvm(  924): GC_FOR_ALLOC freed 539K, 27% free 4031K/5516K, paused 23ms, total 24ms
D/Finsky  ( 2115): [1] 5.onFinished: Installation state replication succeeded.
I/VacuumService( 1052): Vacuum at: now=1456757409850 tag=VacuumService
D/dalvikvm(  924): GC_FOR_ALLOC freed 505K, 27% free 4038K/5516K, paused 15ms, total 15ms
D/dalvikvm(  527): GC_FOR_ALLOC freed 930K, 18% free 10378K/12656K, paused 28ms, total 28ms
D/dalvikvm(  924): GC_FOR_ALLOC freed 501K, 27% free 4048K/5516K, paused 11ms, total 11ms
D/dalvikvm(  924): GC_FOR_ALLOC freed 513K, 27% free 4045K/5516K, paused 11ms, total 11ms
D/dalvikvm( 1052): GC_FOR_ALLOC freed 511K, 12% free 5106K/5740K, paused 17ms, total 17ms
I/PhenotypeConfigurator( 1052): Scheduling Phenotype for one-off execution 8861 seconds from now (1456757467672)
I/PhenotypeFlagCommitter( 1052): Experiment Configs successfully retrieved for com.google.android.gms.playlog.uploader
W/dalvikvm( 1052): VFY: unable to find class referenced in signature (Landroid/net/Network;)
W/dalvikvm( 1052): VFY: unable to find class referenced in signature (Landroid/net/Network;)
W/dalvikvm( 1052): VFY: unable to find class referenced in signature (Landroid/net/Network;)
I/dalvikvm( 1052): Could not find method android.net.Network.openConnection, referenced from method com.google.android.gms.http.g.a
W/dalvikvm( 1052): VFY: unable to resolve virtual method 1089: Landroid/net/Network;.openConnection (Ljava/net/URL;)Ljava/net/URLConnection;
D/dalvikvm( 1052): VFY: replacing opcode 0x6e at 0x00bb
I/GoogleURLConnFactory( 1052): Using platform SSLCertificateSocketFactory
D/dalvikvm( 1052): GC_FOR_ALLOC freed 789K, 16% free 5069K/5984K, paused 21ms, total 21ms
D/dalvikvm( 1052): GC_FOR_ALLOC freed 641K, 15% free 5106K/5984K, paused 19ms, total 19ms
D/dalvikvm(  924): GC_FOR_ALLOC freed 506K, 27% free 4051K/5516K, paused 12ms, total 12ms
