E/DynamiteModule( 1155): 	at android.app.ActivityThread.main(ActivityThread.java:5001)
E/DynamiteModule( 1155): 	at java.lang.reflect.Method.invokeNative(Native Method)
E/DynamiteModule( 1155): 	at java.lang.reflect.Method.invoke(Method.java:515)
E/DynamiteModule( 1155): 	at com.android.internal.os.ZygoteInit$MethodAndArgsCaller.run(ZygoteInit.java:785)
E/DynamiteModule( 1155): 	at com.android.internal.os.ZygoteInit.main(ZygoteInit.java:601)
E/DynamiteModule( 1155): 	at dalvik.system.NativeStart.main(Native Method)
I/DynamiteModule( 1155): Considering local module com.google.android.gms.flags:1 and remote module com.google.android.gms.flags:0
I/DynamiteModule( 1155): Selected local version of com.google.android.gms.flags
D/dalvikvm( 1155): GC_FOR_ALLOC freed 740K, 15% free 5292K/6156K, paused 19ms, total 20ms
D/SystemEventReceiver( 1155): Received GSERVICES_CHANGED broadcast
V/FeaturePrerequisiteCheckerUtil( 1155): Build version: 19
V/FeaturePrerequisiteCheckerUtil( 1155): Model: Google Nexus 4 - 4.4.4 - API 19 - 768x1280
V/FeaturePrerequisiteCheckerUtil( 1155): CPU_ABI: x86
V/FeaturePrerequisiteCheckerUtil( 1155): CPU_ABI2: unknown
V/EmulatedCamera_Camera(  154): getCameraInfo
V/EmulatedCamera_BaseCamera(  154): getCameraInfo
V/FeaturePrerequisiteCheckerUtil( 1155): Camera #0 is a rear-facing camera.
D/CreditCardPrerequisiteChecker( 1155): All prerequisites OK.
I/OcrUtils( 1155): Updating ocr activity enabled=true
I/Auth    (  924): [BroadcastManager] Broadcasting account services changed.
I/Icing   ( 1155): Indexing A0EEF8FE22D6906E7AB9FDFA9A418740738AACF0 from com.google.android.gms
I/Icing   ( 1155): Indexing done A0EEF8FE22D6906E7AB9FDFA9A418740738AACF0
I/Icing   ( 1155): Indexing F2A94E2222D368E86E6F715A98746A5D29A34739 from com.google.android.googlequicksearchbox
V/GLSActivity(  924): AuthDelegateWrapperCreated with selected intent: Intent { cmp=com.google.android.gms/.auth.DefaultAuthDelegateService }
V/GLSActivity(  924): AuthDelegateWrapperCreated with selected intent: Intent { cmp=com.google.android.gms/.auth.DefaultAuthDelegateService }
D/Icing   ( 1155): Loaded CLD2 Version V2.0 - 20141016
I/Icing   ( 1155): Indexing done F2A94E2222D368E86E6F715A98746A5D29A34739
W/ActivityManager(  527): Unable to start service Intent { cmp=com.google.android.gms/.measurement.service.b } U=0: not found
D/OcrModelManager( 1155): Updating downloaded model state (gservices changed)
D/GCM     (  924): GcmService start Intent { act=com.google.gservices.intent.action.GSERVICES_CHANGED flg=0x10 cmp=com.google.android.gms/.gcm.GcmService } com.google.gservices.intent.action.GSERVICES_CHANGED
D/dalvikvm( 1155): GC_FOR_ALLOC freed 801K, 15% free 5312K/6236K, paused 17ms, total 17ms
D/dalvikvm(  527): GC_FOR_ALLOC freed 478K, 17% free 8986K/10724K, paused 35ms, total 35ms
I/dalvikvm-heap(  527): Grow heap (frag case) to 9.039MB for 146722-byte allocation
D/dalvikvm(  527): GC_FOR_ALLOC freed 114K, 18% free 9015K/10868K, paused 29ms, total 29ms
E/dalvikvm( 1052): Could not find class 'android.app.usage.UsageStatsManager', referenced from method com.google.android.contextmanager.m.a.az.i
W/dalvikvm( 1052): VFY: unable to resolve check-cast 60 (Landroid/app/usage/UsageStatsManager;) in Lcom/google/android/contextmanager/m/a/az;
D/dalvikvm( 1052): VFY: replacing opcode 0x1f at 0x001a
D/dalvikvm( 1052): DexOpt: unable to opt direct call 0x00f6 at 0x2b in Lcom/google/android/contextmanager/m/a/az;.i
I/dalvikvm( 1052): Could not find method android.os.PowerManager.isInteractive, referenced from method com.google.android.contextmanager.m.a.bc.b
W/dalvikvm( 1052): VFY: unable to resolve virtual method 1457: Landroid/os/PowerManager;.isInteractive ()Z
D/dalvikvm( 1052): VFY: replacing opcode 0x6e at 0x0012
D/dalvikvm( 1052): GC_FOR_ALLOC freed 684K, 15% free 4893K/5700K, paused 14ms, total 14ms
I/GlobalDismissManager( 1699): no sender configured
D/AlertService( 1699): Beginning updateAlertNotification
I/ActivityManager(  527): Start proc com.android.providers.calendar for content provider com.android.providers.calendar/.CalendarProvider2: pid=2321 uid=10001 gids={50001, 3003, 1028, 1015}
I/CalendarProvider2( 2321): Created com.android.providers.calendar.CalendarAlarmManager@527ff1cc(com.android.providers.calendar.CalendarProvider2@527fac50)
D/AlertService( 1699): No fired or scheduled alerts
I/GCoreUlr( 1052): Starting service, intent=Intent { act=com.google.android.location.reporting.ACTION_UPDATE_WORLD cmp=com.google.android.gms/com.google.android.location.reporting.service.DispatchingService (has extras) }, extras=Bundle[{receiverAction=com.google.gservices.intent.action.GSERVICES_CHANGED}]
D/AlertService( 1699): Scheduling next alarm with AlarmScheduler. sEventReminderReceived: null
I/ActivityManager(  527): Delay finish: com.google.android.gms/com.google.android.location.reporting.service.ExternalChangeReceiver
I/GCoreUlr( 1052): DispatchingService.onCreate()
D/AlarmScheduler( 1699): No events found starting within 1 week.
I/ActivityManager(  527): Resuming delayed broadcast
D/dalvikvm(  527): GC_FOR_ALLOC freed 300K, 18% free 8993K/10868K, paused 61ms, total 62ms
D/GCM     (  924): GcmService start Intent { act=com.google.android.checkin.CHECKIN_COMPLETE flg=0x10 cmp=com.google.android.gms/.gcm.GcmService (has extras) } com.google.android.checkin.CHECKIN_COMPLETE
I/ActivityManager(  527): Start proc com.android.settings for broadcast com.android.settings/.widget.SettingsAppWidgetProvider: pid=2344 uid=1000 gids={41000, 1028, 1015, 3002, 3001, 3003}
D/dalvikvm(  152): GC_EXPLICIT freed 40K, 6% free 2845K/3012K, paused 2ms+5ms, total 36ms
D/dalvikvm(  152): GC_EXPLICIT freed <1K, 6% free 2845K/3012K, paused 1ms+1ms, total 9ms
D/dalvikvm(  152): GC_EXPLICIT freed <1K, 6% free 2845K/3012K, paused 1ms+1ms, total 14ms
I/GCoreUlr( 1052): WorldUpdater received intent Intent { act=com.google.android.location.reporting.ACTION_UPDATE_WORLD cmp=com.google.android.gms/com.google.android.location.reporting.service.DispatchingService (has extras) } with receiverAction com.google.gservices.intent.action.GSERVICES_CHANGED
E/BluetoothAdapter( 2344): Bluetooth binder is null
I/ActivityManager(  527): Killing 1902:com.google.android.talk/u0a64 (adj 15): empty #17
D/dalvikvm(  924): GC_FOR_ALLOC freed 477K, 26% free 4085K/5516K, paused 11ms, total 12ms
W/GeofencerStateMachine( 1052): Ignoring removeGeofence because network location is disabled.
E/ctxmgr  ( 1052): [FenceManager]Could not remove all geofences. status=Status{statusCode=unknown status code: 1000, resolution=null}
I/ActivityManager(  527): Delay finish: com.android.providers.calendar/.CalendarProviderBroadcastReceiver
D/dalvikvm(  527): GC_FOR_ALLOC freed 517K, 18% free 8921K/10868K, paused 27ms, total 27ms
I/ActivityManager(  527): Resuming delayed broadcast
I/GCoreUlr( 1052): WorldUpdater:com.google.gservices.intent.action.GSERVICES_CHANGED: Ensuring that reporting is stopped because of reasons: {account#-5#=[InactiveReason{mVersionCode=0, mIdentifier=6, mName='ReportingNotEnabled'}]}
I/ActivityManager(  527): Start proc com.android.email for broadcast com.android.email/.provider.WidgetProvider: pid=2359 uid=10029 gids={50029, 3003, 1028, 1015}
I/GCoreUlr( 1052): Unbound from all location providers
I/GCoreUlr( 1052): Place inference reporting - stopped
D/dalvikvm( 2359): Debugger has detached; object registry had 1 entries
D/dalvikvm( 1052): GC_FOR_ALLOC freed 649K, 14% free 4921K/5700K, paused 27ms, total 27ms
I/GCoreUlr( 1052): DispatchingService.onDestroy()
I/GCoreUlr( 1052): Stopping handler for UlrDispSvcFast
I/GCoreUlr( 1052): Unbound from all location providers
I/GCoreUlr( 1052): Place inference reporting - stopped
D/ActivityThread( 2359): Loading provider com.android.email.provider;com.android.email.notifier: com.android.email.provider.EmailProvider
W/ctxmgr  ( 1052): [AclManager]checkPermissionTypeStatus: no inject permission for { uid=10061, packageName=com.google.android.gms }. Returned permission was: PACKAGE_NOT_WHITELISTED for context name=POWER_CONNECTION, account=account#-517948760#
E/ctxmgr  ( 1052): [PowerConnectionProducer]Could not write powerInfo=Plug state: 3 BatteryLevel: 1.0, status=Status{statusCode=unknown status code: 7503, resolution=null}
D/dalvikvm( 2359): GC_CONCURRENT freed 231K, 11% free 3015K/3372K, paused 3ms+1ms, total 13ms
I/ActivityManager(  527): Start proc com.google.android.gm for broadcast com.google.android.gm/.MailIntentReceiver: pid=2377 uid=10059 gids={50059, 3003, 1028, 1015}
I/ActivityManager(  527): Killing 1995:com.android.mms/u0a9 (adj 15): empty #17
D/CountryDetector(  527): No listener is left
W/ActivityManager(  527): Unable to start service Intent { cmp=com.android.email/.service.AttachmentDownloadService } U=0: not found
I/Email   ( 2359): Observing account changes for notifications
D/ActivityThread( 2377): Loading provider com.android.gmail.ui: com.google.android.gm.provider.GmailProvider
W/ActivityManager(  527): Unable to start service Intent { cmp=com.android.email/.service.AttachmentDownloadService } U=0: not found
D/dalvikvm( 2377): GC_CONCURRENT freed 263K, 12% free 3043K/3420K, paused 3ms+3ms, total 16ms
I/CalendarProvider2( 2321): Sending notification intent: Intent { act=android.intent.action.PROVIDER_CHANGED dat=content://com.android.calendar }
W/ContentResolver( 2321): Failed to get type for: content://com.android.calendar (Unknown URL content://com.android.calendar)
I/ActivityManager(  527): Killing 2087:com.android.musicfx/u0a10 (adj 15): empty #17
W/GAV2    ( 2377): Thread[main,5,main]: Need to call initialize() and be in fallback mode to start dispatch.
D/dalvikvm( 2377): GC_CONCURRENT freed 295K, 12% free 3201K/3624K, paused 2ms+9ms, total 18ms
I/ActivityManager(  527): Delay finish: com.android.vending/com.google.android.finsky.receivers.PackageMonitorReceiver$RegisteredReceiver
I/ActivityManager(  527): Resuming delayed broadcast
I/ActivityManager(  527): Killing 2169:com.android.keychain/1000 (adj 15): empty #17
V/GelStubAppWatcher( 1665): onReceive: android.intent.action.PACKAGE_CHANGED
I/Icing.InternalIcingCorporaProvider( 1665): Updating corpora: A: com.google.android.gms, C: MAYBE
I/ActivityManager(  527): Delay finish: com.android.gallery3d/.app.PackagesMonitor
I/ActivityManager(  527): Resuming delayed broadcast
I/ActivityManager(  527): Delay finish: com.google.android.gms/.app.receiver.SystemBroadcastReceiver
D/PackageBroadcastService( 1155): Received broadcast action=android.intent.action.PACKAGE_CHANGED and uri=com.google.android.gms
D/dalvikvm( 2377): GC_CONCURRENT freed 346K, 13% free 3247K/3720K, paused 3ms+6ms, total 18ms
I/PackageBroadcastService( 1155): Null package name or gms related package.  Ignoreing.
D/dalvikvm( 1155): GC_FOR_ALLOC freed 827K, 16% free 5286K/6248K, paused 14ms, total 14ms
I/Gmail   ( 2377): calculateUnknownSyncRationalesAndPurgeInBackground: queueing
I/Gmail   ( 2377): calculateUnknownSyncRationalesAndPurgeInBackground: queueing
I/Icing   ( 1155): updateResources: need to parse f{com.google.android.gms}
I/Gmail   ( 2377): calculateUnknownSyncRationalesAndPurgeInBackground: running
I/Gmail   ( 2377): calculateUnknownSyncRationalesAndPurgeInBackground: running
I/ActivityManager(  527): Resuming delayed broadcast
I/ActivityManager(  527): Delay finish: com.google.android.gm/.GmailReceiver
D/dalvikvm( 2377): GC_CONCURRENT freed 282K, 11% free 3363K/3768K, paused 0ms+1ms, total 6ms
I/ActivityManager(  527): Resuming delayed broadcast
I/ActivityManager(  527): Delay finish: com.google.android.gm/.GmailReceiver
I/ActivityManager(  527): Resuming delayed broadcast
I/ActivityManager(  527): Delay finish: com.google.android.gm/.GmailReceiver
I/ActivityManager(  527): Resuming delayed broadcast
I/ActivityManager(  527): Delay finish: com.google.android.gm/.GmailReceiver
I/NotifUtils( 2377): Validating Notification, mapSize: 0 getAttention: true
I/NotifUtils( 2377): validateNotifications - cancelling account -325688725 / folder -317575340
I/ActivityManager(  527): Resuming delayed broadcast
I/ActivityManager(  527): Start proc com.google.android.talk for broadcast com.google.android.talk/com.google.android.apps.babel.realtimechat.RealTimeChatService$AlarmReceiver: pid=2423 uid=10064 gids={50064, 3003, 1028, 1015, 3002}
D/dalvikvm( 2423): GC_CONCURRENT freed 265K, 11% free 3013K/3384K, paused 3ms+1ms, total 17ms
I/MmsConfig( 2423): MmsConfig.init: mnc/mcc: 310/260
W/Settings( 2423): Setting airplane_mode_on has moved from android.provider.Settings.System to android.provider.Settings.Global, returning read-only value.
I/Babel   ( 2423): ### loadDeviceMmsSettings from API: mUserAgent=Genymotion, mUaProfUrl=http://gsm.lge.com/html/gsm/20130914.xml
V/MmsConfig( 2423): tag: int value: maxMessageSize - 1048576
V/MmsConfig( 2423): tag: int value: maxImageHeight - 1944
V/MmsConfig( 2423): tag: int value: maxImageWidth - 2592
I/Babel   ( 2423): ### loadMmsSettings: mUserAgent=Genymotion, mUaProfUrl=http://gsm.lge.com/html/gsm/20130914.xml
I/ActivityManager(  527): Delay finish: com.google.android.talk/com.google.android.apps.babel.realtimechat.RealTimeChatService$AlarmReceiver
D/dalvikvm( 2423): GC_CONCURRENT freed 432K, 16% free 3093K/3648K, paused 3ms+1ms, total 10ms
D/dalvikvm( 2423): WAIT_FOR_CONCURRENT_GC blocked 3ms
I/InputReader(  527): Reconfiguring input devices.  changes=0x00000010
D/Documents( 2191): Used cached roots for com.android.providers.downloads.documents
D/Documents( 2191): Used cached roots for com.android.externalstorage.documents
D/Documents( 2191): Used cached roots for com.android.providers.media.documents
D/Documents( 2191): Update found 6 roots in 32ms
I/PackageManager(  527):   Action: "android.intent.action.SENDTO"
I/PackageManager(  527):   Category: "android.intent.category.DEFAULT"
I/PackageManager(  527):   Scheme: "sms"
I/PackageManager(  527): Adding preferred activity ComponentInfo{com.android.mms/com.android.mms.ui.ComposeMessageActivity} for user 0 :
I/PackageManager(  527):   Action: "android.intent.action.SENDTO"
I/PackageManager(  527):   Category: "android.intent.category.DEFAULT"
I/PackageManager(  527):   Scheme: "smsto"
I/PackageManager(  527): Adding preferred activity ComponentInfo{com.android.mms/com.android.mms.ui.ComposeMessageActivity} for user 0 :
I/PackageManager(  527):   Action: "android.intent.action.SENDTO"
I/PackageManager(  527):   Category: "android.intent.category.DEFAULT"
I/PackageManager(  527):   Scheme: "mms"
I/PackageManager(  527): Adding preferred activity ComponentInfo{com.android.mms/com.android.mms.ui.ComposeMessageActivity} for user 0 :
I/ActivityManager(  527): Resuming delayed broadcast
I/PackageManager(  527):   Action: "android.intent.action.SENDTO"
I/PackageManager(  527):   Category: "android.intent.category.DEFAULT"
I/PackageManager(  527):   Scheme: "mmsto"
I/PackageManager(  527): Adding preferred activity ComponentInfo{com.android.mms/com.android.mms.ui.ComposeMessageActivity} for user 0 :
I/ActivityManager(  527): Delay finish: com.google.android.talk/com.google.android.apps.babel.realtimechat.RealTimeChatService$AlarmReceiver
I/PackageManager(  527):   Action: "android.intent.action.SENDTO"
I/PackageManager(  527):   Category: "android.intent.category.DEFAULT"
I/PackageManager(  527):   Scheme: "sms"
I/PackageManager(  527): Adding preferred activity ComponentInfo{com.android.mms/com.android.mms.ui.ComposeMessageActivity} for user 0 :
D/dalvikvm(  731): GC_FOR_ALLOC freed 409K, 16% free 3499K/4120K, paused 8ms, total 8ms
D/dalvikvm(  527): GC_FOR_ALLOC freed 1418K, 17% free 9026K/10868K, paused 33ms, total 34ms
I/PackageManager(  527):   Action: "android.intent.action.SENDTO"
I/PackageManager(  527):   Category: "android.intent.category.DEFAULT"
I/PackageManager(  527):   Scheme: "smsto"
I/PackageManager(  527): Adding preferred activity ComponentInfo{com.android.mms/com.android.mms.ui.ComposeMessageActivity} for user 0 :
I/PackageManager(  527):   Action: "android.intent.action.SENDTO"
I/PackageManager(  527):   Category: "android.intent.category.DEFAULT"
I/PackageManager(  527):   Scheme: "mms"
I/PackageManager(  527): Adding preferred activity ComponentInfo{com.android.mms/com.android.mms.ui.ComposeMessageActivity} for user 0 :
I/PackageManager(  527):   Action: "android.intent.action.SENDTO"
I/PackageManager(  527):   Category: "android.intent.category.DEFAULT"
I/PackageManager(  527):   Scheme: "mmsto"
I/PackageManager(  527): Adding preferred activity ComponentInfo{com.android.mms/com.android.mms.ui.ComposeMessageActivity} for user 0 :
I/GCoreNlp( 1052): shouldConfirmNlp, NLP off. Ensuring opt-in disabled
I/ActivityManager(  527): Resuming delayed broadcast
D/android.widget.GridLayout(  746): horizontal constraints: x1-x0>=350, x2-x1>=390, x2-x0<=736 are inconsistent; permanently removing: x2-x0<=736. 
D/android.widget.GridLayout(  746): horizontal constraints: x1-x0>=350, x2-x1>=390, x2-x0<=736 are inconsistent; permanently removing: x2-x0<=736. 
D/android.widget.GridLayout(  746): horizontal constraints: x1-x0>=350, x2-x1>=390, x2-x0<=736 are inconsistent; permanently removing: x2-x0<=736. 
I/ActivityManager(  527): Killing 1862:com.genymotion.superuser/u0a52 (adj 15): empty #17
D/dalvikvm(  924): GC_FOR_ALLOC freed 564K, 27% free 4033K/5516K, paused 14ms, total 15ms
I/ActivityManager(  527): Killing 2191:com.android.documentsui/u0a28 (adj 15): empty #17
D/dalvikvm( 2423): GC_FOR_ALLOC freed 510K, 17% free 3095K/3728K, paused 55ms, total 56ms
I/Icing   ( 1155): Indexing A0EEF8FE22D6906E7AB9FDFA9A418740738AACF0 from com.google.android.gms
D/GCM     (  924): GcmService start Intent { act=com.google.android.checkin.CHECKIN_COMPLETE flg=0x10 cmp=com.google.android.gms/.gcm.GcmService (has extras) } com.google.android.checkin.CHECKIN_COMPLETE
D/dalvikvm( 1155): GC_FOR_ALLOC freed 774K, 15% free 5329K/6248K, paused 30ms, total 30ms
I/Icing   ( 1155): Indexing F2A94E2222D368E86E6F715A98746A5D29A34739 from com.google.android.googlequicksearchbox
D/dalvikvm(  924): GC_FOR_ALLOC freed 494K, 27% free 4050K/5516K, paused 8ms, total 8ms
D/dalvikvm( 1665): GC_FOR_ALLOC freed 2007K, 38% free 4090K/6524K, paused 20ms, total 27ms
D/android.widget.GridLayout(  746): horizontal constraints: x1-x0>=350, x2-x1>=390, x2-x0<=736 are inconsistent; permanently removing: x2-x0<=736. 
D/android.widget.GridLayout(  746): horizontal constraints: x1-x0>=350, x2-x1>=390, x2-x0<=736 are inconsistent; permanently removing: x2-x0<=736. 
D/android.widget.GridLayout(  746): horizontal constraints: x1-x0>=350, x2-x1>=390, x2-x0<=736 are inconsistent; permanently removing: x2-x0<=736. 
I/Icing   ( 1155): Indexing done A0EEF8FE22D6906E7AB9FDFA9A418740738AACF0
I/Icing   ( 1155): Indexing done F2A94E2222D368E86E6F715A98746A5D29A34739
D/dalvikvm(  924): GC_FOR_ALLOC freed 491K, 27% free 4067K/5516K, paused 8ms, total 8ms
D/MobileDataStateTracker(  527): default: setPolicyDataEnable(enabled=true)
D/ConnectivityService(  527): Sampling interval elapsed, updating statistics ..
D/ConnectivityService(  527): Done.
D/ConnectivityService(  527): Setting timer for 720seconds
I/ActivityManager(  527): Start proc com.android.mms for broadcast com.android.mms/.transaction.SmsReceiver: pid=2464 uid=10009 gids={50009, 3003, 1028, 1015}
E/jdwp    ( 2464): Failed sending reply to debugger: Broken pipe
D/dalvikvm( 2464): Debugger has detached; object registry had 1 entries
D/dalvikvm(  924): GC_FOR_ALLOC freed 575K, 28% free 4004K/5516K, paused 15ms, total 15ms
D/CountryDetector(  527): The first listener is added
V/MmsConfig( 2464): mnc/mcc: 310260
V/MmsConfig( 2464): tag: bool value: enabledMMS - true
V/MmsConfig( 2464): tag: int value: maxMessageSize - 307200
V/MmsConfig( 2464): tag: int value: maxImageHeight - 480
V/MmsConfig( 2464): tag: int value: maxImageWidth - 640
V/MmsConfig( 2464): tag: int value: defaultSMSMessagesPerThread - 10000
V/MmsConfig( 2464): tag: int value: defaultMMSMessagesPerThread - 1000
V/MmsConfig( 2464): tag: int value: minMessageCountPerThread - 10
V/MmsConfig( 2464): tag: int value: maxMessageCountPerThread - 5000
V/MmsConfig( 2464): tag: string value: uaProfUrl - http://www.google.com/oha/rdf/ua-profile-kila.xml
V/MmsConfig( 2464): tag: int value: recipientLimit - -1
V/MmsConfig( 2464): tag: bool value: enableMultipartSMS - true
V/MmsConfig( 2464): tag: int value: smsToMmsTextThreshold - -1
V/MmsConfig( 2464): tag: bool value: enableSlideDuration - true
V/MmsConfig( 2464): tag: int value: maxMessageTextSize - -1
D/GCM     (  924): GcmService start Intent { act=com.google.android.checkin.CHECKIN_COMPLETE flg=0x10 cmp=com.google.android.gms/.gcm.GcmService (has extras) } com.google.android.checkin.CHECKIN_COMPLETE
V/SmsReceiverService( 2464): onStart: #1 mResultCode: -1 = Activity.RESULT_OK
D/GCM     (  924): GcmService start Intent { act=com.google.android.checkin.CHECKIN_COMPLETE flg=0x10 cmp=com.google.android.gms/.gcm.GcmService (has extras) } com.google.android.checkin.CHECKIN_COMPLETE
D/dalvikvm( 2464): GC_CONCURRENT freed 203K, 10% free 3037K/3364K, paused 2ms+1ms, total 9ms
I/ActivityManager(  527): Killing 2208:com.android.externalstorage/u0a6 (adj 15): empty #17
D/AlertReceiver( 1699): onReceive: a=android.intent.action.PROVIDER_CHANGED Intent { act=android.intent.action.PROVIDER_CHANGED dat=content://com.android.calendar flg=0x10 cmp=com.android.calendar/.alerts.AlertReceiver }
D/AlertService( 1699): 0 Action = android.intent.action.PROVIDER_CHANGED
V/GelStubAppWatcher( 1665): onReceive: android.intent.action.PACKAGE_CHANGED
I/Icing.InternalIcingCorporaProvider( 1665): Updating corpora: A: com.google.android.gms, C: MAYBE
I/ActivityManager(  527): Delay finish: com.android.gallery3d/.app.PackagesMonitor
I/ActivityManager(  527): Resuming delayed broadcast
D/dalvikvm( 1883): GC_FOR_ALLOC freed 329K, 13% free 3248K/3700K, paused 5ms, total 5ms
D/PackageBroadcastService( 1155): Received broadcast action=android.intent.action.PACKAGE_CHANGED and uri=com.google.android.gms
I/PackageBroadcastService( 1155): Null package name or gms related package.  Ignoreing.
D/dalvikvm(  924): GC_FOR_ALLOC freed 462K, 27% free 4054K/5516K, paused 12ms, total 12ms
D/ConnectivityService(  527): stopUsingNetworkFeature: teardown net 0: enableHIPRI
D/MobileDataStateTracker(  527): hipri: Broadcast received: android.intent.action.ANY_DATA_STATE apnType=hipri
D/MobileDataStateTracker(  527): hipri: Received state=DISCONNECTED, old=CONNECTED, reason=dataDisabled
D/MobileDataStateTracker(  527): hipri: setDetailed state, old =CONNECTED and new state=DISCONNECTED
D/ConnectivityService(  527): ConnectivityChange for mobile_hipri: DISCONNECTED/DISCONNECTED
D/Nat464Xlat(  527): requiresClat: netType=5, hasIPv4Address=true
D/MobileDataStateTracker(  527): default: setPolicyDataEnable(enabled=true)
D/dalvikvm( 1155): GC_FOR_ALLOC freed 841K, 16% free 5318K/6284K, paused 20ms, total 21ms
I/Icing   ( 1155): updateResources: need to parse f{com.google.android.gms}
D/dalvikvm(  731): GC_FOR_ALLOC freed 607K, 18% free 3403K/4136K, paused 8ms, total 8ms
D/dalvikvm(  924): GC_FOR_ALLOC freed 509K, 27% free 4054K/5516K, paused 8ms, total 8ms
D/dalvikvm(  527): GC_FOR_ALLOC freed 1495K, 17% free 9082K/10868K, paused 29ms, total 30ms
D/MobileDataStateTracker(  527): default: setPolicyDataEnable(enabled=true)
D/MobileDataStateTracker(  527): default: setPolicyDataEnable(enabled=true)
D/MobileDataStateTracker(  527): default: setPolicyDataEnable(enabled=true)
V/SmsReceiverService( 2464): onStart: #1 mResultCode: -1 = Activity.RESULT_OK
I/ActivityManager(  527): Delay finish: com.android.mms/.transaction.SmsReceiver
D/dalvikvm(  924): GC_FOR_ALLOC freed 572K, 28% free 3994K/5516K, paused 11ms, total 11ms
I/ActivityManager(  527): Resuming delayed broadcast
I/Icing   ( 1155): Indexing A0EEF8FE22D6906E7AB9FDFA9A418740738AACF0 from com.google.android.gms
I/Icing   ( 1155): Indexing done A0EEF8FE22D6906E7AB9FDFA9A418740738AACF0
I/Icing   ( 1155): Indexing F2A94E2222D368E86E6F715A98746A5D29A34739 from com.google.android.googlequicksearchbox
D/dalvikvm( 1665): GC_FOR_ALLOC freed 511K, 38% free 4090K/6524K, paused 11ms, total 11ms
I/Icing   ( 1155): Indexing done F2A94E2222D368E86E6F715A98746A5D29A34739
I/GAV2    ( 2377): Thread[GAThread,5,main]: No campaign data found.
D/Tethering(  527): MasterInitialState.processMessage what=3
D/Tethering(  527): MasterInitialState.processMessage what=3
D/dalvikvm( 1155): GC_FOR_ALLOC freed 858K, 16% free 5287K/6284K, paused 18ms, total 18ms
D/MobileConnectivityChangeReceiver( 2017): onReceive Intent { act=android.net.conn.CONNECTIVITY_CHANGE flg=0x4000010 cmp=com.google.android.setupwizard/.MobileConnectivityChangeReceiver (has extras) }
D/MobileConnectivityChangeReceiver( 2017): onReceive CONNECTIVITY_CHANGE networkType=5
D/MobileConnectivityChangeReceiver( 2017): onReceive Intent { act=android.net.conn.CONNECTIVITY_CHANGE flg=0x4000010 cmp=com.google.android.setupwizard/.MobileConnectivityChangeReceiver (has extras) }
D/MobileConnectivityChangeReceiver( 2017): onReceive CONNECTIVITY_CHANGE networkType=1
D/ConnectivityService(  527): handleInetConditionHoldEnd: net=1, condition=100, published condition=100
I/ActivityManager(  527): Killing 2237:com.google.android.configupdater/u0a66 (adj 15): empty #17
I/CheckinService( 1155): Checkin interval check for package: unspecified last checkin: 1456757320830 min interval config: 0 actual interval: 31446
I/CheckinService( 1155): Checking schedule, now: 1456757352291 next: 1456757350774
I/CheckinService( 1155): active receiver: enabled
I/CheckinService( 1155): Preparing to send checkin request
I/EventLogService( 1155): Accumulating logs since 1456757310521
I/CheckinRequestBuilder( 1155): Checkin reason type: 3 attempt count: 1
D/dalvikvm( 1155): GC_FOR_ALLOC freed 708K, 16% free 5310K/6284K, paused 19ms, total 19ms
E/ActivityThread( 1155): Failed to find provider info for com.google.android.wearable.settings
I/GlobalDismissManager( 1699): no sender configured
D/AlertService( 1699): Beginning updateAlertNotification
D/AlertService( 1699): No fired or scheduled alerts
D/AlertService( 1699): Scheduling next alarm with AlarmScheduler. sEventReminderReceived: null
D/AlarmScheduler( 1699): No events found starting within 1 week.
V/GLSActivity(  924): AuthDelegateWrapperCreated with selected intent: Intent { cmp=com.google.android.gms/.auth.DefaultAuthDelegateService }
V/GLSActivity(  924): AuthDelegateWrapperCreated with selected intent: Intent { cmp=com.google.android.gms/.auth.DefaultAuthDelegateService }
I/ActivityManager(  527): Start proc com.google.android.gms.unstable for service com.google.android.gms/.droidguard.DroidGuardService: pid=2530 uid=10061 gids={50061, 3003, 1007, 1028, 1015, 3002, 3001, 3007, 2001, 3006}
W/dalvikvm( 2530): VFY: unable to resolve static field 560 (PR_SET_DUMPABLE) in Landroid/system/OsConstants;
D/dalvikvm( 2530): VFY: replacing opcode 0x60 at 0x000b
I/dalvikvm( 2530): Could not find method com.google.android.gms.common.app.GmsApplication.getSystemService, referenced from method com.google.android.gms.common.app.GmsApplication.onCreate
W/dalvikvm( 2530): VFY: unable to resolve virtual method 11562: Lcom/google/android/gms/common/app/GmsApplication;.getSystemService (Ljava/lang/Class;)Ljava/lang/Object;
D/dalvikvm( 2530): VFY: replacing opcode 0x6e at 0x00cd
I/MultiDex( 2530): VM with version 1.6.0 does not have multidex support
I/MultiDex( 2530): install
I/MultiDex( 2530): MultiDexExtractor.load(/data/app/com.google.android.gms-1.apk, false)
I/MultiDex( 2530): loading existing secondary dex files
I/MultiDex( 2530): load found 3 secondary dex files
I/MultiDex( 2530): install done
D/dalvikvm( 2530): DexOpt: couldn't find static field Landroid/os/Build;.SUPPORTED_ABIS
W/dalvikvm( 2530): VFY: unable to resolve static field 120 (SUPPORTED_ABIS) in Landroid/os/Build;
D/dalvikvm( 2530): VFY: replacing opcode 0x62 at 0x000a
D/dalvikvm( 2530): DexOpt: couldn't find field Landroid/content/pm/ApplicationInfo;.splitSourceDirs
W/dalvikvm( 2530): VFY: unable to resolve instance field 36
D/dalvikvm( 2530): VFY: replacing opcode 0x54 at 0x005f
D/dalvikvm( 2530): DexOpt: couldn't find static field Landroid/os/Build;.SUPPORTED_ABIS
W/dalvikvm( 2530): VFY: unable to resolve static field 120 (SUPPORTED_ABIS) in Landroid/os/Build;
D/dalvikvm( 2530): VFY: replacing opcode 0x62 at 0x0047
D/dalvikvm( 2530): DexOpt: couldn't find field Landroid/content/pm/ApplicationInfo;.splitSourceDirs
I/dalvikvm( 2530): DexOpt: unable to optimize instance field ref 0x0024 at 0x63 in Lcom/google/android/gms/common/util/ay;.b
D/dalvikvm( 2530): Trying to load lib /data/app-lib/com.google.android.gms-1/libgmscore.so 0xa4fe4e00
D/dalvikvm( 2530): Added shared lib /data/app-lib/com.google.android.gms-1/libgmscore.so 0xa4fe4e00
D/dalvikvm( 2530): No JNI_OnLoad found in /data/app-lib/com.google.android.gms-1/libgmscore.so 0xa4fe4e00, skipping init
D/dalvikvm( 2530): Trying to load lib /data/app-lib/com.google.android.gms-1/libconscrypt_gmscore_jni.so 0xa4fe4e00
D/dalvikvm( 2530): Added shared lib /data/app-lib/com.google.android.gms-1/libconscrypt_gmscore_jni.so 0xa4fe4e00
V/JNIHelp ( 2530): Registering com/google/android/gms/org/conscrypt/NativeCrypto's 254 native methods...
D/dalvikvm( 2530): GC_FOR_ALLOC freed 370K, 15% free 2987K/3480K, paused 8ms, total 8ms
D/dalvikvm( 2530): Trying to load lib /data/app-lib/com.google.android.gms-1/libgmscore.so 0xa4fe4e00
D/dalvikvm( 2530): Shared lib '/data/app-lib/com.google.android.gms-1/libgmscore.so' already loaded in same CL 0xa4fe4e00
D/dalvikvm( 2530): Trying to load lib /data/app-lib/com.google.android.gms-1/libconscrypt_gmscore_jni.so 0xa4fe4e00
D/dalvikvm( 2530): Shared lib '/data/app-lib/com.google.android.gms-1/libconscrypt_gmscore_jni.so' already loaded in same CL 0xa4fe4e00
I/ProviderInstaller( 2530): Installed default security provider GmsCore_OpenSSL
D/WearableService( 1052): callingUid 10061, callindPid: 1052
D/AuthorizationBluetoothService(  924): Received GmsCore event: Intent { act=com.google.android.gms.INITIALIZE flg=0x10 pkg=com.google.android.gms cmp=com.google.android.gms/.auth.be.proximity.authorization.bt.AuthorizationBluetoothService$AutoStarter }.
E/AuthorizationBluetoothService(  924): Proximity feature is not enabled.
I/ActivityManager(  527): Delay finish: com.google.android.gms/.auth.be.account.AccountStatusChecker$InitializeReceiver
D/LocationInitializer( 1155): Restart initialization of location
E/MDM     ( 1052): [106] b.run: Couldn't connect to Google API client: ConnectionResult{statusCode=API_UNAVAILABLE, resolution=null, message=null}
I/ActivityManager(  527): Resuming delayed broadcast
V/GLSActivity(  924): AuthDelegateWrapperCreated with selected intent: Intent { cmp=com.google.android.gms/.auth.DefaultAuthDelegateService }
D/dalvikvm( 2530): GC_FOR_ALLOC freed 244K, 11% free 3227K/3600K, paused 11ms, total 12ms
I/dalvikvm( 2530): Could not find method android.app.Notification$Builder.setLocalOnly, referenced from method com.google.android.gms.common.mz.b
W/dalvikvm( 2530): VFY: unable to resolve virtual method 141: Landroid/app/Notification$Builder;.setLocalOnly (Z)Landroid/app/Notification$Builder;
D/dalvikvm( 2530): VFY: replacing opcode 0x6e at 0x00ce
I/dalvikvm( 2530): Could not find method android.content.pm.PackageManager.getPackageInstaller, referenced from method com.google.android.gms.common.nb.a
W/dalvikvm( 2530): VFY: unable to resolve virtual method 424: Landroid/content/pm/PackageManager;.getPackageInstaller ()Landroid/content/pm/PackageInstaller;
D/dalvikvm( 2530): VFY: replacing opcode 0x6e at 0x000d
I/dalvikvm( 2530): Failed resolving Lcom/google/android/gms/common/j/c; interface 122 'Landroid/content/pm/PackageManager$OnPermissionsChangedListener;'
W/dalvikvm( 2530): Link of class 'Lcom/google/android/gms/common/j/c;' failed
E/dalvikvm( 2530): Could not find class 'com.google.android.gms.common.j.c', referenced from method com.google.android.gms.common.j.b.a
W/dalvikvm( 2530): VFY: unable to resolve new-instance 2797 (Lcom/google/android/gms/common/j/c;) in Lcom/google/android/gms/common/j/b;
D/dalvikvm( 2530): VFY: replacing opcode 0x22 at 0x0000
I/dalvikvm( 2530): Could not find method android.content.Context.checkSelfPermission, referenced from method com.google.android.gms.common.j.b.b
W/dalvikvm( 2530): VFY: unable to resolve virtual method 274: Landroid/content/Context;.checkSelfPermission (Ljava/lang/String;)I
D/dalvikvm( 2530): VFY: replacing opcode 0x6e at 0x0036
I/dalvikvm( 2530): Failed resolving Lcom/google/android/gms/common/j/c; interface 122 'Landroid/content/pm/PackageManager$OnPermissionsChangedListener;'
W/dalvikvm( 2530): Link of class 'Lcom/google/android/gms/common/j/c;' failed
D/dalvikvm( 2530): DexOpt: unable to opt direct call 0x32c7 at 0x02 in Lcom/google/android/gms/common/j/b;.a
D/dalvikvm( 2530): GC_FOR_ALLOC freed 192K, 9% free 3545K/3864K, paused 8ms, total 9ms
D/dalvikvm( 2530): GC_FOR_ALLOC freed 239K, 9% free 3815K/4180K, paused 11ms, total 11ms
E/Drm     (  154): Failed to open plugin directory /vendor/lib/mediadrm
W/DG.WV   ( 2530): Widevine DRM not supported on this device
W/DG.WV   ( 2530): android.media.UnsupportedSchemeException: Failed to instantiate drm object.
W/DG.WV   ( 2530): 	at android.media.MediaDrm.native_setup(Native Method)
W/DG.WV   ( 2530): 	at android.media.MediaDrm.<init>(MediaDrm.java:163)
W/DG.WV   ( 2530): 	at com.google.android.gms.droidguard.q.run(SourceFile:99)
W/DG.WV   ( 2530): 	at java.util.concurrent.ThreadPoolExecutor.runWorker(ThreadPoolExecutor.java:1112)
W/DG.WV   ( 2530): 	at java.util.concurrent.ThreadPoolExecutor$Worker.run(ThreadPoolExecutor.java:587)
W/DG.WV   ( 2530): 	at java.lang.Thread.run(Thread.java:841)
D/dalvikvm( 2530): GC_FOR_ALLOC freed 167K, 7% free 4157K/4452K, paused 13ms, total 13ms
D/dalvikvm( 2530): GC_FOR_ALLOC freed 151K, 6% free 4511K/4792K, paused 15ms, total 16ms
D/dalvikvm( 2530): GC_FOR_ALLOC freed 149K, 6% free 4910K/5192K, paused 13ms, total 13ms
D/dalvikvm( 2530): GC_FOR_ALLOC freed 194K, 6% free 5387K/5720K, paused 32ms, total 32ms
D/NativeLibraryUtils( 2530): Install completed successfully. count=14 extracted=0
D/dalvikvm( 2530): GC_FOR_ALLOC freed 338K, 8% free 5872K/6348K, paused 24ms, total 24ms
D/dalvikvm( 2530): Trying to load lib /data/data/com.google.android.gms/app_dg_cache/C1CF1CFA584DF1CAE75FEE1AFAC37A28464593C2/lib/libdFDEE6494238C.so 0xa50f3cd8
D/dalvikvm( 2530): Added shared lib /data/data/com.google.android.gms/app_dg_cache/C1CF1CFA584DF1CAE75FEE1AFAC37A28464593C2/lib/libdFDEE6494238C.so 0xa50f3cd8
D/dalvikvm( 2530): No JNI_OnLoad found in /data/data/com.google.android.gms/app_dg_cache/C1CF1CFA584DF1CAE75FEE1AFAC37A28464593C2/lib/libdFDEE6494238C.so 0xa50f3cd8, skipping init
D/dalvikvm( 2115): GC_FOR_ALLOC freed 271K, 11% free 3442K/3836K, paused 11ms, total 11ms
D/dalvikvm( 2530): DexOpt: --- BEGIN 'f.apk' (bootstrap=0) ---
D/Finsky  ( 2115): [1] 5.onFinished: Installation state replication succeeded.
D/dalvikvm( 2555): DexOpt: load 3ms, verify+opt 4ms, 123436 bytes
D/dalvikvm( 2530): DexOpt: --- END 'f.apk' (success) ---
D/dalvikvm( 2530): DEX prep '/data/data/com.google.android.gms/app_fb/f.apk': unzip in 0ms, rewrite 49ms
D/libEGL  ( 2530): loaded /system/lib/egl/libEGL_genymotion.so
D/        ( 2530): HostConnection::get() New Host Connection established 0xb8f34c30, tid 2542
D/libEGL  ( 2530): loaded /system/lib/egl/libGLESv1_CM_genymotion.so
D/libEGL  ( 2530): loaded /system/lib/egl/libGLESv2_genymotion.so
D/InitAlarmsService( 1699): Clearing and rescheduling alarms.
D/CaptivePortalTracker(  527): Checking http://216.58.199.14/generate_204
D/ConnectivityService(  527): [CheckMp] isMobileOk: addresses=clients3.google.com/216.58.199.14
D/ConnectivityService(  527): [CheckMp] isMobileOk: linkHasIpv4=true linkHasIpv6=false
D/ConnectivityService(  527): [CheckMp] isMobileOk: spend too much time - giving up
D/ConnectivityService(  527): [CheckMp] isMobileOk: X loops|timed out result=0
D/ConnectivityService(  527): [CheckMp] isMobileOk: F stop hipri
D/MobileDataStateTracker(  527): default: setEnableFailFastMobileData(enabled=0)
W/ActivityThread(  527): ClassLoader.loadClass: The class loader returned by Thread.getContextClassLoader() may fail for processes that host multiple applications. You should explicitly specify a context class loader. For example: Thread.setContextClassLoader(getClass().getClassLoader());
D/dalvikvm( 2115): GC_FOR_ALLOC freed 571K, 18% free 3385K/4080K, paused 10ms, total 10ms
D/CaptivePortalTracker(  527): Don't send network conditions - lacking user consent.
D/CaptivePortalTracker(  527): isCaptivePortal: ret=false rspCode=204
D/CaptivePortalTracker(  527): Not captive network NetworkInfo: type: WIFI[], state: CONNECTED/CONNECTED, reason: (unspecified), extra: "WiredSSID", roaming: false, failover: false, isAvailable: true, isConnectedToProvisioningNetwork: false
D/CaptivePortalTracker(  527): notifyPortalCheckCompleted: captive=false ni=NetworkInfo: type: WIFI[], state: CONNECTED/CONNECTED, reason: (unspecified), extra: "WiredSSID", roaming: false, failover: false, isAvailable: true, isConnectedToProvisioningNetwork: false
D/ConnectivityService(  527): captivePortalCheckCompleted: ni=NetworkInfo: type: WIFI[], state: CONNECTED/CONNECTED, reason: (unspecified), extra: "WiredSSID", roaming: false, failover: false, isAvailable: true, isConnectedToProvisioningNetwork: false captive=false
D/dalvikvm(  527): GC_FOR_ALLOC freed 1725K, 18% free 8921K/10868K, paused 112ms, total 112ms
D/Volley  ( 2115): [156] BasicNetwork.logSlowRequests: HTTP response for request=<[ ] https://android.clients.google.com/fdfe/replicateLibrary 0xe8d195d1 NORMAL 1> [lifetime=3112], [size=288], [rc=200], [retryCount=0]
D/dalvikvm( 2115): GC_FOR_ALLOC freed 389K, 15% free 3507K/4080K, paused 12ms, total 12ms
E/Drm     (  154): Failed to open plugin directory /vendor/lib/mediadrm
W/Settings( 2530): Setting install_non_market_apps has moved from android.provider.Settings.Secure to android.provider.Settings.Global.
D/dalvikvm( 2115): GC_FOR_ALLOC freed 156K, 7% free 3856K/4144K, paused 9ms, total 9ms
D/dalvikvm(  527): GC_FOR_ALLOC freed 1581K, 19% free 8863K/10868K, paused 35ms, total 36ms
D/dalvikvm( 2115): GC_FOR_ALLOC freed 219K, 9% free 4131K/4492K, paused 11ms, total 11ms
D/dalvikvm( 2115): GC_FOR_ALLOC freed 133K, 10% free 4259K/4684K, paused 10ms, total 10ms
D/dalvikvm( 2115): GC_FOR_ALLOC freed 184K, 10% free 4321K/4780K, paused 19ms, total 19ms
D/dalvikvm( 2115): GC_FOR_ALLOC freed 212K, 11% free 4414K/4908K, paused 11ms, total 11ms
D/dalvikvm( 2530): GC_FOR_ALLOC freed 1925K, 30% free 4941K/7008K, paused 18ms, total 18ms
D/dalvikvm(  527): GC_FOR_ALLOC freed 1516K, 19% free 8857K/10868K, paused 30ms, total 30ms
D/dalvikvm( 2115): GC_FOR_ALLOC freed 279K, 9% free 4657K/5064K, paused 11ms, total 11ms
D/dalvikvm( 2115): GC_FOR_ALLOC freed 176K, 6% free 5089K/5388K, paused 13ms, total 13ms
D/dalvikvm(  527): GC_FOR_ALLOC freed 1509K, 19% free 8855K/10868K, paused 31ms, total 31ms
D/dalvikvm(  527): GC_FOR_ALLOC freed 1509K, 19% free 8854K/10868K, paused 28ms, total 28ms
D/dalvikvm( 2115): GC_FOR_ALLOC freed 477K, 11% free 5364K/5964K, paused 13ms, total 13ms
D/Volley  ( 2115): [1] Request.finish: 4712 ms: [ ] https://android.clients.google.com/fdfe/replicateLibrary 0xe8d195d1 NORMAL 1
D/Finsky  ( 2115): [1] CheckWifiAndAutoUpdate.cancelCheck: Cancelling auto-update wifi check.
D/dalvikvm(  527): GC_FOR_ALLOC freed 1500K, 19% free 8861K/10868K, paused 31ms, total 32ms
D/dalvikvm( 2115): GC_FOR_ALLOC freed 755K, 14% free 5450K/6328K, paused 18ms, total 19ms
D/dalvikvm( 1155): GC_FOR_ALLOC freed 154K, 16% free 5306K/6284K, paused 13ms, total 13ms
I/CheckinRequestBuilder( 1155): Classify the device as Phone.
V/GLSActivity(  924): AuthDelegateWrapperCreated with selected intent: Intent { cmp=com.google.android.gms/.auth.DefaultAuthDelegateService }
V/GLSActivity(  924): AuthDelegateWrapperCreated with selected intent: Intent { cmp=com.google.android.gms/.auth.DefaultAuthDelegateService }
D/dalvikvm(  527): GC_FOR_ALLOC freed 1491K, 19% free 8879K/10868K, paused 28ms, total 28ms
I/CheckinTask( 1155): Sending checkin request (10103 bytes)
D/dalvikvm(  527): GC_FOR_ALLOC freed 1518K, 19% free 8874K/10868K, paused 30ms, total 30ms
D/dalvikvm(  527): GC_FOR_ALLOC freed 1513K, 19% free 8874K/10868K, paused 26ms, total 26ms
I/CheckinRequestBuilder( 1155): Checkin reason type: 3 attempt count: 1
E/ActivityThread( 1155): Failed to find provider info for com.google.android.wearable.settings
D/dalvikvm(  527): GC_FOR_ALLOC freed 1511K, 19% free 8875K/10868K, paused 22ms, total 22ms
V/GLSActivity(  924): AuthDelegateWrapperCreated with selected intent: Intent { cmp=com.google.android.gms/.auth.DefaultAuthDelegateService }
V/GLSActivity(  924): AuthDelegateWrapperCreated with selected intent: Intent { cmp=com.google.android.gms/.auth.DefaultAuthDelegateService }
I/CheckinRequestBuilder( 1155): Classify the device as Phone.
I/CheckinTask( 1155): Checkin success: https://android.clients.google.com/checkin (1 requests sent)
D/dalvikvm( 1155): GC_FOR_ALLOC freed 544K, 16% free 5308K/6284K, paused 13ms, total 13ms
I/CheckinService( 1155): Checking schedule, now: 1456757360042 next: 1456797749023
I/CheckinService( 1155): active receiver: disabled
D/CheckinService( 1155): Recording last checkin time for package unspecified as 1456757360057
I/ActivityManager(  527): Killing 2267:com.google.android.partnersetup/u0a69 (adj 15): empty #17
D/GCM     (  924): GcmService start Intent { act=com.google.android.checkin.CHECKIN_COMPLETE flg=0x10 cmp=com.google.android.gms/.gcm.GcmService (has extras) } com.google.android.checkin.CHECKIN_COMPLETE
D/dalvikvm(  527): GC_FOR_ALLOC freed 1508K, 19% free 8879K/10868K, paused 21ms, total 21ms
D/dalvikvm(  527): GC_FOR_ALLOC freed 1523K, 19% free 8870K/10868K, paused 24ms, total 24ms
I/qtaguid ( 2115): Failed write_ctrl(u 56) res=-1 errno=22
I/qtaguid ( 2115): Untagging socket 56 failed errno=-22
W/NetworkManagementSocketTagger( 2115): untagSocket(56) failed with errno -22
D/dalvikvm(  527): GC_FOR_ALLOC freed 1508K, 19% free 8872K/10868K, paused 41ms, total 41ms
D/ConnectivityService(  527): [CheckMp] isMobileOk: X result=0
D/ConnectivityService(  527): [CheckMp] onPostExecute: result=0
D/ConnectivityService(  527): CheckMp.onComplete: result=0
D/ConnectivityService(  527): CheckMp.onComplete: ignore, connected or no connection
D/dalvikvm( 2115): GC_FOR_ALLOC freed 689K, 13% free 5632K/6444K, paused 14ms, total 14ms
D/Finsky  ( 2115): [1] DailyHygiene.flushEventLogs: Flushing event logs for [YLS_uGq3wnIU9BMfnFQ-qDYiFpM]
I/ActivityManager(  527): Killing 2344:com.android.settings/1000 (adj 15): empty #17
D/dalvikvm(  527): GC_FOR_ALLOC freed 1492K, 19% free 8891K/10868K, paused 65ms, total 65ms
I/InputReader(  527): Reconfiguring input devices.  changes=0x00000010
I/PackageManager(  527):   Action: "android.intent.action.SENDTO"
I/PackageManager(  527):   Category: "android.intent.category.DEFAULT"
I/PackageManager(  527):   Scheme: "sms"
I/PackageManager(  527): Adding preferred activity ComponentInfo{com.android.mms/com.android.mms.ui.ComposeMessageActivity} for user 0 :
I/PackageManager(  527):   Action: "android.intent.action.SENDTO"
I/PackageManager(  527):   Category: "android.intent.category.DEFAULT"
I/PackageManager(  527):   Scheme: "smsto"
I/PackageManager(  527): Adding preferred activity ComponentInfo{com.android.mms/com.android.mms.ui.ComposeMessageActivity} for user 0 :
I/PackageManager(  527):   Action: "android.intent.action.SENDTO"
I/PackageManager(  527):   Category: "android.intent.category.DEFAULT"
I/PackageManager(  527):   Scheme: "mms"
I/PackageManager(  527): Adding preferred activity ComponentInfo{com.android.mms/com.android.mms.ui.ComposeMessageActivity} for user 0 :
I/PackageManager(  527):   Action: "android.intent.action.SENDTO"
I/PackageManager(  527):   Category: "android.intent.category.DEFAULT"
I/PackageManager(  527):   Scheme: "mmsto"
I/PackageManager(  527): Adding preferred activity ComponentInfo{com.android.mms/com.android.mms.ui.ComposeMessageActivity} for user 0 :
I/GCoreNlp( 1052): shouldConfirmNlp, NLP off. Ensuring opt-in disabled
I/PackageManager(  527):   Action: "android.intent.action.SENDTO"
I/PackageManager(  527):   Category: "android.intent.category.DEFAULT"
I/PackageManager(  527):   Scheme: "sms"
I/PackageManager(  527): Adding preferred activity ComponentInfo{com.android.mms/com.android.mms.ui.ComposeMessageActivity} for user 0 :
D/dalvikvm(  731): GC_FOR_ALLOC freed 421K, 16% free 3493K/4136K, paused 29ms, total 29ms
I/PackageManager(  527):   Action: "android.intent.action.SENDTO"
I/PackageManager(  527):   Category: "android.intent.category.DEFAULT"
I/PackageManager(  527):   Scheme: "smsto"
I/PackageManager(  527): Adding preferred activity ComponentInfo{com.android.mms/com.android.mms.ui.ComposeMessageActivity} for user 0 :
I/PackageManager(  527):   Action: "android.intent.action.SENDTO"
I/PackageManager(  527):   Category: "android.intent.category.DEFAULT"
I/PackageManager(  527):   Scheme: "mms"
I/PackageManager(  527): Adding preferred activity ComponentInfo{com.android.mms/com.android.mms.ui.ComposeMessageActivity} for user 0 :
I/PackageManager(  527):   Action: "android.intent.action.SENDTO"
I/PackageManager(  527):   Category: "android.intent.category.DEFAULT"
I/PackageManager(  527):   Scheme: "mmsto"
I/PackageManager(  527): Adding preferred activity ComponentInfo{com.android.mms/com.android.mms.ui.ComposeMessageActivity} for user 0 :
I/Choreographer(  746): Skipped 65 frames!  The application may be doing too much work on its main thread.
D/android.widget.GridLayout(  746): horizontal constraints: x1-x0>=350, x2-x1>=390, x2-x0<=736 are inconsistent; permanently removing: x2-x0<=736. 
D/android.widget.GridLayout(  746): horizontal constraints: x1-x0>=350, x2-x1>=390, x2-x0<=736 are inconsistent; permanently removing: x2-x0<=736. 
D/android.widget.GridLayout(  746): horizontal constraints: x1-x0>=350, x2-x1>=390, x2-x0<=736 are inconsistent; permanently removing: x2-x0<=736. 
I/Icing.InternalIcingCorporaProvider( 1665): Updating corpora: A: com.google.android.gms, C: MAYBE
V/GelStubAppWatcher( 1665): onReceive: android.intent.action.PACKAGE_CHANGED
D/PackageBroadcastService( 1155): Received broadcast action=android.intent.action.PACKAGE_CHANGED and uri=com.google.android.gms
I/ActivityManager(  527): Delay finish: com.google.android.gms/.app.receiver.SystemBroadcastReceiver
I/PackageBroadcastService( 1155): Null package name or gms related package.  Ignoreing.
I/Icing   ( 1155): updateResources: need to parse f{com.google.android.gms}
I/ActivityManager(  527): Resuming delayed broadcast
D/dalvikvm(  746): GC_FOR_ALLOC freed 3404K, 29% free 10501K/14660K, paused 22ms, total 22ms
D/dalvikvm( 1155): GC_FOR_ALLOC freed 541K, 16% free 5300K/6284K, paused 18ms, total 21ms
I/Choreographer(  746): Skipped 30 frames!  The application may be doing too much work on its main thread.
D/android.widget.GridLayout(  746): horizontal constraints: x1-x0>=350, x2-x1>=390, x2-x0<=736 are inconsistent; permanently removing: x2-x0<=736. 
D/android.widget.GridLayout(  746): horizontal constraints: x1-x0>=350, x2-x1>=390, x2-x0<=736 are inconsistent; permanently removing: x2-x0<=736. 
D/android.widget.GridLayout(  746): horizontal constraints: x1-x0>=350, x2-x1>=390, x2-x0<=736 are inconsistent; permanently removing: x2-x0<=736. 
I/Icing   ( 1155): Indexing A0EEF8FE22D6906E7AB9FDFA9A418740738AACF0 from com.google.android.gms
I/Icing   ( 1155): Indexing done A0EEF8FE22D6906E7AB9FDFA9A418740738AACF0
I/Icing   ( 1155): Indexing F2A94E2222D368E86E6F715A98746A5D29A34739 from com.google.android.googlequicksearchbox
D/dalvikvm( 1155): GC_FOR_ALLOC freed 819K, 16% free 5303K/6284K, paused 17ms, total 17ms
I/Icing   ( 1155): Indexing done F2A94E2222D368E86E6F715A98746A5D29A34739
I/MediaFocusControl(  527):  AudioFocus  abandonAudioFocus() from android.media.AudioManager@527f37d4com.android.music.MediaPlaybackService$3@527f2ed4
I/ActivityManager(  527): Start proc com.android.musicfx for broadcast com.android.musicfx/.ControlPanelReceiver: pid=2582 uid=10010 gids={50010, 3003, 3002}
I/ActivityManager(  527): Killing 1039:com.android.music/u0a40 (adj 15): empty #17
W/MediaFocusControl(  527):   RemoteControlClient died
E/jdwp    ( 2582): Failed sending reply to debugger: Broken pipe
D/dalvikvm( 2582): Debugger has detached; object registry had 1 entries
V/MusicFXControlPanelReceiver( 2582): onReceive
V/MusicFXControlPanelReceiver( 2582): Action: android.media.action.CLOSE_AUDIO_EFFECT_CONTROL_SESSION
V/MusicFXControlPanelReceiver( 2582): Package name: com.android.music
V/MusicFXControlPanelReceiver( 2582): Audio session: 4
V/MusicFXControlPanelEffect( 2582): closeSession(android.app.ReceiverRestrictedContext@527f2fa4, com.android.music, 4)
I/ActivityManager(  527): Killing 1253:com.android.deskclock/u0a25 (adj 15): empty #17
D/dalvikvm(  527): GC_FOR_ALLOC freed 1461K, 18% free 8946K/10868K, paused 106ms, total 106ms
D/Finsky  ( 2115): [1] 5.onFinished: Installation state replication succeeded.
D/AndroidRuntime( 2601): 
D/AndroidRuntime( 2601): >>>>>> AndroidRuntime START com.android.internal.os.RuntimeInit <<<<<<
D/AndroidRuntime( 2601): CheckJNI is OFF
D/dalvikvm( 2601): Trying to load lib libjavacore.so 0x0
